Archive member included to satisfy reference by file (symbol)

C:/ST/STM32CubeIDE_1.19.0/STM32CubeIDE/plugins/com.st.stm32cube.ide.mcu.externaltools.gnu-tools-for-stm32.13.3.rel1.win32_1.0.0.202411081344/tools/bin/../lib/gcc/arm-none-eabi/13.3.1/../../../../arm-none-eabi/lib/thumb/v7e-m+fp/hard\libc_nano.a(libc_a-atoi.o)
                              ./Core/Src/sd_functions.o (atoi)
C:/ST/STM32CubeIDE_1.19.0/STM32CubeIDE/plugins/com.st.stm32cube.ide.mcu.externaltools.gnu-tools-for-stm32.13.3.rel1.win32_1.0.0.202411081344/tools/bin/../lib/gcc/arm-none-eabi/13.3.1/../../../../arm-none-eabi/lib/thumb/v7e-m+fp/hard\libc_nano.a(libc_a-exit.o)
                              C:/ST/STM32CubeIDE_1.19.0/STM32CubeIDE/plugins/com.st.stm32cube.ide.mcu.externaltools.gnu-tools-for-stm32.13.3.rel1.win32_1.0.0.202411081344/tools/bin/../lib/gcc/arm-none-eabi/13.3.1/../../../../arm-none-eabi/lib/thumb/v7e-m+fp/hard/crt0.o (exit)
C:/ST/STM32CubeIDE_1.19.0/STM32CubeIDE/plugins/com.st.stm32cube.ide.mcu.externaltools.gnu-tools-for-stm32.13.3.rel1.win32_1.0.0.202411081344/tools/bin/../lib/gcc/arm-none-eabi/13.3.1/../../../../arm-none-eabi/lib/thumb/v7e-m+fp/hard\libc_nano.a(libc_a-malloc.o)
                              ./Middlewares/Third_Party/FatFs/src/option/syscall.o (malloc)
C:/ST/STM32CubeIDE_1.19.0/STM32CubeIDE/plugins/com.st.stm32cube.ide.mcu.externaltools.gnu-tools-for-stm32.13.3.rel1.win32_1.0.0.202411081344/tools/bin/../lib/gcc/arm-none-eabi/13.3.1/../../../../arm-none-eabi/lib/thumb/v7e-m+fp/hard\libc_nano.a(libc_a-mallocr.o)
                              C:/ST/STM32CubeIDE_1.19.0/STM32CubeIDE/plugins/com.st.stm32cube.ide.mcu.externaltools.gnu-tools-for-stm32.13.3.rel1.win32_1.0.0.202411081344/tools/bin/../lib/gcc/arm-none-eabi/13.3.1/../../../../arm-none-eabi/lib/thumb/v7e-m+fp/hard\libc_nano.a(libc_a-malloc.o) (_malloc_r)
C:/ST/STM32CubeIDE_1.19.0/STM32CubeIDE/plugins/com.st.stm32cube.ide.mcu.externaltools.gnu-tools-for-stm32.13.3.rel1.win32_1.0.0.202411081344/tools/bin/../lib/gcc/arm-none-eabi/13.3.1/../../../../arm-none-eabi/lib/thumb/v7e-m+fp/hard\libc_nano.a(libc_a-mlock.o)
                              C:/ST/STM32CubeIDE_1.19.0/STM32CubeIDE/plugins/com.st.stm32cube.ide.mcu.externaltools.gnu-tools-for-stm32.13.3.rel1.win32_1.0.0.202411081344/tools/bin/../lib/gcc/arm-none-eabi/13.3.1/../../../../arm-none-eabi/lib/thumb/v7e-m+fp/hard\libc_nano.a(libc_a-mallocr.o) (__malloc_lock)
C:/ST/STM32CubeIDE_1.19.0/STM32CubeIDE/plugins/com.st.stm32cube.ide.mcu.externaltools.gnu-tools-for-stm32.13.3.rel1.win32_1.0.0.202411081344/tools/bin/../lib/gcc/arm-none-eabi/13.3.1/../../../../arm-none-eabi/lib/thumb/v7e-m+fp/hard\libc_nano.a(libc_a-strtol.o)
                              C:/ST/STM32CubeIDE_1.19.0/STM32CubeIDE/plugins/com.st.stm32cube.ide.mcu.externaltools.gnu-tools-for-stm32.13.3.rel1.win32_1.0.0.202411081344/tools/bin/../lib/gcc/arm-none-eabi/13.3.1/../../../../arm-none-eabi/lib/thumb/v7e-m+fp/hard\libc_nano.a(libc_a-atoi.o) (_strtol_r)
C:/ST/STM32CubeIDE_1.19.0/STM32CubeIDE/plugins/com.st.stm32cube.ide.mcu.externaltools.gnu-tools-for-stm32.13.3.rel1.win32_1.0.0.202411081344/tools/bin/../lib/gcc/arm-none-eabi/13.3.1/../../../../arm-none-eabi/lib/thumb/v7e-m+fp/hard\libc_nano.a(libc_a-ctype_.o)
                              C:/ST/STM32CubeIDE_1.19.0/STM32CubeIDE/plugins/com.st.stm32cube.ide.mcu.externaltools.gnu-tools-for-stm32.13.3.rel1.win32_1.0.0.202411081344/tools/bin/../lib/gcc/arm-none-eabi/13.3.1/../../../../arm-none-eabi/lib/thumb/v7e-m+fp/hard\libc_nano.a(libc_a-strtol.o) (_ctype_)
C:/ST/STM32CubeIDE_1.19.0/STM32CubeIDE/plugins/com.st.stm32cube.ide.mcu.externaltools.gnu-tools-for-stm32.13.3.rel1.win32_1.0.0.202411081344/tools/bin/../lib/gcc/arm-none-eabi/13.3.1/../../../../arm-none-eabi/lib/thumb/v7e-m+fp/hard\libc_nano.a(libc_a-findfp.o)
                              C:/ST/STM32CubeIDE_1.19.0/STM32CubeIDE/plugins/com.st.stm32cube.ide.mcu.externaltools.gnu-tools-for-stm32.13.3.rel1.win32_1.0.0.202411081344/tools/bin/../lib/gcc/arm-none-eabi/13.3.1/../../../../arm-none-eabi/lib/thumb/v7e-m+fp/hard\libc_nano.a(libc_a-exit.o) (__stdio_exit_handler)
C:/ST/STM32CubeIDE_1.19.0/STM32CubeIDE/plugins/com.st.stm32cube.ide.mcu.externaltools.gnu-tools-for-stm32.13.3.rel1.win32_1.0.0.202411081344/tools/bin/../lib/gcc/arm-none-eabi/13.3.1/../../../../arm-none-eabi/lib/thumb/v7e-m+fp/hard\libc_nano.a(libc_a-fwalk.o)
                              C:/ST/STM32CubeIDE_1.19.0/STM32CubeIDE/plugins/com.st.stm32cube.ide.mcu.externaltools.gnu-tools-for-stm32.13.3.rel1.win32_1.0.0.202411081344/tools/bin/../lib/gcc/arm-none-eabi/13.3.1/../../../../arm-none-eabi/lib/thumb/v7e-m+fp/hard\libc_nano.a(libc_a-findfp.o) (_fwalk_sglue)
C:/ST/STM32CubeIDE_1.19.0/STM32CubeIDE/plugins/com.st.stm32cube.ide.mcu.externaltools.gnu-tools-for-stm32.13.3.rel1.win32_1.0.0.202411081344/tools/bin/../lib/gcc/arm-none-eabi/13.3.1/../../../../arm-none-eabi/lib/thumb/v7e-m+fp/hard\libc_nano.a(libc_a-printf.o)
[...]
Memory Configuration

Name             Origin             Length             Attributes
RAM              0x20000000         0x00018000         xrw
RAM2             0x10000000         0x00008000         xrw
FLASH            0x08000000         0x00100000         xr
*default*        0x00000000         0xffffffff

Linker script and memory map

LOAD C:/ST/STM32CubeIDE_1.19.0/STM32CubeIDE/plugins/com.st.stm32cube.ide.mcu.externaltools.gnu-tools-for-stm32.13.3.rel1.win32_1.0.0.202411081344/tools/bin/../lib/gcc/arm-none-eabi/13.3.1/thumb/v7e-m+fp/hard/crti.o
LOAD C:/ST/STM32CubeIDE_1.19.0/STM32CubeIDE/plugins/com.st.stm32cube.ide.mcu.externaltools.gnu-tools-for-stm32.13.3.rel1.win32_1.0.0.202411081344/tools/bin/../lib/gcc/arm-none-eabi/13.3.1/thumb/v7e-m+fp/hard/crtbegin.o
LOAD C:/ST/STM32CubeIDE_1.19.0/STM32CubeIDE/plugins/com.st.stm32cube.ide.mcu.externaltools.gnu-tools-for-stm32.13.3.rel1.win32_1.0.0.202411081344/tools/bin/../lib/gcc/arm-none-eabi/13.3.1/../../../../arm-none-eabi/lib/thumb/v7e-m+fp/hard/crt0.o
LOAD ./Core/Src/main.o
LOAD ./Core/Src/sd_benchmark.o
LOAD ./Core/Src/sd_diskio_spi.o
LOAD ./Core/Src/sd_functions.o
LOAD ./Core/Src/sd_spi.o
LOAD ./Core/Src/stm32l4xx_hal_msp.o
LOAD ./Core/Src/stm32l4xx_it.o
LOAD ./Core/Src/syscalls.o
LOAD ./Core/Src/sysmem.o
LOAD ./Core/Src/system_stm32l4xx.o
LOAD ./Core/Startup/startup_stm32l476rgtx.o
LOAD ./Drivers/STM32L4xx_HAL_Driver/Src/stm32l4xx_hal.o
LOAD ./Drivers/STM32L4xx_HAL_Driver/Src/stm32l4xx_hal_cortex.o
LOAD ./Drivers/STM32L4xx_HAL_Driver/Src/stm32l4xx_hal_dma.o
LOAD ./Drivers/STM32L4xx_HAL_Driver/Src/stm32l4xx_hal_dma_ex.o
LOAD ./Drivers/STM32L4xx_HAL_Driver/Src/stm32l4xx_hal_exti.o
LOAD ./Drivers/STM32L4xx_HAL_Driver/Src/stm32l4xx_hal_flash.o
LOAD ./Drivers/STM32L4xx_HAL_Driver/Src/stm32l4xx_hal_flash_ex.o
LOAD ./Drivers/STM32L4xx_HAL_Driver/Src/stm32l4xx_hal_flash_ramfunc.o
LOAD ./Drivers/STM32L4xx_HAL_Driver/Src/stm32l4xx_hal_gpio.o
LOAD ./Drivers/STM32L4xx_HAL_Driver/Src/stm32l4xx_hal_i2c.o
LOAD ./Drivers/STM32L4xx_HAL_Driver/Src/stm32l4xx_hal_i2c_ex.o
LOAD ./Drivers/STM32L4xx_HAL_Driver/Src/stm32l4xx_hal_pwr.o
LOAD ./Drivers/STM32L4xx_HAL_Driver/Src/stm32l4xx_hal_pwr_ex.o
LOAD ./Drivers/STM32L4xx_HAL_Driver/Src/stm32l4xx_hal_rcc.o
LOAD ./Drivers/STM32L4xx_HAL_Driver/Src/stm32l4xx_hal_rcc_ex.o
LOAD ./Drivers/STM32L4xx_HAL_Driver/Src/stm32l4xx_hal_spi.o
LOAD ./Drivers/STM32L4xx_HAL_Driver/Src/stm32l4xx_hal_spi_ex.o
LOAD ./Drivers/STM32L4xx_HAL_Driver/Src/stm32l4xx_hal_tim.o
LOAD ./Drivers/STM32L4xx_HAL_Driver/Src/stm32l4xx_hal_tim_ex.o
LOAD ./Drivers/STM32L4xx_HAL_Driver/Src/stm32l4xx_hal_uart.o
LOAD ./Drivers/STM32L4xx_HAL_Driver/Src/stm32l4xx_hal_uart_ex.o
LOAD ./FATFS/App/fatfs.o
LOAD ./FATFS/Target/user_diskio.o
LOAD ./Middlewares/Third_Party/FatFs/src/diskio.o
LOAD ./Middlewares/Third_Party/FatFs/src/ff.o
LOAD ./Middlewares/Third_Party/FatFs/src/ff_gen_drv.o
LOAD ./Middlewares/Third_Party/FatFs/src/option/ccsbcs.o
LOAD ./Middlewares/Third_Party/FatFs/src/option/syscall.o
LOAD ./src/delay.o
LOAD ./src/flow_sensor.o
LOAD ./src/keypad.o
LOAD ./src/lcd.o
LOAD ./src/max31856.o
LOAD ./src/max6675.o
LOAD ./src/pwm.o
LOAD ./src/rotary_encoder.o
LOAD ./src/run.o
LOAD ./src/save.o
START GROUP
LOAD C:/ST/STM32CubeIDE_1.19.0/STM32CubeIDE/plugins/com.st.stm32cube.ide.mcu.externaltools.gnu-tools-for-stm32.13.3.rel1.win32_1.0.0.202411081344/tools/bin/../lib/gcc/arm-none-eabi/13.3.1/../../../../arm-none-eabi/lib/thumb/v7e-m+fp/hard\libc_nano.a
LOAD C:/ST/STM32CubeIDE_1.19.0/STM32CubeIDE/plugins/com.st.stm32cube.ide.mcu.externaltools.gnu-tools-for-stm32.13.3.rel1.win32_1.0.0.202411081344/tools/bin/../lib/gcc/arm-none-eabi/13.3.1/../../../../arm-none-eabi/lib/thumb/v7e-m+fp/hard\libm.a
END GROUP
START GROUP
LOAD C:/ST/STM32CubeIDE_1.19.0/STM32CubeIDE/plugins/com.st.stm32cube.ide.mcu.externaltools.gnu-tools-for-stm32.13.3.rel1.win32_1.0.0.202411081344/tools/bin/../lib/gcc/arm-none-eabi/13.3.1/thumb/v7e-m+fp/hard\libgcc.a
LOAD C:/ST/STM32CubeIDE_1.19.0/STM32CubeIDE/plugins/com.st.stm32cube.ide.mcu.externaltools.gnu-tools-for-stm32.13.3.rel1.win32_1.0.0.202411081344/tools/bin/../lib/gcc/arm-none-eabi/13.3.1/../../../../arm-none-eabi/lib/thumb/v7e-m+fp/hard\libc_nano.a
END GROUP
START GROUP
LOAD C:/ST/STM32CubeIDE_1.19.0/STM32CubeIDE/plugins/com.st.stm32cube.ide.mcu.externaltools.gnu-tools-for-stm32.13.3.rel1.win32_1.0.0.202411081344/tools/bin/../lib/gcc/arm-none-eabi/13.3.1/thumb/v7e-m+fp/hard\libgcc.a
LOAD C:/ST/STM32CubeIDE_1.19.0/STM32CubeIDE/plugins/com.st.stm32cube.ide.mcu.externaltools.gnu-tools-for-stm32.13.3.rel1.win32_1.0.0.202411081344/tools/bin/../lib/gcc/arm-none-eabi/13.3.1/../../../../arm-none-eabi/lib/thumb/v7e-m+fp/hard\libc_nano.a
LOAD C:/ST/STM32CubeIDE_1.19.0/STM32CubeIDE/plugins/com.st.stm32cube.ide.mcu.externaltools.gnu-tools-for-stm32.13.3.rel1.win32_1.0.0.202411081344/tools/bin/../lib/gcc/arm-none-eabi/13.3.1/../../../../arm-none-eabi/lib/thumb/v7e-m+fp/hard\libnosys.a
END GROUP
START GROUP
LOAD C:/ST/STM32CubeIDE_1.19.0/STM32CubeIDE/plugins/com.st.stm32cube.ide.mcu.externaltools.gnu-tools-for-stm32.13.3.rel1.win32_1.0.0.202411081344/tools/bin/../lib/gcc/arm-none-eabi/13.3.1/thumb/v7e-m+fp/hard\libgcc.a
LOAD C:/ST/STM32CubeIDE_1.19.0/STM32CubeIDE/plugins/com.st.stm32cube.ide.mcu.externaltools.gnu-tools-for-stm32.13.3.rel1.win32_1.0.0.202411081344/tools/bin/../lib/gcc/arm-none-eabi/13.3.1/../../../../arm-none-eabi/lib/thumb/v7e-m+fp/hard\libc_nano.a
LOAD C:/ST/STM32CubeIDE_1.19.0/STM32CubeIDE/plugins/com.st.stm32cube.ide.mcu.externaltools.gnu-tools-for-stm32.13.3.rel1.win32_1.0.0.202411081344/tools/bin/../lib/gcc/arm-none-eabi/13.3.1/../../../../arm-none-eabi/lib/thumb/v7e-m+fp/hard\libnosys.a
END GROUP
LOAD C:/ST/STM32CubeIDE_1.19.0/STM32CubeIDE/plugins/com.st.stm32cube.ide.mcu.externaltools.gnu-tools-for-stm32.13.3.rel1.win32_1.0.0.202411081344/tools/bin/../lib/gcc/arm-none-eabi/13.3.1/thumb/v7e-m+fp/hard/crtend.o
LOAD C:/ST/STM32CubeIDE_1.19.0/STM32CubeIDE/plugins/com.st.stm32cube.ide.mcu.externaltools.gnu-tools-for-stm32.13.3.rel1.win32_1.0.0.202411081344/tools/bin/../lib/gcc/arm-none-eabi/13.3.1/thumb/v7e-m+fp/hard/crtn.o
                0x20018000                        _estack = (ORIGIN (RAM) + LENGTH (RAM))
                0x00000200                        _Min_Heap_Size = 0x200
                0x00000400                        _Min_Stack_Size = 0x400

.isr_vector     0x08000000      0x188
                0x08000000                        . = ALIGN (0x4)
 *(.isr_vector)
 .isr_vector    0x08000000      0x188 ./Core/Startup/startup_stm32l476rgtx.o
                0x08000000                g_pfnVectors
                0x08000188                        . = ALIGN (0x4)

.text           0x08000190     0xba3c
                0x08000190                        . = ALIGN (0x4)
 *(.text)
 .text          0x08000190       0x40 C:/ST/STM32CubeIDE_1.19.0/STM32CubeIDE/plugins/com.st.stm32cube.ide.mcu.externaltools.gnu-tools-for-stm32.13.3.rel1.win32_1.0.0.202411081344/tools/bin/../lib/gcc/arm-none-eabi/13.3.1/thumb/v7e-m+fp/hard/crtbegin.o
 .text          0x080001d0       0xa0 C:/ST/STM32CubeIDE_1.19.0/STM32CubeIDE/plugins/com.st.stm32cube.ide.mcu.externaltools.gnu-tools-for-stm32.13.3.rel1.win32_1.0.0.202411081344/tools/bin/../lib/gcc/arm-none-eabi/13.3.1/../../../../arm-none-eabi/lib/thumb/v7e-m+fp/hard\libc_nano.a(libc_a-memchr.o)
                0x080001d0                memchr
 .text          0x08000270      0x378 C:/ST/STM32CubeIDE_1.19.0/STM32CubeIDE/plugins/com.st.stm32cube.ide.mcu.externaltools.gnu-tools-for-stm32.13.3.rel1.win32_1.0.0.202411081344/tools/bin/../lib/gcc/arm-none-eabi/13.3.1/thumb/v7e-m+fp/hard\libgcc.a(_arm_addsubdf3.o)
                0x08000270                __aeabi_drsub
                0x08000278                __aeabi_dsub
                0x08000278                __subdf3
                0x0800027c                __aeabi_dadd
                0x0800027c                __adddf3
                0x080004f4                __floatunsidf
                0x080004f4                __aeabi_ui2d
                0x08000514                __floatsidf
                0x08000514                __aeabi_i2d
                0x08000538                __aeabi_f2d
                0x08000538                __extendsfdf2
                0x0800057c                __floatundidf
                0x0800057c                __aeabi_ul2d
                0x0800058c                __floatdidf
                0x0800058c                __aeabi_l2d
 .text          0x080005e8      0x424 C:/ST/STM32CubeIDE_1.19.0/STM32CubeIDE/plugins/com.st.stm32cube.ide.mcu.externaltools.gnu-tools-for-stm32.13.3.rel1.win32_1.0.0.202411081344/tools/bin/../lib/gcc/arm-none-eabi/13.3.1/thumb/v7e-m+fp/hard\libgcc.a(_arm_muldivdf3.o)
                0x080005e8                __aeabi_dmul
                0x080005e8                __muldf3
                0x0800083c                __divdf3
                0x0800083c                __aeabi_ddiv
 .text          0x08000a0c      0x110 C:/ST/STM32CubeIDE_1.19.0/STM32CubeIDE/plugins/com.st.stm32cube.ide.mcu.externaltools.gnu-tools-for-stm32.13.3.rel1.win32_1.0.0.202411081344/tools/bin/../lib/gcc/arm-none-eabi/13.3.1/thumb/v7e-m+fp/hard\libgcc.a(_arm_cmpdf2.o)
                0x08000a0c                __gtdf2
                0x08000a0c                __gedf2
                0x08000a14                __ltdf2
                0x08000a14                __ledf2
                0x08000a1c                __nedf2
                0x08000a1c                __eqdf2
                0x08000a1c                __cmpdf2
                0x08000a98                __aeabi_cdrcmple
                0x08000aa8                __aeabi_cdcmpeq
                0x08000aa8                __aeabi_cdcmple
                0x08000ab8                __aeabi_dcmpeq
                0x08000acc                __aeabi_dcmplt
                0x08000ae0                __aeabi_dcmple
                0x08000af4                __aeabi_dcmpge
                0x08000b08                __aeabi_dcmpgt
 .text          0x08000b1c       0x2c C:/ST/STM32CubeIDE_1.19.0/STM32CubeIDE/plugins/com.st.stm32cube.ide.mcu.externaltools.gnu-tools-for-stm32.13.3.rel1.win32_1.0.0.202411081344/tools/bin/../lib/gcc/arm-none-eabi/13.3.1/thumb/v7e-m+fp/hard\libgcc.a(_arm_unorddf2.o)
                0x08000b1c                __unorddf2
                0x08000b1c                __aeabi_dcmpun
 .text          0x08000b48       0x50 C:/ST/STM32CubeIDE_1.19.0/STM32CubeIDE/plugins/com.st.stm32cube.ide.mcu.externaltools.gnu-tools-for-stm32.13.3.rel1.win32_1.0.0.202411081344/tools/bin/../lib/gcc/arm-none-eabi/13.3.1/thumb/v7e-m+fp/hard\libgcc.a(_arm_fixdfsi.o)
                0x08000b48                __aeabi_d2iz
                0x08000b48                __fixdfsi
 .text          0x08000b98       0xa0 C:/ST/STM32CubeIDE_1.19.0/STM32CubeIDE/plugins/com.st.stm32cube.ide.mcu.externaltools.gnu-tools-for-stm32.13.3.rel1.win32_1.0.0.202411081344/tools/bin/../lib/gcc/arm-none-eabi/13.3.1/thumb/v7e-m+fp/hard\libgcc.a(_arm_truncdfsf2.o)
                0x08000b98                __truncdfsf2
                0x08000b98                __aeabi_d2f
 .text          0x08000c38       0x30 C:/ST/STM32CubeIDE_1.19.0/STM32CubeIDE/plugins/com.st.stm32cube.ide.mcu.externaltools.gnu-tools-for-stm32.13.3.rel1.win32_1.0.0.202411081344/tools/bin/../lib/gcc/arm-none-eabi/13.3.1/thumb/v7e-m+fp/hard\libgcc.a(_aeabi_uldivmod.o)
                0x08000c38                __aeabi_uldivmod
 .text          0x08000c68      0x2f8 C:/ST/STM32CubeIDE_1.19.0/STM32CubeIDE/plugins/com.st.stm32cube.ide.mcu.externaltools.gnu-tools-for-stm32.13.3.rel1.win32_1.0.0.202411081344/tools/bin/../lib/gcc/arm-none-eabi/13.3.1/thumb/v7e-m+fp/hard\libgcc.a(_udivmoddi4.o)
                0x08000c68                __udivmoddi4
 .text          0x08000f60        0x4 C:/ST/STM32CubeIDE_1.19.0/STM32CubeIDE/plugins/com.st.stm32cube.ide.mcu.externaltools.gnu-tools-for-stm32.13.3.rel1.win32_1.0.0.202411081344/tools/bin/../lib/gcc/arm-none-eabi/13.3.1/thumb/v7e-m+fp/hard\libgcc.a(_dvmd_tls.o)
                0x08000f60                __aeabi_idiv0
                0x08000f60                __aeabi_ldiv0
 *(.text*)
 .text.getTimer3Instance
                0x08000f64       0x28 ./Core/Src/main.o
                0x08000f64                getTimer3Instance
 .text.HAL_GPIO_EXTI_Callback
                0x08000f8c       0x64 ./Core/Src/main.o
                0x08000f8c                HAL_GPIO_EXTI_Callback
 .text.HAL_TIM_IC_CaptureCallback
                0x08000ff0       0x48 ./Core/Src/main.o
                0x08000ff0                HAL_TIM_IC_CaptureCallback
 .text.HAL_TIM_PeriodElapsedCallback
                0x08001038       0x4c ./Core/Src/main.o
                0x08001038                HAL_TIM_PeriodElapsedCallback
 .text._write   0x08001084       0x38 ./Core/Src/main.o
                0x08001084                _write
 .text.main     0x080010bc       0x58 ./Core/Src/main.o
                0x080010bc                main
 .text.SystemClock_Config
                0x08001114       0xa4 ./Core/Src/main.o
                0x08001114                SystemClock_Config
 .text.MX_I2C1_Init
                0x080011b8       0x80 ./Core/Src/main.o
 .text.MX_SPI1_Init
                0x08001238       0x7c ./Core/Src/main.o
 .text.MX_SPI2_Init
                0x080012b4       0x7c ./Core/Src/main.o
 .text.MX_SPI3_Init
                0x08001330       0x7c ./Core/Src/main.o
 .text.MX_TIM1_Init
                0x080013ac       0xa8 ./Core/Src/main.o
 .text.MX_TIM2_Init
                0x08001454       0x9c ./Core/Src/main.o
 .text.MX_TIM3_Init
                0x080014f0       0xac ./Core/Src/main.o
 .text.MX_TIM8_Init
                0x0800159c      0x158 ./Core/Src/main.o
 .text.MX_USART2_UART_Init
                0x080016f4       0x60 ./Core/Src/main.o
 .text.MX_DMA_Init
                0x08001754       0x4c ./Core/Src/main.o
 .text.MX_GPIO_Init
                0x080017a0      0x290 ./Core/Src/main.o
 .text.Error_Handler
                0x08001a30        0xc ./Core/Src/main.o
                0x08001a30                Error_Handler
 .text.HAL_MspInit
                0x08001a3c       0x48 ./Core/Src/stm32l4xx_hal_msp.o
                0x08001a3c                HAL_MspInit
 .text.HAL_I2C_MspInit
                0x08001a84       0xbc ./Core/Src/stm32l4xx_hal_msp.o
                0x08001a84                HAL_I2C_MspInit
 .text.HAL_SPI_MspInit
                0x08001b40      0x204 ./Core/Src/stm32l4xx_hal_msp.o
                0x08001b40                HAL_SPI_MspInit
 .text.HAL_TIM_Base_MspInit
                0x08001d44       0xa8 ./Core/Src/stm32l4xx_hal_msp.o
                0x08001d44                HAL_TIM_Base_MspInit
 .text.HAL_TIM_Encoder_MspInit
                0x08001dec       0x98 ./Core/Src/stm32l4xx_hal_msp.o
                0x08001dec                HAL_TIM_Encoder_MspInit
 .text.HAL_TIM_MspPostInit
                0x08001e84       0xac ./Core/Src/stm32l4xx_hal_msp.o
                0x08001e84                HAL_TIM_MspPostInit
 .text.HAL_UART_MspInit
                0x08001f30       0xb8 ./Core/Src/stm32l4xx_hal_msp.o
                0x08001f30                HAL_UART_MspInit
 .text.NMI_Handler
                0x08001fe8        0x8 ./Core/Src/stm32l4xx_it.o
                0x08001fe8                NMI_Handler
 .text.HardFault_Handler
                0x08001ff0        0x8 ./Core/Src/stm32l4xx_it.o
                0x08001ff0                HardFault_Handler
 .text.MemManage_Handler
                0x08001ff8        0x8 ./Core/Src/stm32l4xx_it.o
                0x08001ff8                MemManage_Handler
 .text.BusFault_Handler
                0x08002000        0x8 ./Core/Src/stm32l4xx_it.o
                0x08002000                BusFault_Handler
 .text.UsageFault_Handler
                0x08002008        0x8 ./Core/Src/stm32l4xx_it.o
                0x08002008                UsageFault_Handler
 .text.SVC_Handler
                0x08002010        0xe ./Core/Src/stm32l4xx_it.o
                0x08002010                SVC_Handler
 .text.DebugMon_Handler
                0x0800201e        0xe ./Core/Src/stm32l4xx_it.o
                0x0800201e                DebugMon_Handler
 .text.PendSV_Handler
                0x0800202c        0xe ./Core/Src/stm32l4xx_it.o
                0x0800202c                PendSV_Handler
 .text.SysTick_Handler
                0x0800203a        0xc ./Core/Src/stm32l4xx_it.o
                0x0800203a                SysTick_Handler
 .text.EXTI3_IRQHandler
                0x08002046        0xe ./Core/Src/stm32l4xx_it.o
                0x08002046                EXTI3_IRQHandler
 .text.EXTI4_IRQHandler
                0x08002054        0xe ./Core/Src/stm32l4xx_it.o
                0x08002054                EXTI4_IRQHandler
 *fill*         0x08002062        0x2 
 .text.DMA1_Channel2_IRQHandler
                0x08002064       0x14 ./Core/Src/stm32l4xx_it.o
                0x08002064                DMA1_Channel2_IRQHandler
 .text.DMA1_Channel3_IRQHandler
                0x08002078       0x14 ./Core/Src/stm32l4xx_it.o
                0x08002078                DMA1_Channel3_IRQHandler
 .text.EXTI9_5_IRQHandler
                0x0800208c        0xe ./Core/Src/stm32l4xx_it.o
                0x0800208c                EXTI9_5_IRQHandler
 *fill*         0x0800209a        0x2 
 .text.TIM1_TRG_COM_TIM17_IRQHandler
                0x0800209c       0x14 ./Core/Src/stm32l4xx_it.o
                0x0800209c                TIM1_TRG_COM_TIM17_IRQHandler
 .text.TIM2_IRQHandler
                0x080020b0       0x14 ./Core/Src/stm32l4xx_it.o
                0x080020b0                TIM2_IRQHandler
 .text.TIM3_IRQHandler
                0x080020c4       0x14 ./Core/Src/stm32l4xx_it.o
                0x080020c4                TIM3_IRQHandler
 .text.EXTI15_10_IRQHandler
                0x080020d8       0x20 ./Core/Src/stm32l4xx_it.o
                0x080020d8                EXTI15_10_IRQHandler
 .text._read    0x080020f8       0x3a ./Core/Src/syscalls.o
                0x080020f8                _read
 .text._close   0x08002132       0x18 ./Core/Src/syscalls.o
                0x08002132                _close
 .text._fstat   0x0800214a       0x20 ./Core/Src/syscalls.o
                0x0800214a                _fstat
 .text._isatty  0x0800216a       0x16 ./Core/Src/syscalls.o
                0x0800216a                _isatty
 .text._lseek   0x08002180       0x1a ./Core/Src/syscalls.o
                0x08002180                _lseek
 *fill*         0x0800219a        0x2 
 .text._sbrk    0x0800219c       0x6c ./Core/Src/sysmem.o
                0x0800219c                _sbrk
 .text.SystemInit
                0x08002208       0x24 ./Core/Src/system_stm32l4xx.o
                0x08002208                SystemInit
 .text.Reset_Handler
                0x0800222c       0x50 ./Core/Startup/startup_stm32l476rgtx.o
                0x0800222c                Reset_Handler
 .text.Default_Handler
                0x0800227c        0x2 ./Core/Startup/startup_stm32l476rgtx.o
                0x0800227c                RTC_Alarm_IRQHandler
                0x0800227c                EXTI2_IRQHandler
                0x0800227c                TIM8_TRG_COM_IRQHandler
                0x0800227c                TIM8_CC_IRQHandler
                0x0800227c                TIM1_CC_IRQHandler
                0x0800227c                TSC_IRQHandler
                0x0800227c                TAMP_STAMP_IRQHandler
                0x0800227c                LPTIM2_IRQHandler
                0x0800227c                DFSDM1_FLT1_IRQHandler
                0x0800227c                I2C3_ER_IRQHandler
                0x0800227c                DFSDM1_FLT2_IRQHandler
                0x0800227c                EXTI0_IRQHandler
                0x0800227c                I2C2_EV_IRQHandler
                0x0800227c                CAN1_RX0_IRQHandler
                0x0800227c                FPU_IRQHandler
                0x0800227c                TIM1_UP_TIM16_IRQHandler
                0x0800227c                ADC1_2_IRQHandler
                0x0800227c                SPI1_IRQHandler
                0x0800227c                TIM6_DAC_IRQHandler
                0x0800227c                TIM8_UP_IRQHandler
                0x0800227c                DMA2_Channel2_IRQHandler
                0x0800227c                DMA1_Channel4_IRQHandler
                0x0800227c                SAI2_IRQHandler
                0x0800227c                DFSDM1_FLT3_IRQHandler
                0x0800227c                USART3_IRQHandler
                0x0800227c                DMA1_Channel7_IRQHandler
                0x0800227c                CAN1_RX1_IRQHandler
                0x0800227c                LCD_IRQHandler
                0x0800227c                UART5_IRQHandler
                0x0800227c                ADC3_IRQHandler
                0x0800227c                TIM4_IRQHandler
                0x0800227c                DMA2_Channel1_IRQHandler
                0x0800227c                QUADSPI_IRQHandler
                0x0800227c                I2C1_EV_IRQHandler
                0x0800227c                DMA1_Channel6_IRQHandler
                0x0800227c                UART4_IRQHandler
                0x0800227c                DMA2_Channel4_IRQHandler
                0x0800227c                RCC_IRQHandler
                0x0800227c                DMA1_Channel1_IRQHandler
                0x0800227c                Default_Handler
                0x0800227c                DMA2_Channel7_IRQHandler
                0x0800227c                TIM7_IRQHandler
                0x0800227c                SDMMC1_IRQHandler
                0x0800227c                TIM5_IRQHandler
                0x0800227c                I2C3_EV_IRQHandler
                0x0800227c                RTC_WKUP_IRQHandler
                0x0800227c                PVD_PVM_IRQHandler
                0x0800227c                SPI2_IRQHandler
                0x0800227c                CAN1_TX_IRQHandler
                0x0800227c                DMA2_Channel5_IRQHandler
                0x0800227c                DMA1_Channel5_IRQHandler
                0x0800227c                RNG_IRQHandler
                0x0800227c                COMP_IRQHandler
                0x0800227c                WWDG_IRQHandler
                0x0800227c                LPUART1_IRQHandler
                0x0800227c                DMA2_Channel6_IRQHandler
                0x0800227c                EXTI1_IRQHandler
                0x0800227c                USART2_IRQHandler
                0x0800227c                DFSDM1_FLT0_IRQHandler
                0x0800227c                I2C2_ER_IRQHandler
                0x0800227c                TIM8_BRK_IRQHandler
                0x0800227c                CAN1_SCE_IRQHandler
                0x0800227c                FLASH_IRQHandler
                0x0800227c                USART1_IRQHandler
                0x0800227c                OTG_FS_IRQHandler
                0x0800227c                SPI3_IRQHandler
                0x0800227c                I2C1_ER_IRQHandler
                0x0800227c                FMC_IRQHandler
                0x0800227c                SWPMI1_IRQHandler
                0x0800227c                LPTIM1_IRQHandler
                0x0800227c                SAI1_IRQHandler
                0x0800227c                DMA2_Channel3_IRQHandler
                0x0800227c                TIM1_BRK_TIM15_IRQHandler
 *fill*         0x0800227e        0x2 
 .text.HAL_Init
                0x08002280       0x40 ./Drivers/STM32L4xx_HAL_Driver/Src/stm32l4xx_hal.o
                0x08002280                HAL_Init
 .text.HAL_InitTick
                0x080022c0       0x78 ./Drivers/STM32L4xx_HAL_Driver/Src/stm32l4xx_hal.o
                0x080022c0                HAL_InitTick
 .text.HAL_IncTick
                0x08002338       0x28 ./Drivers/STM32L4xx_HAL_Driver/Src/stm32l4xx_hal.o
                0x08002338                HAL_IncTick
 .text.HAL_GetTick
                0x08002360       0x18 ./Drivers/STM32L4xx_HAL_Driver/Src/stm32l4xx_hal.o
                0x08002360                HAL_GetTick
 .text.HAL_Delay
                0x08002378       0x48 ./Drivers/STM32L4xx_HAL_Driver/Src/stm32l4xx_hal.o
                0x08002378                HAL_Delay
 .text.__NVIC_SetPriorityGrouping
                0x080023c0       0x48 ./Drivers/STM32L4xx_HAL_Driver/Src/stm32l4xx_hal_cortex.o
 .text.__NVIC_GetPriorityGrouping
                0x08002408       0x1c ./Drivers/STM32L4xx_HAL_Driver/Src/stm32l4xx_hal_cortex.o
 .text.__NVIC_EnableIRQ
                0x08002424       0x3c ./Drivers/STM32L4xx_HAL_Driver/Src/stm32l4xx_hal_cortex.o
 .text.__NVIC_SetPriority
                0x08002460       0x54 ./Drivers/STM32L4xx_HAL_Driver/Src/stm32l4xx_hal_cortex.o
 .text.NVIC_EncodePriority
                0x080024b4       0x66 ./Drivers/STM32L4xx_HAL_Driver/Src/stm32l4xx_hal_cortex.o
 *fill*         0x0800251a        0x2 
 .text.SysTick_Config
                0x0800251c       0x44 ./Drivers/STM32L4xx_HAL_Driver/Src/stm32l4xx_hal_cortex.o
 .text.HAL_NVIC_SetPriorityGrouping
                0x08002560       0x16 ./Drivers/STM32L4xx_HAL_Driver/Src/stm32l4xx_hal_cortex.o
                0x08002560                HAL_NVIC_SetPriorityGrouping
 .text.HAL_NVIC_SetPriority
                0x08002576       0x38 ./Drivers/STM32L4xx_HAL_Driver/Src/stm32l4xx_hal_cortex.o
                0x08002576                HAL_NVIC_SetPriority
 .text.HAL_NVIC_EnableIRQ
                0x080025ae       0x1c ./Drivers/STM32L4xx_HAL_Driver/Src/stm32l4xx_hal_cortex.o
                0x080025ae                HAL_NVIC_EnableIRQ
 .text.HAL_SYSTICK_Config
                0x080025ca       0x18 ./Drivers/STM32L4xx_HAL_Driver/Src/stm32l4xx_hal_cortex.o
                0x080025ca                HAL_SYSTICK_Config
 *fill*         0x080025e2        0x2 
 .text.HAL_DMA_Init
                0x080025e4      0x170 ./Drivers/STM32L4xx_HAL_Driver/Src/stm32l4xx_hal_dma.o
                0x080025e4                HAL_DMA_Init
 .text.HAL_DMA_IRQHandler
                0x08002754      0x15e ./Drivers/STM32L4xx_HAL_Driver/Src/stm32l4xx_hal_dma.o
                0x08002754                HAL_DMA_IRQHandler
 *fill*         0x080028b2        0x2 
 .text.HAL_GPIO_Init
                0x080028b4      0x354 ./Drivers/STM32L4xx_HAL_Driver/Src/stm32l4xx_hal_gpio.o
                0x080028b4                HAL_GPIO_Init
 .text.HAL_GPIO_ReadPin
                0x08002c08       0x30 ./Drivers/STM32L4xx_HAL_Driver/Src/stm32l4xx_hal_gpio.o
                0x08002c08                HAL_GPIO_ReadPin
 .text.HAL_GPIO_WritePin
                0x08002c38       0x30 ./Drivers/STM32L4xx_HAL_Driver/Src/stm32l4xx_hal_gpio.o
                0x08002c38                HAL_GPIO_WritePin
 .text.HAL_GPIO_EXTI_IRQHandler
                0x08002c68       0x30 ./Drivers/STM32L4xx_HAL_Driver/Src/stm32l4xx_hal_gpio.o
                0x08002c68                HAL_GPIO_EXTI_IRQHandler
 .text.HAL_I2C_Init
                0x08002c98      0x136 ./Drivers/STM32L4xx_HAL_Driver/Src/stm32l4xx_hal_i2c.o
                0x08002c98                HAL_I2C_Init
 .text.HAL_I2CEx_ConfigAnalogFilter
                0x08002dce       0x96 ./Drivers/STM32L4xx_HAL_Driver/Src/stm32l4xx_hal_i2c_ex.o
                0x08002dce                HAL_I2CEx_ConfigAnalogFilter
 .text.HAL_I2CEx_ConfigDigitalFilter
                0x08002e64       0x98 ./Drivers/STM32L4xx_HAL_Driver/Src/stm32l4xx_hal_i2c_ex.o
                0x08002e64                HAL_I2CEx_ConfigDigitalFilter
 .text.HAL_PWREx_GetVoltageRange
                0x08002efc       0x1c ./Drivers/STM32L4xx_HAL_Driver/Src/stm32l4xx_hal_pwr_ex.o
                0x08002efc                HAL_PWREx_GetVoltageRange
 .text.HAL_PWREx_ControlVoltageScaling
                0x08002f18       0xac ./Drivers/STM32L4xx_HAL_Driver/Src/stm32l4xx_hal_pwr_ex.o
                0x08002f18                HAL_PWREx_ControlVoltageScaling
 .text.HAL_RCC_OscConfig
                0x08002fc4      0x7b8 ./Drivers/STM32L4xx_HAL_Driver/Src/stm32l4xx_hal_rcc.o
                0x08002fc4                HAL_RCC_OscConfig
 .text.HAL_RCC_ClockConfig
                0x0800377c      0x200 ./Drivers/STM32L4xx_HAL_Driver/Src/stm32l4xx_hal_rcc.o
                0x0800377c                HAL_RCC_ClockConfig
 .text.HAL_RCC_GetSysClockFreq
                0x0800397c      0x118 ./Drivers/STM32L4xx_HAL_Driver/Src/stm32l4xx_hal_rcc.o
                0x0800397c                HAL_RCC_GetSysClockFreq
 .text.HAL_RCC_GetHCLKFreq
                0x08003a94       0x18 ./Drivers/STM32L4xx_HAL_Driver/Src/stm32l4xx_hal_rcc.o
                0x08003a94                HAL_RCC_GetHCLKFreq
 .text.HAL_RCC_GetPCLK1Freq
                0x08003aac       0x2c ./Drivers/STM32L4xx_HAL_Driver/Src/stm32l4xx_hal_rcc.o
                0x08003aac                HAL_RCC_GetPCLK1Freq
 .text.HAL_RCC_GetPCLK2Freq
                0x08003ad8       0x2c ./Drivers/STM32L4xx_HAL_Driver/Src/stm32l4xx_hal_rcc.o
                0x08003ad8                HAL_RCC_GetPCLK2Freq
 .text.RCC_SetFlashLatencyFromMSIRange
                0x08003b04       0xc0 ./Drivers/STM32L4xx_HAL_Driver/Src/stm32l4xx_hal_rcc.o
 .text.HAL_RCCEx_PeriphCLKConfig
                0x08003bc4      0x5d4 ./Drivers/STM32L4xx_HAL_Driver/Src/stm32l4xx_hal_rcc_ex.o
                0x08003bc4                HAL_RCCEx_PeriphCLKConfig
 .text.RCCEx_PLLSAI1_Config
                0x08004198      0x1e8 ./Drivers/STM32L4xx_HAL_Driver/Src/stm32l4xx_hal_rcc_ex.o
 .text.RCCEx_PLLSAI2_Config
                0x08004380      0x1bc ./Drivers/STM32L4xx_HAL_Driver/Src/stm32l4xx_hal_rcc_ex.o
 .text.HAL_SPI_Init
                0x0800453c      0x146 ./Drivers/STM32L4xx_HAL_Driver/Src/stm32l4xx_hal_spi.o
                0x0800453c                HAL_SPI_Init
 .text.HAL_SPI_Transmit
                0x08004682      0x2ec ./Drivers/STM32L4xx_HAL_Driver/Src/stm32l4xx_hal_spi.o
                0x08004682                HAL_SPI_Transmit
 .text.HAL_SPI_Receive
                0x0800496e      0x270 ./Drivers/STM32L4xx_HAL_Driver/Src/stm32l4xx_hal_spi.o
                0x0800496e                HAL_SPI_Receive
 .text.HAL_SPI_TransmitReceive
                0x08004bde      0x43e ./Drivers/STM32L4xx_HAL_Driver/Src/stm32l4xx_hal_spi.o
                0x08004bde                HAL_SPI_TransmitReceive
 .text.SPI_WaitFlagStateUntilTimeout
                0x0800501c      0x110 ./Drivers/STM32L4xx_HAL_Driver/Src/stm32l4xx_hal_spi.o
 .text.SPI_WaitFifoStateUntilTimeout
                0x0800512c      0x12c ./Drivers/STM32L4xx_HAL_Driver/Src/stm32l4xx_hal_spi.o
 .text.SPI_EndRxTransaction
                0x08005258       0xb0 ./Drivers/STM32L4xx_HAL_Driver/Src/stm32l4xx_hal_spi.o
 .text.SPI_EndRxTxTransaction
                0x08005308       0x8c ./Drivers/STM32L4xx_HAL_Driver/Src/stm32l4xx_hal_spi.o
 .text.HAL_TIM_Base_Init
                0x08005394       0xae ./Drivers/STM32L4xx_HAL_Driver/Src/stm32l4xx_hal_tim.o
                0x08005394                HAL_TIM_Base_Init
 *fill*         0x08005442        0x2 
 .text.HAL_TIM_Base_Start_IT
                0x08005444       0xe0 ./Drivers/STM32L4xx_HAL_Driver/Src/stm32l4xx_hal_tim.o
                0x08005444                HAL_TIM_Base_Start_IT
 .text.HAL_TIM_PWM_Init
                0x08005524       0xae ./Drivers/STM32L4xx_HAL_Driver/Src/stm32l4xx_hal_tim.o
                0x08005524                HAL_TIM_PWM_Init
 .text.HAL_TIM_PWM_MspInit
                0x080055d2       0x14 ./Drivers/STM32L4xx_HAL_Driver/Src/stm32l4xx_hal_tim.o
                0x080055d2                HAL_TIM_PWM_MspInit
 *fill*         0x080055e6        0x2 
 .text.HAL_TIM_PWM_Start
                0x080055e8      0x20c ./Drivers/STM32L4xx_HAL_Driver/Src/stm32l4xx_hal_tim.o
                0x080055e8                HAL_TIM_PWM_Start
 .text.HAL_TIM_Encoder_Init
                0x080057f4      0x14c ./Drivers/STM32L4xx_HAL_Driver/Src/stm32l4xx_hal_tim.o
                0x080057f4                HAL_TIM_Encoder_Init
 .text.HAL_TIM_Encoder_Start_IT
                0x08005940      0x15c ./Drivers/STM32L4xx_HAL_Driver/Src/stm32l4xx_hal_tim.o
                0x08005940                HAL_TIM_Encoder_Start_IT
 .text.HAL_TIM_IRQHandler
                0x08005a9c      0x20e ./Drivers/STM32L4xx_HAL_Driver/Src/stm32l4xx_hal_tim.o
                0x08005a9c                HAL_TIM_IRQHandler
 *fill*         0x08005caa        0x2 
 .text.HAL_TIM_PWM_ConfigChannel
                0x08005cac      0x228 ./Drivers/STM32L4xx_HAL_Driver/Src/stm32l4xx_hal_tim.o
                0x08005cac                HAL_TIM_PWM_ConfigChannel
 .text.HAL_TIM_ConfigClockSource
                0x08005ed4      0x192 ./Drivers/STM32L4xx_HAL_Driver/Src/stm32l4xx_hal_tim.o
                0x08005ed4                HAL_TIM_ConfigClockSource
 .text.HAL_TIM_OC_DelayElapsedCallback
                0x08006066       0x14 ./Drivers/STM32L4xx_HAL_Driver/Src/stm32l4xx_hal_tim.o
                0x08006066                HAL_TIM_OC_DelayElapsedCallback
 .text.HAL_TIM_PWM_PulseFinishedCallback
                0x0800607a       0x14 ./Drivers/STM32L4xx_HAL_Driver/Src/stm32l4xx_hal_tim.o
                0x0800607a                HAL_TIM_PWM_PulseFinishedCallback
 .text.HAL_TIM_TriggerCallback
                0x0800608e       0x14 ./Drivers/STM32L4xx_HAL_Driver/Src/stm32l4xx_hal_tim.o
                0x0800608e                HAL_TIM_TriggerCallback
 *fill*         0x080060a2        0x2 
 .text.TIM_Base_SetConfig
                0x080060a4      0x14c ./Drivers/STM32L4xx_HAL_Driver/Src/stm32l4xx_hal_tim.o
                0x080060a4                TIM_Base_SetConfig
 .text.TIM_OC1_SetConfig
                0x080061f0      0x120 ./Drivers/STM32L4xx_HAL_Driver/Src/stm32l4xx_hal_tim.o
 .text.TIM_OC2_SetConfig
                0x08006310      0x114 ./Drivers/STM32L4xx_HAL_Driver/Src/stm32l4xx_hal_tim.o
                0x08006310                TIM_OC2_SetConfig
 .text.TIM_OC3_SetConfig
                0x08006424      0x110 ./Drivers/STM32L4xx_HAL_Driver/Src/stm32l4xx_hal_tim.o
 .text.TIM_OC4_SetConfig
                0x08006534       0xd4 ./Drivers/STM32L4xx_HAL_Driver/Src/stm32l4xx_hal_tim.o
 .text.TIM_OC5_SetConfig
                0x08006608       0xc8 ./Drivers/STM32L4xx_HAL_Driver/Src/stm32l4xx_hal_tim.o
 .text.TIM_OC6_SetConfig
                0x080066d0       0xcc ./Drivers/STM32L4xx_HAL_Driver/Src/stm32l4xx_hal_tim.o
 .text.TIM_TI1_ConfigInputStage
                0x0800679c       0x5e ./Drivers/STM32L4xx_HAL_Driver/Src/stm32l4xx_hal_tim.o
 .text.TIM_TI2_ConfigInputStage
                0x080067fa       0x60 ./Drivers/STM32L4xx_HAL_Driver/Src/stm32l4xx_hal_tim.o
 .text.TIM_ITRx_SetConfig
                0x0800685a       0x36 ./Drivers/STM32L4xx_HAL_Driver/Src/stm32l4xx_hal_tim.o
 .text.TIM_ETR_SetConfig
                0x08006890       0x40 ./Drivers/STM32L4xx_HAL_Driver/Src/stm32l4xx_hal_tim.o
                0x08006890                TIM_ETR_SetConfig
 .text.TIM_CCxChannelCmd
                0x080068d0       0x4a ./Drivers/STM32L4xx_HAL_Driver/Src/stm32l4xx_hal_tim.o
                0x080068d0                TIM_CCxChannelCmd
 *fill*         0x0800691a        0x2 
 .text.HAL_TIMEx_PWMN_Start
                0x0800691c      0x174 ./Drivers/STM32L4xx_HAL_Driver/Src/stm32l4xx_hal_tim_ex.o
                0x0800691c                HAL_TIMEx_PWMN_Start
 .text.HAL_TIMEx_MasterConfigSynchronization
                0x08006a90      0x110 ./Drivers/STM32L4xx_HAL_Driver/Src/stm32l4xx_hal_tim_ex.o
                0x08006a90                HAL_TIMEx_MasterConfigSynchronization
 .text.HAL_TIMEx_ConfigBreakDeadTime
                0x08006ba0       0xfc ./Drivers/STM32L4xx_HAL_Driver/Src/stm32l4xx_hal_tim_ex.o
                0x08006ba0                HAL_TIMEx_ConfigBreakDeadTime
 .text.HAL_TIMEx_CommutCallback
                0x08006c9c       0x14 ./Drivers/STM32L4xx_HAL_Driver/Src/stm32l4xx_hal_tim_ex.o
                0x08006c9c                HAL_TIMEx_CommutCallback
 .text.HAL_TIMEx_BreakCallback
                0x08006cb0       0x14 ./Drivers/STM32L4xx_HAL_Driver/Src/stm32l4xx_hal_tim_ex.o
                0x08006cb0                HAL_TIMEx_BreakCallback
 .text.HAL_TIMEx_Break2Callback
                0x08006cc4       0x14 ./Drivers/STM32L4xx_HAL_Driver/Src/stm32l4xx_hal_tim_ex.o
                0x08006cc4                HAL_TIMEx_Break2Callback
 .text.TIM_CCxNChannelCmd
                0x08006cd8       0x4a ./Drivers/STM32L4xx_HAL_Driver/Src/stm32l4xx_hal_tim_ex.o
 .text.HAL_UART_Init
                0x08006d22       0x9c ./Drivers/STM32L4xx_HAL_Driver/Src/stm32l4xx_hal_uart.o
                0x08006d22                HAL_UART_Init
 .text.HAL_UART_Transmit
                0x08006dbe      0x112 ./Drivers/STM32L4xx_HAL_Driver/Src/stm32l4xx_hal_uart.o
                0x08006dbe                HAL_UART_Transmit
 .text.UART_SetConfig
                0x08006ed0      0x570 ./Drivers/STM32L4xx_HAL_Driver/Src/stm32l4xx_hal_uart.o
                0x08006ed0                UART_SetConfig
 .text.UART_AdvFeatureConfig
                0x08007440      0x144 ./Drivers/STM32L4xx_HAL_Driver/Src/stm32l4xx_hal_uart.o
                0x08007440                UART_AdvFeatureConfig
 .text.UART_CheckIdleState
                0x08007584      0x150 ./Drivers/STM32L4xx_HAL_Driver/Src/stm32l4xx_hal_uart.o
                0x08007584                UART_CheckIdleState
 .text.UART_WaitOnFlagUntilTimeout
                0x080076d4       0xda ./Drivers/STM32L4xx_HAL_Driver/Src/stm32l4xx_hal_uart.o
                0x080076d4                UART_WaitOnFlagUntilTimeout
 .text.UART_EndRxTransfer
                0x080077ae       0xc8 ./Drivers/STM32L4xx_HAL_Driver/Src/stm32l4xx_hal_uart.o
 *fill*         0x08007876        0x2 
 .text.getDelayScale
                0x08007878       0xe8 ./src/delay.o
                0x08007878                getDelayScale
 .text.timeoutCallback
                0x08007960       0x10 ./src/delay.o
                0x08007960                timeoutCallback
 .text.Delay_TIM_2_Callback
                0x08007970       0xc4 ./src/delay.o
                0x08007970                Delay_TIM_2_Callback
 .text.runInterval
                0x08007a34       0x20 ./src/delay.o
                0x08007a34                runInterval
 .text.runTimeout
                0x08007a54       0x24 ./src/delay.o
                0x08007a54                runTimeout
 .text.runIntervalUntil
                0x08007a78       0x22 ./src/delay.o
                0x08007a78                runIntervalUntil
 .text.runIntervalUntilAux
                0x08007a9a       0x24 ./src/delay.o
                0x08007a9a                runIntervalUntilAux
 .text.getNullRun
                0x08007abe       0x3c ./src/delay.o
                0x08007abe                getNullRun
 *fill*         0x08007afa        0x2 
 .text.removeRunFromList
                0x08007afc       0xd0 ./src/delay.o
                0x08007afc                removeRunFromList
 .text.queueRun
                0x08007bcc       0x9c ./src/delay.o
                0x08007bcc                queueRun
 .text.onFlowPulse
                0x08007c68       0x1c ./src/flow_sensor.o
                0x08007c68                onFlowPulse
 .text.setRowMode
                0x08007c84       0xd4 ./src/keypad.o
                0x08007c84                setRowMode
 .text.setColPin
                0x08007d58       0x9c ./src/keypad.o
                0x08007d58                setColPin
 .text.readRowPin
                0x08007df4       0x6c ./src/keypad.o
                0x08007df4                readRowPin
 .text.charToKeyNumber
                0x08007e60       0x68 ./src/keypad.o
                0x08007e60                charToKeyNumber
 .text.initKeypad
                0x08007ec8       0x60 ./src/keypad.o
                0x08007ec8                initKeypad
 .text.checkCallback
                0x08007f28      0x16c ./src/keypad.o
                0x08007f28                checkCallback
 .text.scanCols
                0x08008094       0x40 ./src/keypad.o
                0x08008094                scanCols
 .text.rowEvent
                0x080080d4       0x28 ./src/keypad.o
                0x080080d4                rowEvent
 .text.subscribeKeyStateChange
                0x080080fc       0x3c ./src/keypad.o
                0x080080fc                subscribeKeyStateChange
 .text.runEvents
                0x08008138       0xac ./src/keypad.o
                0x08008138                runEvents
 .text.LenStr   0x080081e4       0x2e ./src/lcd.o
                0x080081e4                LenStr
 .text.QueueNextIndex
                0x08008212       0x2a ./src/lcd.o
                0x08008212                QueueNextIndex
 .text.LCD_TIM_2_Callback
                0x0800823c      0x144 ./src/lcd.o
                0x0800823c                LCD_TIM_2_Callback
 .text.OveriteCurrentByte
                0x08008380       0x54 ./src/lcd.o
                0x08008380                OveriteCurrentByte
 .text.forceWriteByte
                0x080083d4       0x50 ./src/lcd.o
                0x080083d4                forceWriteByte
 .text.LCD_WriteNibbleDirect
                0x08008424       0xe4 ./src/lcd.o
                0x08008424                LCD_WriteNibbleDirect
 .text.LCD_WriteByteDirect
                0x08008508      0x1b8 ./src/lcd.o
                0x08008508                LCD_WriteByteDirect
 .text.queue_length
                0x080086c0       0x3c ./src/lcd.o
 .text.queue_left
                0x080086fc       0x12 ./src/lcd.o
 *fill*         0x0800870e        0x2 
 .text.queue_empty
                0x08008710       0x28 ./src/lcd.o
 .text.queue_full
                0x08008738       0x30 ./src/lcd.o
 .text.queue_full_or_emptying
                0x08008768       0x24 ./src/lcd.o
 .text.queueByte
                0x0800878c       0x84 ./src/lcd.o
                0x0800878c                queueByte
 .text.LCD_WriteData
                0x08008810       0x24 ./src/lcd.o
                0x08008810                LCD_WriteData
 .text.LCD_WriteCommand
                0x08008834       0x2a ./src/lcd.o
                0x08008834                LCD_WriteCommand
 .text.Write_String_LCD
                0x0800885e       0x66 ./src/lcd.o
                0x0800885e                Write_String_LCD
 .text.lcd_init
                0x080088c4      0x104 ./src/lcd.o
                0x080088c4                lcd_init
 .text.CacheChar
                0x080089c8       0x4c ./src/lcd.o
                0x080089c8                CacheChar
 .text.Clear_Cache
                0x08008a14       0x40 ./src/lcd.o
                0x08008a14                Clear_Cache
 .text.CacheCursor
                0x08008a54       0x64 ./src/lcd.o
                0x08008a54                CacheCursor
 .text.Clear_Display
                0x08008ab8       0x18 ./src/lcd.o
                0x08008ab8                Clear_Display
 .text.CursorPositionToCode
                0x08008ad0       0x3c ./src/lcd.o
                0x08008ad0                CursorPositionToCode
 .text.Set_CursorPosition
                0x08008b0c       0x3a ./src/lcd.o
                0x08008b0c                Set_CursorPosition
 .text.Write_String_Sector_LCD
                0x08008b46       0x3c ./src/lcd.o
                0x08008b46                Write_String_Sector_LCD
 .text.DisplayNumberBase
                0x08008b82      0x10e ./src/lcd.o
                0x08008b82                DisplayNumberBase
 .text.DisplayNumber
                0x08008c90       0x3c ./src/lcd.o
                0x08008c90                DisplayNumber
 *fill*         0x08008ccc        0x4 
 .text.DisplayDecimal
                0x08008cd0      0x1dc ./src/lcd.o
                0x08008cd0                DisplayDecimal
 .text.max31856_init
                0x08008eac       0x46 ./src/max31856.o
                0x08008eac                max31856_init
 .text.max31856_set_conversion_mode
                0x08008ef2       0x46 ./src/max31856.o
                0x08008ef2                max31856_set_conversion_mode
 .text.max31856_set_noise_filter
                0x08008f38       0x46 ./src/max31856.o
                0x08008f38                max31856_set_noise_filter
 .text.max31856_set_cold_junction_enable
                0x08008f7e       0x46 ./src/max31856.o
                0x08008f7e                max31856_set_cold_junction_enable
 .text.max31856_set_thermocouple_type
                0x08008fc4       0x46 ./src/max31856.o
                0x08008fc4                max31856_set_thermocouple_type
 .text.max31856_set_average_samples
                0x0800900a       0x46 ./src/max31856.o
                0x0800900a                max31856_set_average_samples
 .text.max31856_read_TC_temp
                0x08009050       0x7e ./src/max31856.o
                0x08009050                max31856_read_TC_temp
 .text.max31856_set_open_circuit_fault_detection
                0x080090ce       0x46 ./src/max31856.o
                0x080090ce                max31856_set_open_circuit_fault_detection
 .text.max31856_write_register
                0x08009114       0x5c ./src/max31856.o
                0x08009114                max31856_write_register
 .text.max31856_read_register
                0x08009170       0x54 ./src/max31856.o
                0x08009170                max31856_read_register
 .text.max31856_read_nregisters
                0x080091c4       0x5a ./src/max31856.o
                0x080091c4                max31856_read_nregisters
 .text.max31856_setHighFaultTemp
                0x0800921e       0x48 ./src/max31856.o
                0x0800921e                max31856_setHighFaultTemp
 *fill*         0x08009266        0x2 
 .text.TIM8_Update
                0x08009268      0x1c4 ./src/pwm.o
                0x08009268                TIM8_Update
 .text.TIM8_UpdateStart
                0x0800942c       0x38 ./src/pwm.o
                0x0800942c                TIM8_UpdateStart
 .text.TIM8_start
                0x08009464       0x1c ./src/pwm.o
                0x08009464                TIM8_start
 .text.sign     0x08009480       0x2c ./src/rotary_encoder.o
                0x08009480                sign
 .text.onRotateTimeoutCallback
                0x080094ac       0xe8 ./src/rotary_encoder.o
                0x080094ac                onRotateTimeoutCallback
 .text.runRotateTimeout
                0x08009594       0x50 ./src/rotary_encoder.o
                0x08009594                runRotateTimeout
 .text.onRotate
                0x080095e4       0x90 ./src/rotary_encoder.o
                0x080095e4                onRotate
 .text.onWrap   0x08009674       0x14 ./src/rotary_encoder.o
                0x08009674                onWrap
 .text.save     0x08009688       0x18 ./src/run.o
                0x08009688                save
 .text.threeTenthSeconds
                0x080096a0       0x78 ./src/run.o
                0x080096a0                threeTenthSeconds
 .text.testUntilCallback
                0x08009718       0x34 ./src/run.o
                0x08009718                testUntilCallback
 .text.keyStateChangeCallback
                0x0800974c       0x42 ./src/run.o
                0x0800974c                keyStateChangeCallback
 *fill*         0x0800978e        0x2 
 .text.startTim8
                0x08009790       0x20 ./src/run.o
                0x08009790                startTim8
 .text.setupTempAmp
                0x080097b0       0x46 ./src/run.o
                0x080097b0                setupTempAmp
 *fill*         0x080097f6        0x2 
 .text.run      0x080097f8       0xcc ./src/run.o
                0x080097f8                run
 .text.sbrk_aligned
                0x080098c4       0x44 C:/ST/STM32CubeIDE_1.19.0/STM32CubeIDE/plugins/com.st.stm32cube.ide.mcu.externaltools.gnu-tools-for-stm32.13.3.rel1.win32_1.0.0.202411081344/tools/bin/../lib/gcc/arm-none-eabi/13.3.1/../../../../arm-none-eabi/lib/thumb/v7e-m+fp/hard\libc_nano.a(libc_a-mallocr.o)
 .text._malloc_r
                0x08009908      0x100 C:/ST/STM32CubeIDE_1.19.0/STM32CubeIDE/plugins/com.st.stm32cube.ide.mcu.externaltools.gnu-tools-for-stm32.13.3.rel1.win32_1.0.0.202411081344/tools/bin/../lib/gcc/arm-none-eabi/13.3.1/../../../../arm-none-eabi/lib/thumb/v7e-m+fp/hard\libc_nano.a(libc_a-mallocr.o)
                0x08009908                _malloc_r
 .text.__malloc_lock
                0x08009a08        0xc C:/ST/STM32CubeIDE_1.19.0/STM32CubeIDE/plugins/com.st.stm32cube.ide.mcu.externaltools.gnu-tools-for-stm32.13.3.rel1.win32_1.0.0.202411081344/tools/bin/../lib/gcc/arm-none-eabi/13.3.1/../../../../arm-none-eabi/lib/thumb/v7e-m+fp/hard\libc_nano.a(libc_a-mlock.o)
                0x08009a08                __malloc_lock
 .text.__malloc_unlock
                0x08009a14        0xc C:/ST/STM32CubeIDE_1.19.0/STM32CubeIDE/plugins/com.st.stm32cube.ide.mcu.externaltools.gnu-tools-for-stm32.13.3.rel1.win32_1.0.0.202411081344/tools/bin/../lib/gcc/arm-none-eabi/13.3.1/../../../../arm-none-eabi/lib/thumb/v7e-m+fp/hard\libc_nano.a(libc_a-mlock.o)
                0x08009a14                __malloc_unlock
 .text.std      0x08009a20       0x6c C:/ST/STM32CubeIDE_1.19.0/STM32CubeIDE/plugins/com.st.stm32cube.ide.mcu.externaltools.gnu-tools-for-stm32.13.3.rel1.win32_1.0.0.202411081344/tools/bin/../lib/gcc/arm-none-eabi/13.3.1/../../../../arm-none-eabi/lib/thumb/v7e-m+fp/hard\libc_nano.a(libc_a-findfp.o)
 .text.stdio_exit_handler
                0x08009a8c       0x18 C:/ST/STM32CubeIDE_1.19.0/STM32CubeIDE/plugins/com.st.stm32cube.ide.mcu.externaltools.gnu-tools-for-stm32.13.3.rel1.win32_1.0.0.202411081344/tools/bin/../lib/gcc/arm-none-eabi/13.3.1/../../../../arm-none-eabi/lib/thumb/v7e-m+fp/hard\libc_nano.a(libc_a-findfp.o)
 .text.cleanup_stdio
                0x08009aa4       0x40 C:/ST/STM32CubeIDE_1.19.0/STM32CubeIDE/plugins/com.st.stm32cube.ide.mcu.externaltools.gnu-tools-for-stm32.13.3.rel1.win32_1.0.0.202411081344/tools/bin/../lib/gcc/arm-none-eabi/13.3.1/../../../../arm-none-eabi/lib/thumb/v7e-m+fp/hard\libc_nano.a(libc_a-findfp.o)
 .text.global_stdio_init.part.0
                0x08009ae4       0x3c C:/ST/STM32CubeIDE_1.19.0/STM32CubeIDE/plugins/com.st.stm32cube.ide.mcu.externaltools.gnu-tools-for-stm32.13.3.rel1.win32_1.0.0.202411081344/tools/bin/../lib/gcc/arm-none-eabi/13.3.1/../../../../arm-none-eabi/lib/thumb/v7e-m+fp/hard\libc_nano.a(libc_a-findfp.o)
 .text.__sfp_lock_acquire
                0x08009b20        0xc C:/ST/STM32CubeIDE_1.19.0/STM32CubeIDE/plugins/com.st.stm32cube.ide.mcu.externaltools.gnu-tools-for-stm32.13.3.rel1.win32_1.0.0.202411081344/tools/bin/../lib/gcc/arm-none-eabi/13.3.1/../../../../arm-none-eabi/lib/thumb/v7e-m+fp/hard\libc_nano.a(libc_a-findfp.o)
                0x08009b20                __sfp_lock_acquire
 .text.__sfp_lock_release
                0x08009b2c        0xc C:/ST/STM32CubeIDE_1.19.0/STM32CubeIDE/plugins/com.st.stm32cube.ide.mcu.externaltools.gnu-tools-for-stm32.13.3.rel1.win32_1.0.0.202411081344/tools/bin/../lib/gcc/arm-none-eabi/13.3.1/../../../../arm-none-eabi/lib/thumb/v7e-m+fp/hard\libc_nano.a(libc_a-findfp.o)
                0x08009b2c                __sfp_lock_release
 .text.__sinit  0x08009b38       0x30 C:/ST/STM32CubeIDE_1.19.0/STM32CubeIDE/plugins/com.st.stm32cube.ide.mcu.externaltools.gnu-tools-for-stm32.13.3.rel1.win32_1.0.0.202411081344/tools/bin/../lib/gcc/arm-none-eabi/13.3.1/../../../../arm-none-eabi/lib/thumb/v7e-m+fp/hard\libc_nano.a(libc_a-findfp.o)
                0x08009b38                __sinit
 .text._fwalk_sglue
                0x08009b68       0x3c C:/ST/STM32CubeIDE_1.19.0/STM32CubeIDE/plugins/com.st.stm32cube.ide.mcu.externaltools.gnu-tools-for-stm32.13.3.rel1.win32_1.0.0.202411081344/tools/bin/../lib/gcc/arm-none-eabi/13.3.1/../../../../arm-none-eabi/lib/thumb/v7e-m+fp/hard\libc_nano.a(libc_a-fwalk.o)
                0x08009b68                _fwalk_sglue
 .text.printf   0x08009ba4       0x24 C:/ST/STM32CubeIDE_1.19.0/STM32CubeIDE/plugins/com.st.stm32cube.ide.mcu.externaltools.gnu-tools-for-stm32.13.3.rel1.win32_1.0.0.202411081344/tools/bin/../lib/gcc/arm-none-eabi/13.3.1/../../../../arm-none-eabi/lib/thumb/v7e-m+fp/hard\libc_nano.a(libc_a-printf.o)
                0x08009ba4                iprintf
                0x08009ba4                printf
 .text.__sread  0x08009bc8       0x22 C:/ST/STM32CubeIDE_1.19.0/STM32CubeIDE/plugins/com.st.stm32cube.ide.mcu.externaltools.gnu-tools-for-stm32.13.3.rel1.win32_1.0.0.202411081344/tools/bin/../lib/gcc/arm-none-eabi/13.3.1/../../../../arm-none-eabi/lib/thumb/v7e-m+fp/hard\libc_nano.a(libc_a-stdio.o)
                0x08009bc8                __sread
 .text.__swrite
                0x08009bea       0x38 C:/ST/STM32CubeIDE_1.19.0/STM32CubeIDE/plugins/com.st.stm32cube.ide.mcu.externaltools.gnu-tools-for-stm32.13.3.rel1.win32_1.0.0.202411081344/tools/bin/../lib/gcc/arm-none-eabi/13.3.1/../../../../arm-none-eabi/lib/thumb/v7e-m+fp/hard\libc_nano.a(libc_a-stdio.o)
                0x08009bea                __swrite
 .text.__sseek  0x08009c22       0x24 C:/ST/STM32CubeIDE_1.19.0/STM32CubeIDE/plugins/com.st.stm32cube.ide.mcu.externaltools.gnu-tools-for-stm32.13.3.rel1.win32_1.0.0.202411081344/tools/bin/../lib/gcc/arm-none-eabi/13.3.1/../../../../arm-none-eabi/lib/thumb/v7e-m+fp/hard\libc_nano.a(libc_a-stdio.o)
                0x08009c22                __sseek
 .text.__sclose
                0x08009c46        0x8 C:/ST/STM32CubeIDE_1.19.0/STM32CubeIDE/plugins/com.st.stm32cube.ide.mcu.externaltools.gnu-tools-for-stm32.13.3.rel1.win32_1.0.0.202411081344/tools/bin/../lib/gcc/arm-none-eabi/13.3.1/../../../../arm-none-eabi/lib/thumb/v7e-m+fp/hard\libc_nano.a(libc_a-stdio.o)
                0x08009c46                __sclose
 .text.__swbuf_r
                0x08009c4e       0x7c C:/ST/STM32CubeIDE_1.19.0/STM32CubeIDE/plugins/com.st.stm32cube.ide.mcu.externaltools.gnu-tools-for-stm32.13.3.rel1.win32_1.0.0.202411081344/tools/bin/../lib/gcc/arm-none-eabi/13.3.1/../../../../arm-none-eabi/lib/thumb/v7e-m+fp/hard\libc_nano.a(libc_a-wbuf.o)
                0x08009c4e                __swbuf_r
 *fill*         0x08009cca        0x2 
 .text.__swsetup_r
                0x08009ccc       0xac C:/ST/STM32CubeIDE_1.19.0/STM32CubeIDE/plugins/com.st.stm32cube.ide.mcu.externaltools.gnu-tools-for-stm32.13.3.rel1.win32_1.0.0.202411081344/tools/bin/../lib/gcc/arm-none-eabi/13.3.1/../../../../arm-none-eabi/lib/thumb/v7e-m+fp/hard\libc_nano.a(libc_a-wsetup.o)
                0x08009ccc                __swsetup_r
 .text.memset   0x08009d78       0x10 C:/ST/STM32CubeIDE_1.19.0/STM32CubeIDE/plugins/com.st.stm32cube.ide.mcu.externaltools.gnu-tools-for-stm32.13.3.rel1.win32_1.0.0.202411081344/tools/bin/../lib/gcc/arm-none-eabi/13.3.1/../../../../arm-none-eabi/lib/thumb/v7e-m+fp/hard\libc_nano.a(libc_a-memset.o)
                0x08009d78                memset
 .text._close_r
                0x08009d88       0x20 C:/ST/STM32CubeIDE_1.19.0/STM32CubeIDE/plugins/com.st.stm32cube.ide.mcu.externaltools.gnu-tools-for-stm32.13.3.rel1.win32_1.0.0.202411081344/tools/bin/../lib/gcc/arm-none-eabi/13.3.1/../../../../arm-none-eabi/lib/thumb/v7e-m+fp/hard\libc_nano.a(libc_a-closer.o)
                0x08009d88                _close_r
 .text._lseek_r
                0x08009da8       0x24 C:/ST/STM32CubeIDE_1.19.0/STM32CubeIDE/plugins/com.st.stm32cube.ide.mcu.externaltools.gnu-tools-for-stm32.13.3.rel1.win32_1.0.0.202411081344/tools/bin/../lib/gcc/arm-none-eabi/13.3.1/../../../../arm-none-eabi/lib/thumb/v7e-m+fp/hard\libc_nano.a(libc_a-lseekr.o)
                0x08009da8                _lseek_r
 .text._read_r  0x08009dcc       0x24 C:/ST/STM32CubeIDE_1.19.0/STM32CubeIDE/plugins/com.st.stm32cube.ide.mcu.externaltools.gnu-tools-for-stm32.13.3.rel1.win32_1.0.0.202411081344/tools/bin/../lib/gcc/arm-none-eabi/13.3.1/../../../../arm-none-eabi/lib/thumb/v7e-m+fp/hard\libc_nano.a(libc_a-readr.o)
                0x08009dcc                _read_r
 .text._sbrk_r  0x08009df0       0x20 C:/ST/STM32CubeIDE_1.19.0/STM32CubeIDE/plugins/com.st.stm32cube.ide.mcu.externaltools.gnu-tools-for-stm32.13.3.rel1.win32_1.0.0.202411081344/tools/bin/../lib/gcc/arm-none-eabi/13.3.1/../../../../arm-none-eabi/lib/thumb/v7e-m+fp/hard\libc_nano.a(libc_a-sbrkr.o)
                0x08009df0                _sbrk_r
 .text._write_r
                0x08009e10       0x24 C:/ST/STM32CubeIDE_1.19.0/STM32CubeIDE/plugins/com.st.stm32cube.ide.mcu.externaltools.gnu-tools-for-stm32.13.3.rel1.win32_1.0.0.202411081344/tools/bin/../lib/gcc/arm-none-eabi/13.3.1/../../../../arm-none-eabi/lib/thumb/v7e-m+fp/hard\libc_nano.a(libc_a-writer.o)
                0x08009e10                _write_r
 .text.__errno  0x08009e34        0xc C:/ST/STM32CubeIDE_1.19.0/STM32CubeIDE/plugins/com.st.stm32cube.ide.mcu.externaltools.gnu-tools-for-stm32.13.3.rel1.win32_1.0.0.202411081344/tools/bin/../lib/gcc/arm-none-eabi/13.3.1/../../../../arm-none-eabi/lib/thumb/v7e-m+fp/hard\libc_nano.a(libc_a-errno.o)
                0x08009e34                __errno
 .text.__libc_init_array
                0x08009e40       0x48 C:/ST/STM32CubeIDE_1.19.0/STM32CubeIDE/plugins/com.st.stm32cube.ide.mcu.externaltools.gnu-tools-for-stm32.13.3.rel1.win32_1.0.0.202411081344/tools/bin/../lib/gcc/arm-none-eabi/13.3.1/../../../../arm-none-eabi/lib/thumb/v7e-m+fp/hard\libc_nano.a(libc_a-init.o)
                0x08009e40                __libc_init_array
 .text.__retarget_lock_init_recursive
                0x08009e88        0x2 C:/ST/STM32CubeIDE_1.19.0/STM32CubeIDE/plugins/com.st.stm32cube.ide.mcu.externaltools.gnu-tools-for-stm32.13.3.rel1.win32_1.0.0.202411081344/tools/bin/../lib/gcc/arm-none-eabi/13.3.1/../../../../arm-none-eabi/lib/thumb/v7e-m+fp/hard\libc_nano.a(libc_a-lock.o)
                0x08009e88                __retarget_lock_init_recursive
 .text.__retarget_lock_acquire_recursive
                0x08009e8a        0x2 C:/ST/STM32CubeIDE_1.19.0/STM32CubeIDE/plugins/com.st.stm32cube.ide.mcu.externaltools.gnu-tools-for-stm32.13.3.rel1.win32_1.0.0.202411081344/tools/bin/../lib/gcc/arm-none-eabi/13.3.1/../../../../arm-none-eabi/lib/thumb/v7e-m+fp/hard\libc_nano.a(libc_a-lock.o)
                0x08009e8a                __retarget_lock_acquire_recursive
 .text.__retarget_lock_release_recursive
                0x08009e8c        0x2 C:/ST/STM32CubeIDE_1.19.0/STM32CubeIDE/plugins/com.st.stm32cube.ide.mcu.externaltools.gnu-tools-for-stm32.13.3.rel1.win32_1.0.0.202411081344/tools/bin/../lib/gcc/arm-none-eabi/13.3.1/../../../../arm-none-eabi/lib/thumb/v7e-m+fp/hard\libc_nano.a(libc_a-lock.o)
                0x08009e8c                __retarget_lock_release_recursive
 .text.memcpy   0x08009e8e       0x1c C:/ST/STM32CubeIDE_1.19.0/STM32CubeIDE/plugins/com.st.stm32cube.ide.mcu.externaltools.gnu-tools-for-stm32.13.3.rel1.win32_1.0.0.202411081344/tools/bin/../lib/gcc/arm-none-eabi/13.3.1/../../../../arm-none-eabi/lib/thumb/v7e-m+fp/hard\libc_nano.a(libc_a-memcpy-stub.o)
                0x08009e8e                memcpy
 *fill*         0x08009eaa        0x2 
 .text._free_r  0x08009eac       0x94 C:/ST/STM32CubeIDE_1.19.0/STM32CubeIDE/plugins/com.st.stm32cube.ide.mcu.externaltools.gnu-tools-for-stm32.13.3.rel1.win32_1.0.0.202411081344/tools/bin/../lib/gcc/arm-none-eabi/13.3.1/../../../../arm-none-eabi/lib/thumb/v7e-m+fp/hard\libc_nano.a(libc_a-freer.o)
                0x08009eac                _free_r
 .text.__sfputc_r
                0x08009f40       0x2e C:/ST/STM32CubeIDE_1.19.0/STM32CubeIDE/plugins/com.st.stm32cube.ide.mcu.externaltools.gnu-tools-for-stm32.13.3.rel1.win32_1.0.0.202411081344/tools/bin/../lib/gcc/arm-none-eabi/13.3.1/../../../../arm-none-eabi/lib/thumb/v7e-m+fp/hard\libc_nano.a(libc_a-nano-vfprintf.o)
 .text.__sfputs_r
                0x08009f6e       0x24 C:/ST/STM32CubeIDE_1.19.0/STM32CubeIDE/plugins/com.st.stm32cube.ide.mcu.externaltools.gnu-tools-for-stm32.13.3.rel1.win32_1.0.0.202411081344/tools/bin/../lib/gcc/arm-none-eabi/13.3.1/../../../../arm-none-eabi/lib/thumb/v7e-m+fp/hard\libc_nano.a(libc_a-nano-vfprintf.o)
                0x08009f6e                __sfputs_r
 *fill*         0x08009f92        0x2 
 .text._vfprintf_r
                0x08009f94      0x230 C:/ST/STM32CubeIDE_1.19.0/STM32CubeIDE/plugins/com.st.stm32cube.ide.mcu.externaltools.gnu-tools-for-stm32.13.3.rel1.win32_1.0.0.202411081344/tools/bin/../lib/gcc/arm-none-eabi/13.3.1/../../../../arm-none-eabi/lib/thumb/v7e-m+fp/hard\libc_nano.a(libc_a-nano-vfprintf.o)
                0x08009f94                _vfprintf_r
                0x08009f94                _vfiprintf_r
 .text._printf_common
                0x0800a1c4       0xda C:/ST/STM32CubeIDE_1.19.0/STM32CubeIDE/plugins/com.st.stm32cube.ide.mcu.externaltools.gnu-tools-for-stm32.13.3.rel1.win32_1.0.0.202411081344/tools/bin/../lib/gcc/arm-none-eabi/13.3.1/../../../../arm-none-eabi/lib/thumb/v7e-m+fp/hard\libc_nano.a(libc_a-nano-vfprintf_i.o)
                0x0800a1c4                _printf_common
 *fill*         0x0800a29e        0x2 
 .text._printf_i
                0x0800a2a0      0x23c C:/ST/STM32CubeIDE_1.19.0/STM32CubeIDE/plugins/com.st.stm32cube.ide.mcu.externaltools.gnu-tools-for-stm32.13.3.rel1.win32_1.0.0.202411081344/tools/bin/../lib/gcc/arm-none-eabi/13.3.1/../../../../arm-none-eabi/lib/thumb/v7e-m+fp/hard\libc_nano.a(libc_a-nano-vfprintf_i.o)
                0x0800a2a0                _printf_i
 .text.__sflush_r
                0x0800a4dc      0x108 C:/ST/STM32CubeIDE_1.19.0/STM32CubeIDE/plugins/com.st.stm32cube.ide.mcu.externaltools.gnu-tools-for-stm32.13.3.rel1.win32_1.0.0.202411081344/tools/bin/../lib/gcc/arm-none-eabi/13.3.1/../../../../arm-none-eabi/lib/thumb/v7e-m+fp/hard\libc_nano.a(libc_a-fflush.o)
                0x0800a4dc                __sflush_r
 .text._fflush_r
                0x0800a5e4       0x50 C:/ST/STM32CubeIDE_1.19.0/STM32CubeIDE/plugins/com.st.stm32cube.ide.mcu.externaltools.gnu-tools-for-stm32.13.3.rel1.win32_1.0.0.202411081344/tools/bin/../lib/gcc/arm-none-eabi/13.3.1/../../../../arm-none-eabi/lib/thumb/v7e-m+fp/hard\libc_nano.a(libc_a-fflush.o)
                0x0800a5e4                _fflush_r
 .text.__swhatbuf_r
                0x0800a634       0x4c C:/ST/STM32CubeIDE_1.19.0/STM32CubeIDE/plugins/com.st.stm32cube.ide.mcu.externaltools.gnu-tools-for-stm32.13.3.rel1.win32_1.0.0.202411081344/tools/bin/../lib/gcc/arm-none-eabi/13.3.1/../../../../arm-none-eabi/lib/thumb/v7e-m+fp/hard\libc_nano.a(libc_a-makebuf.o)
                0x0800a634                __swhatbuf_r
 .text.__smakebuf_r
                0x0800a680       0x78 C:/ST/STM32CubeIDE_1.19.0/STM32CubeIDE/plugins/com.st.stm32cube.ide.mcu.externaltools.gnu-tools-for-stm32.13.3.rel1.win32_1.0.0.202411081344/tools/bin/../lib/gcc/arm-none-eabi/13.3.1/../../../../arm-none-eabi/lib/thumb/v7e-m+fp/hard\libc_nano.a(libc_a-makebuf.o)
                0x0800a680                __smakebuf_r
 .text._fstat_r
                0x0800a6f8       0x24 C:/ST/STM32CubeIDE_1.19.0/STM32CubeIDE/plugins/com.st.stm32cube.ide.mcu.externaltools.gnu-tools-for-stm32.13.3.rel1.win32_1.0.0.202411081344/tools/bin/../lib/gcc/arm-none-eabi/13.3.1/../../../../arm-none-eabi/lib/thumb/v7e-m+fp/hard\libc_nano.a(libc_a-fstatr.o)
                0x0800a6f8                _fstat_r
 .text._isatty_r
                0x0800a71c       0x20 C:/ST/STM32CubeIDE_1.19.0/STM32CubeIDE/plugins/com.st.stm32cube.ide.mcu.externaltools.gnu-tools-for-stm32.13.3.rel1.win32_1.0.0.202411081344/tools/bin/../lib/gcc/arm-none-eabi/13.3.1/../../../../arm-none-eabi/lib/thumb/v7e-m+fp/hard\libc_nano.a(libc_a-isattyr.o)
                0x0800a71c                _isatty_r
 *fill*         0x0800a73c        0x4 
 .text.log10    0x0800a740       0x7c C:/ST/STM32CubeIDE_1.19.0/STM32CubeIDE/plugins/com.st.stm32cube.ide.mcu.externaltools.gnu-tools-for-stm32.13.3.rel1.win32_1.0.0.202411081344/tools/bin/../lib/gcc/arm-none-eabi/13.3.1/../../../../arm-none-eabi/lib/thumb/v7e-m+fp/hard\libm.a(libm_a-w_log10.o)
                0x0800a740                log10
 .text.pow      0x0800a7bc       0xe0 C:/ST/STM32CubeIDE_1.19.0/STM32CubeIDE/plugins/com.st.stm32cube.ide.mcu.externaltools.gnu-tools-for-stm32.13.3.rel1.win32_1.0.0.202411081344/tools/bin/../lib/gcc/arm-none-eabi/13.3.1/../../../../arm-none-eabi/lib/thumb/v7e-m+fp/hard\libm.a(libm_a-w_pow.o)
                0x0800a7bc                pow
 .text.finite   0x0800a89c       0x16 C:/ST/STM32CubeIDE_1.19.0/STM32CubeIDE/plugins/com.st.stm32cube.ide.mcu.externaltools.gnu-tools-for-stm32.13.3.rel1.win32_1.0.0.202411081344/tools/bin/../lib/gcc/arm-none-eabi/13.3.1/../../../../arm-none-eabi/lib/thumb/v7e-m+fp/hard\libm.a(libm_a-s_finite.o)
                0x0800a89c                finite
 *fill*         0x0800a8b2        0x6 
 .text.nan      0x0800a8b8       0x10 C:/ST/STM32CubeIDE_1.19.0/STM32CubeIDE/plugins/com.st.stm32cube.ide.mcu.externaltools.gnu-tools-for-stm32.13.3.rel1.win32_1.0.0.202411081344/tools/bin/../lib/gcc/arm-none-eabi/13.3.1/../../../../arm-none-eabi/lib/thumb/v7e-m+fp/hard\libm.a(libm_a-s_nan.o)
                0x0800a8b8                nan
 .text.fmin     0x0800a8c8       0x54 C:/ST/STM32CubeIDE_1.19.0/STM32CubeIDE/plugins/com.st.stm32cube.ide.mcu.externaltools.gnu-tools-for-stm32.13.3.rel1.win32_1.0.0.202411081344/tools/bin/../lib/gcc/arm-none-eabi/13.3.1/../../../../arm-none-eabi/lib/thumb/v7e-m+fp/hard\libm.a(libm_a-s_fmin.o)
                0x0800a8c8                fmin
 .text.__fpclassifyd
                0x0800a91c       0x48 C:/ST/STM32CubeIDE_1.19.0/STM32CubeIDE/plugins/com.st.stm32cube.ide.mcu.externaltools.gnu-tools-for-stm32.13.3.rel1.win32_1.0.0.202411081344/tools/bin/../lib/gcc/arm-none-eabi/13.3.1/../../../../arm-none-eabi/lib/thumb/v7e-m+fp/hard\libm.a(libm_a-s_fpclassify.o)
                0x0800a91c                __fpclassifyd
 *fill*         0x0800a964        0x4 
 .text.__ieee754_log10
                0x0800a968      0x114 C:/ST/STM32CubeIDE_1.19.0/STM32CubeIDE/plugins/com.st.stm32cube.ide.mcu.externaltools.gnu-tools-for-stm32.13.3.rel1.win32_1.0.0.202411081344/tools/bin/../lib/gcc/arm-none-eabi/13.3.1/../../../../arm-none-eabi/lib/thumb/v7e-m+fp/hard\libm.a(libm_a-e_log10.o)
                0x0800a968                __ieee754_log10
 *fill*         0x0800aa7c        0x4 
 .text.__ieee754_pow
                0x0800aa80      0xa94 C:/ST/STM32CubeIDE_1.19.0/STM32CubeIDE/plugins/com.st.stm32cube.ide.mcu.externaltools.gnu-tools-for-stm32.13.3.rel1.win32_1.0.0.202411081344/tools/bin/../lib/gcc/arm-none-eabi/13.3.1/../../../../arm-none-eabi/lib/thumb/v7e-m+fp/hard\libm.a(libm_a-e_pow.o)
                0x0800aa80                __ieee754_pow
 .text.fabs     0x0800b514       0x10 C:/ST/STM32CubeIDE_1.19.0/STM32CubeIDE/plugins/com.st.stm32cube.ide.mcu.externaltools.gnu-tools-for-stm32.13.3.rel1.win32_1.0.0.202411081344/tools/bin/../lib/gcc/arm-none-eabi/13.3.1/../../../../arm-none-eabi/lib/thumb/v7e-m+fp/hard\libm.a(libm_a-s_fabs.o)
                0x0800b514                fabs
 *fill*         0x0800b524        0x4 
 .text.scalbn   0x0800b528       0xf4 C:/ST/STM32CubeIDE_1.19.0/STM32CubeIDE/plugins/com.st.stm32cube.ide.mcu.externaltools.gnu-tools-for-stm32.13.3.rel1.win32_1.0.0.202411081344/tools/bin/../lib/gcc/arm-none-eabi/13.3.1/../../../../arm-none-eabi/lib/thumb/v7e-m+fp/hard\libm.a(libm_a-s_scalbn.o)
                0x0800b528                scalbn
 .text.with_errno
                0x0800b61c       0x24 C:/ST/STM32CubeIDE_1.19.0/STM32CubeIDE/plugins/com.st.stm32cube.ide.mcu.externaltools.gnu-tools-for-stm32.13.3.rel1.win32_1.0.0.202411081344/tools/bin/../lib/gcc/arm-none-eabi/13.3.1/../../../../arm-none-eabi/lib/thumb/v7e-m+fp/hard\libm.a(libm_a-math_err.o)
 .text.xflow    0x0800b640       0x32 C:/ST/STM32CubeIDE_1.19.0/STM32CubeIDE/plugins/com.st.stm32cube.ide.mcu.externaltools.gnu-tools-for-stm32.13.3.rel1.win32_1.0.0.202411081344/tools/bin/../lib/gcc/arm-none-eabi/13.3.1/../../../../arm-none-eabi/lib/thumb/v7e-m+fp/hard\libm.a(libm_a-math_err.o)
 *fill*         0x0800b672        0x6 
 .text.__math_uflow
                0x0800b678       0x10 C:/ST/STM32CubeIDE_1.19.0/STM32CubeIDE/plugins/com.st.stm32cube.ide.mcu.externaltools.gnu-tools-for-stm32.13.3.rel1.win32_1.0.0.202411081344/tools/bin/../lib/gcc/arm-none-eabi/13.3.1/../../../../arm-none-eabi/lib/thumb/v7e-m+fp/hard\libm.a(libm_a-math_err.o)
                0x0800b678                __math_uflow
 .text.__math_oflow
                0x0800b688       0x10 C:/ST/STM32CubeIDE_1.19.0/STM32CubeIDE/plugins/com.st.stm32cube.ide.mcu.externaltools.gnu-tools-for-stm32.13.3.rel1.win32_1.0.0.202411081344/tools/bin/../lib/gcc/arm-none-eabi/13.3.1/../../../../arm-none-eabi/lib/thumb/v7e-m+fp/hard\libm.a(libm_a-math_err.o)
                0x0800b688                __math_oflow
 .text.__ieee754_sqrt
                0x0800b698      0x1ac C:/ST/STM32CubeIDE_1.19.0/STM32CubeIDE/plugins/com.st.stm32cube.ide.mcu.externaltools.gnu-tools-for-stm32.13.3.rel1.win32_1.0.0.202411081344/tools/bin/../lib/gcc/arm-none-eabi/13.3.1/../../../../arm-none-eabi/lib/thumb/v7e-m+fp/hard\libm.a(libm_a-e_sqrt.o)
                0x0800b698                __ieee754_sqrt
 *fill*         0x0800b844        0x4 
 .text.__ieee754_log
                0x0800b848      0x36c C:/ST/STM32CubeIDE_1.19.0/STM32CubeIDE/plugins/com.st.stm32cube.ide.mcu.externaltools.gnu-tools-for-stm32.13.3.rel1.win32_1.0.0.202411081344/tools/bin/../lib/gcc/arm-none-eabi/13.3.1/../../../../arm-none-eabi/lib/thumb/v7e-m+fp/hard\libm.a(libm_a-e_log.o)
                0x0800b848                __ieee754_log
 *(.glue_7)
 .glue_7        0x0800bbb4        0x0 linker stubs
 *(.glue_7t)
 .glue_7t       0x0800bbb4        0x0 linker stubs
 *(.eh_frame)
 .eh_frame      0x0800bbb4        0x0 C:/ST/STM32CubeIDE_1.19.0/STM32CubeIDE/plugins/com.st.stm32cube.ide.mcu.externaltools.gnu-tools-for-stm32.13.3.rel1.win32_1.0.0.202411081344/tools/bin/../lib/gcc/arm-none-eabi/13.3.1/thumb/v7e-m+fp/hard/crtbegin.o
 *(.init)
 .init          0x0800bbb4        0x4 C:/ST/STM32CubeIDE_1.19.0/STM32CubeIDE/plugins/com.st.stm32cube.ide.mcu.externaltools.gnu-tools-for-stm32.13.3.rel1.win32_1.0.0.202411081344/tools/bin/../lib/gcc/arm-none-eabi/13.3.1/thumb/v7e-m+fp/hard/crti.o
                0x0800bbb4                _init
 .init          0x0800bbb8        0x8 C:/ST/STM32CubeIDE_1.19.0/STM32CubeIDE/plugins/com.st.stm32cube.ide.mcu.externaltools.gnu-tools-for-stm32.13.3.rel1.win32_1.0.0.202411081344/tools/bin/../lib/gcc/arm-none-eabi/13.3.1/thumb/v7e-m+fp/hard/crtn.o
 *(.fini)
 .fini          0x0800bbc0        0x4 C:/ST/STM32CubeIDE_1.19.0/STM32CubeIDE/plugins/com.st.stm32cube.ide.mcu.externaltools.gnu-tools-for-stm32.13.3.rel1.win32_1.0.0.202411081344/tools/bin/../lib/gcc/arm-none-eabi/13.3.1/thumb/v7e-m+fp/hard/crti.o
                0x0800bbc0                _fini
 .fini          0x0800bbc4        0x8 C:/ST/STM32CubeIDE_1.19.0/STM32CubeIDE/plugins/com.st.stm32cube.ide.mcu.externaltools.gnu-tools-for-stm32.13.3.rel1.win32_1.0.0.202411081344/tools/bin/../lib/gcc/arm-none-eabi/13.3.1/thumb/v7e-m+fp/hard/crtn.o
                0x0800bbcc                        . = ALIGN (0x4)
                0x0800bbcc                        _etext = .

.vfp11_veneer   0x0800bbcc        0x0
 .vfp11_veneer  0x0800bbcc        0x0 linker stubs

.v4_bx          0x0800bbcc        0x0
 .v4_bx         0x0800bbcc        0x0 linker stubs

.iplt           0x0800bbcc        0x0
 .iplt          0x0800bbcc        0x0 C:/ST/STM32CubeIDE_1.19.0/STM32CubeIDE/plugins/com.st.stm32cube.ide.mcu.externaltools.gnu-tools-for-stm32.13.3.rel1.win32_1.0.0.202411081344/tools/bin/../lib/gcc/arm-none-eabi/13.3.1/thumb/v7e-m+fp/hard/crtbegin.o

.rodata         0x0800bbd0      0x100
                0x0800bbd0                        . = ALIGN (0x4)
 *(.rodata)
 .rodata        0x0800bbd0        0x4 ./src/keypad.o
 .rodata        0x0800bbd4       0x40 ./src/run.o
 *(.rodata*)
 .rodata.AHBPrescTable
                0x0800bc14       0x10 ./Core/Src/system_stm32l4xx.o
                0x0800bc14                AHBPrescTable
 .rodata.APBPrescTable
                0x0800bc24        0x8 ./Core/Src/system_stm32l4xx.o
                0x0800bc24                APBPrescTable
 .rodata.MSIRangeTable
                0x0800bc2c       0x30 ./Core/Src/system_stm32l4xx.o
                0x0800bc2c                MSIRangeTable
 .rodata._vfprintf_r.str1.1
                0x0800bc5c       0x33 C:/ST/STM32CubeIDE_1.19.0/STM32CubeIDE/plugins/com.st.stm32cube.ide.mcu.externaltools.gnu-tools-for-stm32.13.3.rel1.win32_1.0.0.202411081344/tools/bin/../lib/gcc/arm-none-eabi/13.3.1/../../../../arm-none-eabi/lib/thumb/v7e-m+fp/hard\libc_nano.a(libc_a-nano-vfprintf.o)
                                 0x11 (size before relaxing)
 .rodata._printf_i.str1.1
                0x0800bc8f       0x22 C:/ST/STM32CubeIDE_1.19.0/STM32CubeIDE/plugins/com.st.stm32cube.ide.mcu.externaltools.gnu-tools-for-stm32.13.3.rel1.win32_1.0.0.202411081344/tools/bin/../lib/gcc/arm-none-eabi/13.3.1/../../../../arm-none-eabi/lib/thumb/v7e-m+fp/hard\libc_nano.a(libc_a-nano-vfprintf_i.o)
 .rodata.log10.str1.1
                0x0800bc8f        0x1 C:/ST/STM32CubeIDE_1.19.0/STM32CubeIDE/plugins/com.st.stm32cube.ide.mcu.externaltools.gnu-tools-for-stm32.13.3.rel1.win32_1.0.0.202411081344/tools/bin/../lib/gcc/arm-none-eabi/13.3.1/../../../../arm-none-eabi/lib/thumb/v7e-m+fp/hard\libm.a(libm_a-w_log10.o)
 *fill*         0x0800bc8f        0x1 
 .rodata.dp_l   0x0800bc90       0x10 C:/ST/STM32CubeIDE_1.19.0/STM32CubeIDE/plugins/com.st.stm32cube.ide.mcu.externaltools.gnu-tools-for-stm32.13.3.rel1.win32_1.0.0.202411081344/tools/bin/../lib/gcc/arm-none-eabi/13.3.1/../../../../arm-none-eabi/lib/thumb/v7e-m+fp/hard\libm.a(libm_a-e_pow.o)
 .rodata.dp_h   0x0800bca0       0x10 C:/ST/STM32CubeIDE_1.19.0/STM32CubeIDE/plugins/com.st.stm32cube.ide.mcu.externaltools.gnu-tools-for-stm32.13.3.rel1.win32_1.0.0.202411081344/tools/bin/../lib/gcc/arm-none-eabi/13.3.1/../../../../arm-none-eabi/lib/thumb/v7e-m+fp/hard\libm.a(libm_a-e_pow.o)
 .rodata.bp     0x0800bcb0       0x10 C:/ST/STM32CubeIDE_1.19.0/STM32CubeIDE/plugins/com.st.stm32cube.ide.mcu.externaltools.gnu-tools-for-stm32.13.3.rel1.win32_1.0.0.202411081344/tools/bin/../lib/gcc/arm-none-eabi/13.3.1/../../../../arm-none-eabi/lib/thumb/v7e-m+fp/hard\libm.a(libm_a-e_pow.o)
 .rodata.tiny   0x0800bcc0        0x8 C:/ST/STM32CubeIDE_1.19.0/STM32CubeIDE/plugins/com.st.stm32cube.ide.mcu.externaltools.gnu-tools-for-stm32.13.3.rel1.win32_1.0.0.202411081344/tools/bin/../lib/gcc/arm-none-eabi/13.3.1/../../../../arm-none-eabi/lib/thumb/v7e-m+fp/hard\libm.a(libm_a-e_sqrt.o)
 .rodata.one    0x0800bcc8        0x8 C:/ST/STM32CubeIDE_1.19.0/STM32CubeIDE/plugins/com.st.stm32cube.ide.mcu.externaltools.gnu-tools-for-stm32.13.3.rel1.win32_1.0.0.202411081344/tools/bin/../lib/gcc/arm-none-eabi/13.3.1/../../../../arm-none-eabi/lib/thumb/v7e-m+fp/hard\libm.a(libm_a-e_sqrt.o)
                0x0800bcd0                        . = ALIGN (0x4)

.ARM.extab      0x0800bcd0        0x0
                0x0800bcd0                        . = ALIGN (0x4)
 *(.ARM.extab* .gnu.linkonce.armextab.*)
                0x0800bcd0                        . = ALIGN (0x4)

.ARM            0x0800bcd0        0x8
                0x0800bcd0                        . = ALIGN (0x4)
                0x0800bcd0                        __exidx_start = .
 *(.ARM.exidx*)
 .ARM.exidx     0x0800bcd0        0x8 C:/ST/STM32CubeIDE_1.19.0/STM32CubeIDE/plugins/com.st.stm32cube.ide.mcu.externaltools.gnu-tools-for-stm32.13.3.rel1.win32_1.0.0.202411081344/tools/bin/../lib/gcc/arm-none-eabi/13.3.1/../../../../arm-none-eabi/lib/thumb/v7e-m+fp/hard\libc_nano.a(libc_a-memchr.o)
 .ARM.exidx     0x0800bcd8        0x0 C:/ST/STM32CubeIDE_1.19.0/STM32CubeIDE/plugins/com.st.stm32cube.ide.mcu.externaltools.gnu-tools-for-stm32.13.3.rel1.win32_1.0.0.202411081344/tools/bin/../lib/gcc/arm-none-eabi/13.3.1/thumb/v7e-m+fp/hard\libgcc.a(_udivmoddi4.o)
                                  0x8 (size before relaxing)
                0x0800bcd8                        __exidx_end = .
                0x0800bcd8                        . = ALIGN (0x4)

.preinit_array  0x0800bcd8        0x0
                0x0800bcd8                        . = ALIGN (0x4)
                0x0800bcd8                        PROVIDE (__preinit_array_start = .)
 *(.preinit_array*)
                0x0800bcd8                        PROVIDE (__preinit_array_end = .)
                0x0800bcd8                        . = ALIGN (0x4)

.init_array     0x0800bcd8        0x4
                0x0800bcd8                        . = ALIGN (0x4)
                0x0800bcd8                        PROVIDE (__init_array_start = .)
 *(SORT_BY_NAME(.init_array.*))
 *(.init_array*)
 .init_array    0x0800bcd8        0x4 C:/ST/STM32CubeIDE_1.19.0/STM32CubeIDE/plugins/com.st.stm32cube.ide.mcu.externaltools.gnu-tools-for-stm32.13.3.rel1.win32_1.0.0.202411081344/tools/bin/../lib/gcc/arm-none-eabi/13.3.1/thumb/v7e-m+fp/hard/crtbegin.o
                0x0800bcdc                        PROVIDE (__init_array_end = .)
                0x0800bcdc                        . = ALIGN (0x4)

.fini_array     0x0800bcdc        0x4
                0x0800bcdc                        . = ALIGN (0x4)
                [!provide]                        PROVIDE (__fini_array_start = .)
 *(SORT_BY_NAME(.fini_array.*))
 *(.fini_array*)
 .fini_array    0x0800bcdc        0x4 C:/ST/STM32CubeIDE_1.19.0/STM32CubeIDE/plugins/com.st.stm32cube.ide.mcu.externaltools.gnu-tools-for-stm32.13.3.rel1.win32_1.0.0.202411081344/tools/bin/../lib/gcc/arm-none-eabi/13.3.1/thumb/v7e-m+fp/hard/crtbegin.o
                [!provide]                        PROVIDE (__fini_array_end = .)
                0x0800bce0                        . = ALIGN (0x4)
                0x0800bce0                        _sidata = LOADADDR (.data)

.rel.dyn        0x0800bce0        0x0
 .rel.iplt      0x0800bce0        0x0 C:/ST/STM32CubeIDE_1.19.0/STM32CubeIDE/plugins/com.st.stm32cube.ide.mcu.externaltools.gnu-tools-for-stm32.13.3.rel1.win32_1.0.0.202411081344/tools/bin/../lib/gcc/arm-none-eabi/13.3.1/thumb/v7e-m+fp/hard/crtbegin.o

.data           0x20000000       0xd8 load address 0x0800bce0
                0x20000000                        . = ALIGN (0x4)
                0x20000000                        _sdata = .
 *(.data)
 *(.data*)
 .data.SystemCoreClock
                0x20000000        0x4 ./Core/Src/system_stm32l4xx.o
                0x20000000                SystemCoreClock
 .data.uwTickPrio
                0x20000004        0x4 ./Drivers/STM32L4xx_HAL_Driver/Src/stm32l4xx_hal.o
                0x20000004                uwTickPrio
 .data.uwTickFreq
                0x20000008        0x1 ./Drivers/STM32L4xx_HAL_Driver/Src/stm32l4xx_hal.o
                0x20000008                uwTickFreq
 *fill*         0x20000009        0x3 
 .data.pinsRow  0x2000000c        0x8 ./src/keypad.o
                0x2000000c                pinsRow
 .data.portsRow
                0x20000014       0x10 ./src/keypad.o
                0x20000014                portsRow
 .data.keyMatrix
                0x20000024       0x10 ./src/keypad.o
 .data.forcedByte
                0x20000034        0x2 ./src/lcd.o
                0x20000034                forcedByte
 *fill*         0x20000036        0x2 
 .data.timeoutLast
                0x20000038        0x4 ./src/rotary_encoder.o
 .data.thermoSPI2
                0x2000003c       0x20 ./src/run.o
                0x2000003c                thermoSPI2
 .data.thermoSPI3
                0x2000005c       0x20 ./src/run.o
                0x2000005c                thermoSPI3
 .data.__sglue  0x2000007c        0xc C:/ST/STM32CubeIDE_1.19.0/STM32CubeIDE/plugins/com.st.stm32cube.ide.mcu.externaltools.gnu-tools-for-stm32.13.3.rel1.win32_1.0.0.202411081344/tools/bin/../lib/gcc/arm-none-eabi/13.3.1/../../../../arm-none-eabi/lib/thumb/v7e-m+fp/hard\libc_nano.a(libc_a-findfp.o)
                0x2000007c                __sglue
 .data._impure_ptr
                0x20000088        0x4 C:/ST/STM32CubeIDE_1.19.0/STM32CubeIDE/plugins/com.st.stm32cube.ide.mcu.externaltools.gnu-tools-for-stm32.13.3.rel1.win32_1.0.0.202411081344/tools/bin/../lib/gcc/arm-none-eabi/13.3.1/../../../../arm-none-eabi/lib/thumb/v7e-m+fp/hard\libc_nano.a(libc_a-impure.o)
                0x20000088                _impure_ptr
 .data._impure_data
                0x2000008c       0x4c C:/ST/STM32CubeIDE_1.19.0/STM32CubeIDE/plugins/com.st.stm32cube.ide.mcu.externaltools.gnu-tools-for-stm32.13.3.rel1.win32_1.0.0.202411081344/tools/bin/../lib/gcc/arm-none-eabi/13.3.1/../../../../arm-none-eabi/lib/thumb/v7e-m+fp/hard\libc_nano.a(libc_a-impure.o)
                0x2000008c                _impure_data
 *(.RamFunc)
 *(.RamFunc*)
                0x200000d8                        . = ALIGN (0x4)
                0x200000d8                        _edata = .

.igot.plt       0x200000d8        0x0 load address 0x0800bdb8
 .igot.plt      0x200000d8        0x0 C:/ST/STM32CubeIDE_1.19.0/STM32CubeIDE/plugins/com.st.stm32cube.ide.mcu.externaltools.gnu-tools-for-stm32.13.3.rel1.win32_1.0.0.202411081344/tools/bin/../lib/gcc/arm-none-eabi/13.3.1/thumb/v7e-m+fp/hard/crtbegin.o
                0x200000d8                        . = ALIGN (0x4)

.bss            0x200000d8      0xf6c load address 0x0800bdb8
                0x200000d8                        _sbss = .
                0x200000d8                        __bss_start__ = _sbss
 *(.bss)
 .bss           0x200000d8       0x1c C:/ST/STM32CubeIDE_1.19.0/STM32CubeIDE/plugins/com.st.stm32cube.ide.mcu.externaltools.gnu-tools-for-stm32.13.3.rel1.win32_1.0.0.202411081344/tools/bin/../lib/gcc/arm-none-eabi/13.3.1/thumb/v7e-m+fp/hard/crtbegin.o
 *(.bss*)
 .bss.hi2c1     0x200000f4       0x54 ./Core/Src/main.o
                0x200000f4                hi2c1
 .bss.hspi1     0x20000148       0x64 ./Core/Src/main.o
                0x20000148                hspi1
 .bss.hspi2     0x200001ac       0x64 ./Core/Src/main.o
                0x200001ac                hspi2
 .bss.hspi3     0x20000210       0x64 ./Core/Src/main.o
                0x20000210                hspi3
 .bss.hdma_spi1_rx
                0x20000274       0x48 ./Core/Src/main.o
                0x20000274                hdma_spi1_rx
 .bss.hdma_spi1_tx
                0x200002bc       0x48 ./Core/Src/main.o
                0x200002bc                hdma_spi1_tx
 .bss.htim1     0x20000304       0x4c ./Core/Src/main.o
                0x20000304                htim1
 .bss.htim2     0x20000350       0x4c ./Core/Src/main.o
                0x20000350                htim2
 .bss.htim3     0x2000039c       0x4c ./Core/Src/main.o
                0x2000039c                htim3
 .bss.htim8     0x200003e8       0x4c ./Core/Src/main.o
                0x200003e8                htim8
 .bss.huart2    0x20000434       0x88 ./Core/Src/main.o
                0x20000434                huart2
 .bss.__sbrk_heap_end
                0x200004bc        0x4 ./Core/Src/sysmem.o
 .bss.uwTick    0x200004c0        0x4 ./Drivers/STM32L4xx_HAL_Driver/Src/stm32l4xx_hal.o
                0x200004c0                uwTick
 .bss.runListLength
                0x200004c4        0x4 ./src/delay.o
                0x200004c4                runListLength
 .bss.currentRunId
                0x200004c8        0x4 ./src/delay.o
                0x200004c8                currentRunId
 .bss.RunList   0x200004cc      0x180 ./src/delay.o
                0x200004cc                RunList
 .bss.time      0x2000064c        0x4 ./src/delay.o
                0x2000064c                time
 .bss.flowCount
                0x20000650        0x4 ./src/flow_sensor.o
                0x20000650                flowCount
 .bss.rowsStates
                0x20000654       0x10 ./src/keypad.o
                0x20000654                rowsStates
 .bss.KeyStateChangeSubscriptions
                0x20000664       0x14 ./src/keypad.o
                0x20000664                KeyStateChangeSubscriptions
 .bss.KeyStateChangeSubscriptionsLength
                0x20000678        0x4 ./src/keypad.o
                0x20000678                KeyStateChangeSubscriptionsLength
 .bss.keyReleaseSubscriptions
                0x2000067c       0x14 ./src/keypad.o
                0x2000067c                keyReleaseSubscriptions
 .bss.keyReleaseSubscriptionsLength
                0x20000690        0x4 ./src/keypad.o
                0x20000690                keyReleaseSubscriptionsLength
 .bss.keyPressSubscriptions
                0x20000694       0x14 ./src/keypad.o
                0x20000694                keyPressSubscriptions
 .bss.keyPressSubscriptionsLength
                0x200006a8        0x4 ./src/keypad.o
                0x200006a8                keyPressSubscriptionsLength
 .bss.cacheLCD  0x200006ac       0x23 ./src/lcd.o
                0x200006ac                cacheLCD
 .bss.testPoint
                0x200006cf        0x1 ./src/lcd.o
                0x200006cf                testPoint
 .bss.BytesQueued
                0x200006d0      0x800 ./src/lcd.o
                0x200006d0                BytesQueued
 .bss.bytesQueuedStart
                0x20000ed0        0x4 ./src/lcd.o
                0x20000ed0                bytesQueuedStart
 .bss.bytesQueuedEnd
                0x20000ed4        0x4 ./src/lcd.o
                0x20000ed4                bytesQueuedEnd
 .bss.QueueHalfEmpting
                0x20000ed8        0x1 ./src/lcd.o
                0x20000ed8                QueueHalfEmpting
 .bss.currentTaskIndex
                0x20000ed9        0x1 ./src/lcd.o
                0x20000ed9                currentTaskIndex
 *fill*         0x20000eda        0x2 
 .bss.wait      0x20000edc        0x4 ./src/lcd.o
                0x20000edc                wait
 .bss.last      0x20000ee0        0x4 ./src/rotary_encoder.o
 .bss.onRotateTimeout
                0x20000ee4        0x1 ./src/rotary_encoder.o
                0x20000ee4                onRotateTimeout
 .bss.need_save
                0x20000ee5        0x1 ./src/run.o
                0x20000ee5                need_save
 *fill*         0x20000ee6        0x2 
 .bss.controllerData
                0x20000ee8        0xc ./src/run.o
                0x20000ee8                controllerData
 .bss.kjdwkjdwjdwkj
                0x20000ef4        0x4 ./src/run.o
                0x20000ef4                kjdwkjdwjdwkj
 .bss.__malloc_sbrk_start
                0x20000ef8        0x4 C:/ST/STM32CubeIDE_1.19.0/STM32CubeIDE/plugins/com.st.stm32cube.ide.mcu.externaltools.gnu-tools-for-stm32.13.3.rel1.win32_1.0.0.202411081344/tools/bin/../lib/gcc/arm-none-eabi/13.3.1/../../../../arm-none-eabi/lib/thumb/v7e-m+fp/hard\libc_nano.a(libc_a-mallocr.o)
                0x20000ef8                __malloc_sbrk_start
 .bss.__malloc_free_list
                0x20000efc        0x4 C:/ST/STM32CubeIDE_1.19.0/STM32CubeIDE/plugins/com.st.stm32cube.ide.mcu.externaltools.gnu-tools-for-stm32.13.3.rel1.win32_1.0.0.202411081344/tools/bin/../lib/gcc/arm-none-eabi/13.3.1/../../../../arm-none-eabi/lib/thumb/v7e-m+fp/hard\libc_nano.a(libc_a-mallocr.o)
                0x20000efc                __malloc_free_list
 .bss.__sf      0x20000f00      0x138 C:/ST/STM32CubeIDE_1.19.0/STM32CubeIDE/plugins/com.st.stm32cube.ide.mcu.externaltools.gnu-tools-for-stm32.13.3.rel1.win32_1.0.0.202411081344/tools/bin/../lib/gcc/arm-none-eabi/13.3.1/../../../../arm-none-eabi/lib/thumb/v7e-m+fp/hard\libc_nano.a(libc_a-findfp.o)
                0x20000f00                __sf
 .bss.__stdio_exit_handler
                0x20001038        0x4 C:/ST/STM32CubeIDE_1.19.0/STM32CubeIDE/plugins/com.st.stm32cube.ide.mcu.externaltools.gnu-tools-for-stm32.13.3.rel1.win32_1.0.0.202411081344/tools/bin/../lib/gcc/arm-none-eabi/13.3.1/../../../../arm-none-eabi/lib/thumb/v7e-m+fp/hard\libc_nano.a(libc_a-findfp.o)
                0x20001038                __stdio_exit_handler
 .bss.errno     0x2000103c        0x4 C:/ST/STM32CubeIDE_1.19.0/STM32CubeIDE/plugins/com.st.stm32cube.ide.mcu.externaltools.gnu-tools-for-stm32.13.3.rel1.win32_1.0.0.202411081344/tools/bin/../lib/gcc/arm-none-eabi/13.3.1/../../../../arm-none-eabi/lib/thumb/v7e-m+fp/hard\libc_nano.a(libc_a-reent.o)
                0x2000103c                errno
 .bss.__lock___malloc_recursive_mutex
                0x20001040        0x1 C:/ST/STM32CubeIDE_1.19.0/STM32CubeIDE/plugins/com.st.stm32cube.ide.mcu.externaltools.gnu-tools-for-stm32.13.3.rel1.win32_1.0.0.202411081344/tools/bin/../lib/gcc/arm-none-eabi/13.3.1/../../../../arm-none-eabi/lib/thumb/v7e-m+fp/hard\libc_nano.a(libc_a-lock.o)
                0x20001040                __lock___malloc_recursive_mutex
 .bss.__lock___sfp_recursive_mutex
                0x20001041        0x1 C:/ST/STM32CubeIDE_1.19.0/STM32CubeIDE/plugins/com.st.stm32cube.ide.mcu.externaltools.gnu-tools-for-stm32.13.3.rel1.win32_1.0.0.202411081344/tools/bin/../lib/gcc/arm-none-eabi/13.3.1/../../../../arm-none-eabi/lib/thumb/v7e-m+fp/hard\libc_nano.a(libc_a-lock.o)
                0x20001041                __lock___sfp_recursive_mutex
 *(COMMON)
                0x20001044                        . = ALIGN (0x4)
 *fill*         0x20001042        0x2 
                0x20001044                        _ebss = .
                0x20001044                        __bss_end__ = _ebss

._user_heap_stack
                0x20001044      0x604 load address 0x0800bdb8
                0x20001048                        . = ALIGN (0x8)
 *fill*         0x20001044        0x4 
                [!provide]                        PROVIDE (end = .)
                0x20001048                        PROVIDE (_end = .)
                0x20001248                        . = (. + _Min_Heap_Size)
 *fill*         0x20001048      0x200 
                0x20001648                        . = (. + _Min_Stack_Size)
 *fill*         0x20001248      0x400 
                0x20001648                        . = ALIGN (0x8)

/DISCARD/
 libc.a(*)
 libm.a(*)
 libgcc.a(*)

.ARM.attributes
                0x00000000       0x30
 *(.ARM.attributes)
 .ARM.attributes
                0x00000000       0x22 C:/ST/STM32CubeIDE_1.19.0/STM32CubeIDE/plugins/com.st.stm32cube.ide.mcu.externaltools.gnu-tools-for-stm32.13.3.rel1.win32_1.0.0.202411081344/tools/bin/../lib/gcc/arm-none-eabi/13.3.1/thumb/v7e-m+fp/hard/crti.o
 .ARM.attributes
                0x00000022       0x34 C:/ST/STM32CubeIDE_1.19.0/STM32CubeIDE/plugins/com.st.stm32cube.ide.mcu.externaltools.gnu-tools-for-stm32.13.3.rel1.win32_1.0.0.202411081344/tools/bin/../lib/gcc/arm-none-eabi/13.3.1/thumb/v7e-m+fp/hard/crtbegin.o
 .ARM.attributes
                0x00000056       0x34 ./Core/Src/main.o
 .ARM.attributes
                0x0000008a       0x34 ./Core/Src/stm32l4xx_hal_msp.o
 .ARM.attributes
                0x000000be       0x34 ./Core/Src/stm32l4xx_it.o
 .ARM.attributes
                0x000000f2       0x34 ./Core/Src/syscalls.o
 .ARM.attributes
                0x00000126       0x34 ./Core/Src/sysmem.o
 .ARM.attributes
                0x0000015a       0x34 ./Core/Src/system_stm32l4xx.o
 .ARM.attributes
                0x0000018e       0x21 ./Core/Startup/startup_stm32l476rgtx.o
 .ARM.attributes
                0x000001af       0x34 ./Drivers/STM32L4xx_HAL_Driver/Src/stm32l4xx_hal.o
 .ARM.attributes
                0x000001e3       0x34 ./Drivers/STM32L4xx_HAL_Driver/Src/stm32l4xx_hal_cortex.o
 .ARM.attributes
                0x00000217       0x34 ./Drivers/STM32L4xx_HAL_Driver/Src/stm32l4xx_hal_dma.o
 .ARM.attributes
                0x0000024b       0x34 ./Drivers/STM32L4xx_HAL_Driver/Src/stm32l4xx_hal_gpio.o
 .ARM.attributes
                0x0000027f       0x34 ./Drivers/STM32L4xx_HAL_Driver/Src/stm32l4xx_hal_i2c.o
 .ARM.attributes
                0x000002b3       0x34 ./Drivers/STM32L4xx_HAL_Driver/Src/stm32l4xx_hal_i2c_ex.o
 .ARM.attributes
                0x000002e7       0x34 ./Drivers/STM32L4xx_HAL_Driver/Src/stm32l4xx_hal_pwr_ex.o
 .ARM.attributes
                0x0000031b       0x34 ./Drivers/STM32L4xx_HAL_Driver/Src/stm32l4xx_hal_rcc.o
 .ARM.attributes
                0x0000034f       0x34 ./Drivers/STM32L4xx_HAL_Driver/Src/stm32l4xx_hal_rcc_ex.o
 .ARM.attributes
                0x00000383       0x34 ./Drivers/STM32L4xx_HAL_Driver/Src/stm32l4xx_hal_spi.o
 .ARM.attributes
                0x000003b7       0x34 ./Drivers/STM32L4xx_HAL_Driver/Src/stm32l4xx_hal_tim.o
 .ARM.attributes
                0x000003eb       0x34 ./Drivers/STM32L4xx_HAL_Driver/Src/stm32l4xx_hal_tim_ex.o
 .ARM.attributes
                0x0000041f       0x34 ./Drivers/STM32L4xx_HAL_Driver/Src/stm32l4xx_hal_uart.o
 .ARM.attributes
                0x00000453       0x34 ./src/delay.o
 .ARM.attributes
                0x00000487       0x34 ./src/flow_sensor.o
 .ARM.attributes
                0x000004bb       0x34 ./src/keypad.o
 .ARM.attributes
                0x000004ef       0x34 ./src/lcd.o
 .ARM.attributes
                0x00000523       0x34 ./src/max31856.o
 .ARM.attributes
                0x00000557       0x34 ./src/pwm.o
 .ARM.attributes
                0x0000058b       0x34 ./src/rotary_encoder.o
 .ARM.attributes
                0x000005bf       0x34 ./src/run.o
 .ARM.attributes
                0x000005f3       0x34 C:/ST/STM32CubeIDE_1.19.0/STM32CubeIDE/plugins/com.st.stm32cube.ide.mcu.externaltools.gnu-tools-for-stm32.13.3.rel1.win32_1.0.0.202411081344/tools/bin/../lib/gcc/arm-none-eabi/13.3.1/../../../../arm-none-eabi/lib/thumb/v7e-m+fp/hard\libc_nano.a(libc_a-mallocr.o)
 .ARM.attributes
                0x00000627       0x34 C:/ST/STM32CubeIDE_1.19.0/STM32CubeIDE/plugins/com.st.stm32cube.ide.mcu.externaltools.gnu-tools-for-stm32.13.3.rel1.win32_1.0.0.202411081344/tools/bin/../lib/gcc/arm-none-eabi/13.3.1/../../../../arm-none-eabi/lib/thumb/v7e-m+fp/hard\libc_nano.a(libc_a-mlock.o)
 .ARM.attributes
                0x0000065b       0x34 C:/ST/STM32CubeIDE_1.19.0/STM32CubeIDE/plugins/com.st.stm32cube.ide.mcu.externaltools.gnu-tools-for-stm32.13.3.rel1.win32_1.0.0.202411081344/tools/bin/../lib/gcc/arm-none-eabi/13.3.1/../../../../arm-none-eabi/lib/thumb/v7e-m+fp/hard\libc_nano.a(libc_a-findfp.o)
 .ARM.attributes
                0x0000068f       0x34 C:/ST/STM32CubeIDE_1.19.0/STM32CubeIDE/plugins/com.st.stm32cube.ide.mcu.externaltools.gnu-tools-for-stm32.13.3.rel1.win32_1.0.0.202411081344/tools/bin/../lib/gcc/arm-none-eabi/13.3.1/../../../../arm-none-eabi/lib/thumb/v7e-m+fp/hard\libc_nano.a(libc_a-fwalk.o)
 .ARM.attributes
                0x000006c3       0x34 C:/ST/STM32CubeIDE_1.19.0/STM32CubeIDE/plugins/com.st.stm32cube.ide.mcu.externaltools.gnu-tools-for-stm32.13.3.rel1.win32_1.0.0.202411081344/tools/bin/../lib/gcc/arm-none-eabi/13.3.1/../../../../arm-none-eabi/lib/thumb/v7e-m+fp/hard\libc_nano.a(libc_a-printf.o)
 .ARM.attributes