Archive member included to satisfy reference by file (symbol)

C:/ST/STM32CubeIDE_1.19.0/STM32CubeIDE/plugins/com.st.stm32cube.ide.mcu.externaltools.gnu-tools-for-stm32.13.3.rel1.win32_1.0.0.202411081344/tools/bin/../lib/gcc/arm-none-eabi/13.3.1/../../../../arm-none-eabi/lib/thumb/v7e-m+fp/hard\libc_nano.a(libc_a-atoi.o)
                              ./Core/Src/sd_functions.o (atoi)
C:/ST/STM32CubeIDE_1.19.0/STM32CubeIDE/plugins/com.st.stm32cube.ide.mcu.externaltools.gnu-tools-for-stm32.13.3.rel1.win32_1.0.0.202411081344/tools/bin/../lib/gcc/arm-none-eabi/13.3.1/../../../../arm-none-eabi/lib/thumb/v7e-m+fp/hard\libc_nano.a(libc_a-exit.o)
                              C:/ST/STM32CubeIDE_1.19.0/STM32CubeIDE/plugins/com.st.stm32cube.ide.mcu.externaltools.gnu-tools-for-stm32.13.3.rel1.win32_1.0.0.202411081344/tools/bin/../lib/gcc/arm-none-eabi/13.3.1/../../../../arm-none-eabi/lib/thumb/v7e-m+fp/hard/crt0.o (exit)
C:/ST/STM32CubeIDE_1.19.0/STM32CubeIDE/plugins/com.st.stm32cube.ide.mcu.externaltools.gnu-tools-for-stm32.13.3.rel1.win32_1.0.0.202411081344/tools/bin/../lib/gcc/arm-none-eabi/13.3.1/../../../../arm-none-eabi/lib/thumb/v7e-m+fp/hard\libc_nano.a(libc_a-malloc.o)
                              ./Middlewares/Third_Party/FatFs/src/option/syscall.o (malloc)
C:/ST/STM32CubeIDE_1.19.0/STM32CubeIDE/plugins/com.st.stm32cube.ide.mcu.externaltools.gnu-tools-for-stm32.13.3.rel1.win32_1.0.0.202411081344/tools/bin/../lib/gcc/arm-none-eabi/13.3.1/../../../../arm-none-eabi/lib/thumb/v7e-m+fp/hard\libc_nano.a(libc_a-mallocr.o)
                              C:/ST/STM32CubeIDE_1.19.0/STM32CubeIDE/plugins/com.st.stm32cube.ide.mcu.externaltools.gnu-tools-for-stm32.13.3.rel1.win32_1.0.0.202411081344/tools/bin/../lib/gcc/arm-none-eabi/13.3.1/../../../../arm-none-eabi/lib/thumb/v7e-m+fp/hard\libc_nano.a(libc_a-malloc.o) (_malloc_r)
C:/ST/STM32CubeIDE_1.19.0/STM32CubeIDE/plugins/com.st.stm32cube.ide.mcu.externaltools.gnu-tools-for-stm32.13.3.rel1.win32_1.0.0.202411081344/tools/bin/../lib/gcc/arm-none-eabi/13.3.1/../../../../arm-none-eabi/lib/thumb/v7e-m+fp/hard\libc_nano.a(libc_a-mlock.o)
                              C:/ST/STM32CubeIDE_1.19.0/STM32CubeIDE/plugins/com.st.stm32cube.ide.mcu.externaltools.gnu-tools-for-stm32.13.3.rel1.win32_1.0.0.202411081344/tools/bin/../lib/gcc/arm-none-eabi/13.3.1/../../../../arm-none-eabi/lib/thumb/v7e-m+fp/hard\libc_nano.a(libc_a-mallocr.o) (__malloc_lock)
C:/ST/STM32CubeIDE_1.19.0/STM32CubeIDE/plugins/com.st.stm32cube.ide.mcu.externaltools.gnu-tools-for-stm32.13.3.rel1.win32_1.0.0.202411081344/tools/bin/../lib/gcc/arm-none-eabi/13.3.1/../../../../arm-none-eabi/lib/thumb/v7e-m+fp/hard\libc_nano.a(libc_a-strtod.o)
                              ./src/rotary_encoder.o (strtof)
C:/ST/STM32CubeIDE_1.19.0/STM32CubeIDE/plugins/com.st.stm32cube.ide.mcu.externaltools.gnu-tools-for-stm32.13.3.rel1.win32_1.0.0.202411081344/tools/bin/../lib/gcc/arm-none-eabi/13.3.1/../../../../arm-none-eabi/lib/thumb/v7e-m+fp/hard\libc_nano.a(libc_a-strtol.o)
                              C:/ST/STM32CubeIDE_1.19.0/STM32CubeIDE/plugins/com.st.stm32cube.ide.mcu.externaltools.gnu-tools-for-stm32.13.3.rel1.win32_1.0.0.202411081344/tools/bin/../lib/gcc/arm-none-eabi/13.3.1/../../../../arm-none-eabi/lib/thumb/v7e-m+fp/hard\libc_nano.a(libc_a-atoi.o) (_strtol_r)
C:/ST/STM32CubeIDE_1.19.0/STM32CubeIDE/plugins/com.st.stm32cube.ide.mcu.externaltools.gnu-tools-for-stm32.13.3.rel1.win32_1.0.0.202411081344/tools/bin/../lib/gcc/arm-none-eabi/13.3.1/../../../../arm-none-eabi/lib/thumb/v7e-m+fp/hard\libc_nano.a(libc_a-strtoul.o)
                              ./src/rotary_encoder.o (strtoul)
C:/ST/STM32CubeIDE_1.19.0/STM32CubeIDE/plugins/com.st.stm32cube.ide.mcu.externaltools.gnu-tools-for-stm32.13.3.rel1.win32_1.0.0.202411081344/tools/bin/../lib/gcc/arm-none-eabi/13.3.1/../../../../arm-none-eabi/lib/thumb/v7e-m+fp/hard\libc_nano.a(libc_a-ctype_.o)
                              C:/ST/STM32CubeIDE_1.19.0/STM32CubeIDE/plugins/com.st.stm32cube.ide.mcu.externaltools.gnu-tools-for-stm32.13.3.rel1.win32_1.0.0.202411081344/tools/bin/../lib/gcc/arm-none-eabi/13.3.1/../../../../arm-none-eabi/lib/thumb/v7e-m+fp/hard\libc_nano.a(libc_a-strtol.o) (_ctype_)
C:/ST/STM32CubeIDE_1.19.0/STM32CubeIDE/plugins/com.st.stm32cube.ide.mcu.externaltools.gnu-tools-for-stm32.13.3.rel1.win32_1.0.0.202411081344/tools/bin/../lib/gcc/arm-none-eabi/13.3.1/../../../../arm-none-eabi/lib/thumb/v7e-m+fp/hard\libc_nano.a(libc_a-findfp.o)
                              C:/ST/STM32CubeIDE_1.19.0/STM32CubeIDE/plugins/com.st.stm32cube.ide.mcu.externaltools.gnu-tools-for-stm32.13.3.rel1.win32_1.0.0.202411081344/tools/bin/../lib/gcc/arm-none-eabi/13.3.1/../../../../arm-none-eabi/lib/thumb/v7e-m+fp/hard\libc_nano.a(libc_a-exit.o) (__stdio_exit_handler)
[...]
Memory Configuration

Name             Origin             Length             Attributes
RAM              0x20000000         0x00018000         xrw
RAM2             0x10000000         0x00008000         xrw
FLASH            0x08000000         0x00100000         xr
*default*        0x00000000         0xffffffff

Linker script and memory map

LOAD C:/ST/STM32CubeIDE_1.19.0/STM32CubeIDE/plugins/com.st.stm32cube.ide.mcu.externaltools.gnu-tools-for-stm32.13.3.rel1.win32_1.0.0.202411081344/tools/bin/../lib/gcc/arm-none-eabi/13.3.1/thumb/v7e-m+fp/hard/crti.o
LOAD C:/ST/STM32CubeIDE_1.19.0/STM32CubeIDE/plugins/com.st.stm32cube.ide.mcu.externaltools.gnu-tools-for-stm32.13.3.rel1.win32_1.0.0.202411081344/tools/bin/../lib/gcc/arm-none-eabi/13.3.1/thumb/v7e-m+fp/hard/crtbegin.o
LOAD C:/ST/STM32CubeIDE_1.19.0/STM32CubeIDE/plugins/com.st.stm32cube.ide.mcu.externaltools.gnu-tools-for-stm32.13.3.rel1.win32_1.0.0.202411081344/tools/bin/../lib/gcc/arm-none-eabi/13.3.1/../../../../arm-none-eabi/lib/thumb/v7e-m+fp/hard/crt0.o
LOAD ./Core/Src/main.o
LOAD ./Core/Src/sd_benchmark.o
LOAD ./Core/Src/sd_diskio_spi.o
LOAD ./Core/Src/sd_functions.o
LOAD ./Core/Src/sd_spi.o
LOAD ./Core/Src/stm32l4xx_hal_msp.o
LOAD ./Core/Src/stm32l4xx_it.o
LOAD ./Core/Src/syscalls.o
LOAD ./Core/Src/sysmem.o
LOAD ./Core/Src/system_stm32l4xx.o
LOAD ./Core/Startup/startup_stm32l476rgtx.o
LOAD ./Drivers/STM32L4xx_HAL_Driver/Src/stm32l4xx_hal.o
LOAD ./Drivers/STM32L4xx_HAL_Driver/Src/stm32l4xx_hal_adc.o
LOAD ./Drivers/STM32L4xx_HAL_Driver/Src/stm32l4xx_hal_adc_ex.o
LOAD ./Drivers/STM32L4xx_HAL_Driver/Src/stm32l4xx_hal_cortex.o
LOAD ./Drivers/STM32L4xx_HAL_Driver/Src/stm32l4xx_hal_dma.o
LOAD ./Drivers/STM32L4xx_HAL_Driver/Src/stm32l4xx_hal_dma_ex.o
LOAD ./Drivers/STM32L4xx_HAL_Driver/Src/stm32l4xx_hal_exti.o
LOAD ./Drivers/STM32L4xx_HAL_Driver/Src/stm32l4xx_hal_flash.o
LOAD ./Drivers/STM32L4xx_HAL_Driver/Src/stm32l4xx_hal_flash_ex.o
LOAD ./Drivers/STM32L4xx_HAL_Driver/Src/stm32l4xx_hal_flash_ramfunc.o
LOAD ./Drivers/STM32L4xx_HAL_Driver/Src/stm32l4xx_hal_gpio.o
LOAD ./Drivers/STM32L4xx_HAL_Driver/Src/stm32l4xx_hal_i2c.o
LOAD ./Drivers/STM32L4xx_HAL_Driver/Src/stm32l4xx_hal_i2c_ex.o
LOAD ./Drivers/STM32L4xx_HAL_Driver/Src/stm32l4xx_hal_pwr.o
LOAD ./Drivers/STM32L4xx_HAL_Driver/Src/stm32l4xx_hal_pwr_ex.o
LOAD ./Drivers/STM32L4xx_HAL_Driver/Src/stm32l4xx_hal_rcc.o
LOAD ./Drivers/STM32L4xx_HAL_Driver/Src/stm32l4xx_hal_rcc_ex.o
LOAD ./Drivers/STM32L4xx_HAL_Driver/Src/stm32l4xx_hal_spi.o
LOAD ./Drivers/STM32L4xx_HAL_Driver/Src/stm32l4xx_hal_spi_ex.o
LOAD ./Drivers/STM32L4xx_HAL_Driver/Src/stm32l4xx_hal_tim.o
LOAD ./Drivers/STM32L4xx_HAL_Driver/Src/stm32l4xx_hal_tim_ex.o
LOAD ./Drivers/STM32L4xx_HAL_Driver/Src/stm32l4xx_hal_uart.o
LOAD ./Drivers/STM32L4xx_HAL_Driver/Src/stm32l4xx_hal_uart_ex.o
LOAD ./FATFS/App/fatfs.o
LOAD ./FATFS/Target/user_diskio.o
LOAD ./Middlewares/Third_Party/FatFs/src/diskio.o
LOAD ./Middlewares/Third_Party/FatFs/src/ff.o
LOAD ./Middlewares/Third_Party/FatFs/src/ff_gen_drv.o
LOAD ./Middlewares/Third_Party/FatFs/src/option/ccsbcs.o
LOAD ./Middlewares/Third_Party/FatFs/src/option/syscall.o
LOAD ./src/PID.o
LOAD ./src/adc.o
LOAD ./src/delay.o
LOAD ./src/flow_sensor.o
LOAD ./src/keypad.o
LOAD ./src/lcd.o
LOAD ./src/lcd_ui.o
LOAD ./src/max31856.o
LOAD ./src/max6675.o
LOAD ./src/pwm.o
LOAD ./src/rotary_encoder.o
LOAD ./src/run.o
LOAD ./src/save.o
LOAD ./src/uis/set_number.o
LOAD ./src/uis/set_pid.o
LOAD ./src/uis/set_settings.o
LOAD ./src/uis/system_vitals.o
START GROUP
LOAD C:/ST/STM32CubeIDE_1.19.0/STM32CubeIDE/plugins/com.st.stm32cube.ide.mcu.externaltools.gnu-tools-for-stm32.13.3.rel1.win32_1.0.0.202411081344/tools/bin/../lib/gcc/arm-none-eabi/13.3.1/../../../../arm-none-eabi/lib/thumb/v7e-m+fp/hard\libc_nano.a
LOAD C:/ST/STM32CubeIDE_1.19.0/STM32CubeIDE/plugins/com.st.stm32cube.ide.mcu.externaltools.gnu-tools-for-stm32.13.3.rel1.win32_1.0.0.202411081344/tools/bin/../lib/gcc/arm-none-eabi/13.3.1/../../../../arm-none-eabi/lib/thumb/v7e-m+fp/hard\libm.a
END GROUP
START GROUP
LOAD C:/ST/STM32CubeIDE_1.19.0/STM32CubeIDE/plugins/com.st.stm32cube.ide.mcu.externaltools.gnu-tools-for-stm32.13.3.rel1.win32_1.0.0.202411081344/tools/bin/../lib/gcc/arm-none-eabi/13.3.1/thumb/v7e-m+fp/hard\libgcc.a
LOAD C:/ST/STM32CubeIDE_1.19.0/STM32CubeIDE/plugins/com.st.stm32cube.ide.mcu.externaltools.gnu-tools-for-stm32.13.3.rel1.win32_1.0.0.202411081344/tools/bin/../lib/gcc/arm-none-eabi/13.3.1/../../../../arm-none-eabi/lib/thumb/v7e-m+fp/hard\libc_nano.a
END GROUP
START GROUP
LOAD C:/ST/STM32CubeIDE_1.19.0/STM32CubeIDE/plugins/com.st.stm32cube.ide.mcu.externaltools.gnu-tools-for-stm32.13.3.rel1.win32_1.0.0.202411081344/tools/bin/../lib/gcc/arm-none-eabi/13.3.1/thumb/v7e-m+fp/hard\libgcc.a
LOAD C:/ST/STM32CubeIDE_1.19.0/STM32CubeIDE/plugins/com.st.stm32cube.ide.mcu.externaltools.gnu-tools-for-stm32.13.3.rel1.win32_1.0.0.202411081344/tools/bin/../lib/gcc/arm-none-eabi/13.3.1/../../../../arm-none-eabi/lib/thumb/v7e-m+fp/hard\libc_nano.a
LOAD C:/ST/STM32CubeIDE_1.19.0/STM32CubeIDE/plugins/com.st.stm32cube.ide.mcu.externaltools.gnu-tools-for-stm32.13.3.rel1.win32_1.0.0.202411081344/tools/bin/../lib/gcc/arm-none-eabi/13.3.1/../../../../arm-none-eabi/lib/thumb/v7e-m+fp/hard\libnosys.a
END GROUP
START GROUP
LOAD C:/ST/STM32CubeIDE_1.19.0/STM32CubeIDE/plugins/com.st.stm32cube.ide.mcu.externaltools.gnu-tools-for-stm32.13.3.rel1.win32_1.0.0.202411081344/tools/bin/../lib/gcc/arm-none-eabi/13.3.1/thumb/v7e-m+fp/hard\libgcc.a
LOAD C:/ST/STM32CubeIDE_1.19.0/STM32CubeIDE/plugins/com.st.stm32cube.ide.mcu.externaltools.gnu-tools-for-stm32.13.3.rel1.win32_1.0.0.202411081344/tools/bin/../lib/gcc/arm-none-eabi/13.3.1/../../../../arm-none-eabi/lib/thumb/v7e-m+fp/hard\libc_nano.a
LOAD C:/ST/STM32CubeIDE_1.19.0/STM32CubeIDE/plugins/com.st.stm32cube.ide.mcu.externaltools.gnu-tools-for-stm32.13.3.rel1.win32_1.0.0.202411081344/tools/bin/../lib/gcc/arm-none-eabi/13.3.1/../../../../arm-none-eabi/lib/thumb/v7e-m+fp/hard\libnosys.a
END GROUP
LOAD C:/ST/STM32CubeIDE_1.19.0/STM32CubeIDE/plugins/com.st.stm32cube.ide.mcu.externaltools.gnu-tools-for-stm32.13.3.rel1.win32_1.0.0.202411081344/tools/bin/../lib/gcc/arm-none-eabi/13.3.1/thumb/v7e-m+fp/hard/crtend.o
LOAD C:/ST/STM32CubeIDE_1.19.0/STM32CubeIDE/plugins/com.st.stm32cube.ide.mcu.externaltools.gnu-tools-for-stm32.13.3.rel1.win32_1.0.0.202411081344/tools/bin/../lib/gcc/arm-none-eabi/13.3.1/thumb/v7e-m+fp/hard/crtn.o
                0x20018000                        _estack = (ORIGIN (RAM) + LENGTH (RAM))
                0x00000200                        _Min_Heap_Size = 0x200
                0x00000400                        _Min_Stack_Size = 0x400

.isr_vector     0x08000000      0x188
                0x08000000                        . = ALIGN (0x4)
 *(.isr_vector)
 .isr_vector    0x08000000      0x188 ./Core/Startup/startup_stm32l476rgtx.o
                0x08000000                g_pfnVectors
                0x08000188                        . = ALIGN (0x4)

.text           0x08000190    0x15c8c
                0x08000190                        . = ALIGN (0x4)
 *(.text)
 .text          0x08000190       0x40 C:/ST/STM32CubeIDE_1.19.0/STM32CubeIDE/plugins/com.st.stm32cube.ide.mcu.externaltools.gnu-tools-for-stm32.13.3.rel1.win32_1.0.0.202411081344/tools/bin/../lib/gcc/arm-none-eabi/13.3.1/thumb/v7e-m+fp/hard/crtbegin.o
 .text          0x080001d0       0x10 C:/ST/STM32CubeIDE_1.19.0/STM32CubeIDE/plugins/com.st.stm32cube.ide.mcu.externaltools.gnu-tools-for-stm32.13.3.rel1.win32_1.0.0.202411081344/tools/bin/../lib/gcc/arm-none-eabi/13.3.1/../../../../arm-none-eabi/lib/thumb/v7e-m+fp/hard\libc_nano.a(libc_a-strlen.o)
                0x080001d0                strlen
 .text          0x080001e0       0xa0 C:/ST/STM32CubeIDE_1.19.0/STM32CubeIDE/plugins/com.st.stm32cube.ide.mcu.externaltools.gnu-tools-for-stm32.13.3.rel1.win32_1.0.0.202411081344/tools/bin/../lib/gcc/arm-none-eabi/13.3.1/../../../../arm-none-eabi/lib/thumb/v7e-m+fp/hard\libc_nano.a(libc_a-memchr.o)
                0x080001e0                memchr
 .text          0x08000280      0x378 C:/ST/STM32CubeIDE_1.19.0/STM32CubeIDE/plugins/com.st.stm32cube.ide.mcu.externaltools.gnu-tools-for-stm32.13.3.rel1.win32_1.0.0.202411081344/tools/bin/../lib/gcc/arm-none-eabi/13.3.1/thumb/v7e-m+fp/hard\libgcc.a(_arm_addsubdf3.o)
                0x08000280                __aeabi_drsub
                0x08000288                __aeabi_dsub
                0x08000288                __subdf3
                0x0800028c                __aeabi_dadd
                0x0800028c                __adddf3
                0x08000504                __floatunsidf
                0x08000504                __aeabi_ui2d
                0x08000524                __floatsidf
                0x08000524                __aeabi_i2d
                0x08000548                __aeabi_f2d
                0x08000548                __extendsfdf2
                0x0800058c                __floatundidf
                0x0800058c                __aeabi_ul2d
                0x0800059c                __floatdidf
                0x0800059c                __aeabi_l2d
 .text          0x080005f8      0x424 C:/ST/STM32CubeIDE_1.19.0/STM32CubeIDE/plugins/com.st.stm32cube.ide.mcu.externaltools.gnu-tools-for-stm32.13.3.rel1.win32_1.0.0.202411081344/tools/bin/../lib/gcc/arm-none-eabi/13.3.1/thumb/v7e-m+fp/hard\libgcc.a(_arm_muldivdf3.o)
                0x080005f8                __aeabi_dmul
                0x080005f8                __muldf3
                0x0800084c                __divdf3
                0x0800084c                __aeabi_ddiv
 .text          0x08000a1c      0x110 C:/ST/STM32CubeIDE_1.19.0/STM32CubeIDE/plugins/com.st.stm32cube.ide.mcu.externaltools.gnu-tools-for-stm32.13.3.rel1.win32_1.0.0.202411081344/tools/bin/../lib/gcc/arm-none-eabi/13.3.1/thumb/v7e-m+fp/hard\libgcc.a(_arm_cmpdf2.o)
                0x08000a1c                __gtdf2
                0x08000a1c                __gedf2
                0x08000a24                __ltdf2
                0x08000a24                __ledf2
                0x08000a2c                __nedf2
                0x08000a2c                __eqdf2
                0x08000a2c                __cmpdf2
                0x08000aa8                __aeabi_cdrcmple
                0x08000ab8                __aeabi_cdcmpeq
                0x08000ab8                __aeabi_cdcmple
                0x08000ac8                __aeabi_dcmpeq
                0x08000adc                __aeabi_dcmplt
                0x08000af0                __aeabi_dcmple
                0x08000b04                __aeabi_dcmpge
                0x08000b18                __aeabi_dcmpgt
 .text          0x08000b2c       0x2c C:/ST/STM32CubeIDE_1.19.0/STM32CubeIDE/plugins/com.st.stm32cube.ide.mcu.externaltools.gnu-tools-for-stm32.13.3.rel1.win32_1.0.0.202411081344/tools/bin/../lib/gcc/arm-none-eabi/13.3.1/thumb/v7e-m+fp/hard\libgcc.a(_arm_unorddf2.o)
                0x08000b2c                __unorddf2
                0x08000b2c                __aeabi_dcmpun
 .text          0x08000b58       0x50 C:/ST/STM32CubeIDE_1.19.0/STM32CubeIDE/plugins/com.st.stm32cube.ide.mcu.externaltools.gnu-tools-for-stm32.13.3.rel1.win32_1.0.0.202411081344/tools/bin/../lib/gcc/arm-none-eabi/13.3.1/thumb/v7e-m+fp/hard\libgcc.a(_arm_fixdfsi.o)
                0x08000b58                __aeabi_d2iz
                0x08000b58                __fixdfsi
 .text          0x08000ba8       0x40 C:/ST/STM32CubeIDE_1.19.0/STM32CubeIDE/plugins/com.st.stm32cube.ide.mcu.externaltools.gnu-tools-for-stm32.13.3.rel1.win32_1.0.0.202411081344/tools/bin/../lib/gcc/arm-none-eabi/13.3.1/thumb/v7e-m+fp/hard\libgcc.a(_arm_fixunsdfsi.o)
                0x08000ba8                __aeabi_d2uiz
                0x08000ba8                __fixunsdfsi
 .text          0x08000be8       0xa0 C:/ST/STM32CubeIDE_1.19.0/STM32CubeIDE/plugins/com.st.stm32cube.ide.mcu.externaltools.gnu-tools-for-stm32.13.3.rel1.win32_1.0.0.202411081344/tools/bin/../lib/gcc/arm-none-eabi/13.3.1/thumb/v7e-m+fp/hard\libgcc.a(_arm_truncdfsf2.o)
                0x08000be8                __truncdfsf2
                0x08000be8                __aeabi_d2f
 .text          0x08000c88       0x30 C:/ST/STM32CubeIDE_1.19.0/STM32CubeIDE/plugins/com.st.stm32cube.ide.mcu.externaltools.gnu-tools-for-stm32.13.3.rel1.win32_1.0.0.202411081344/tools/bin/../lib/gcc/arm-none-eabi/13.3.1/thumb/v7e-m+fp/hard\libgcc.a(_aeabi_uldivmod.o)
                0x08000c88                __aeabi_uldivmod
 .text          0x08000cb8       0x30 C:/ST/STM32CubeIDE_1.19.0/STM32CubeIDE/plugins/com.st.stm32cube.ide.mcu.externaltools.gnu-tools-for-stm32.13.3.rel1.win32_1.0.0.202411081344/tools/bin/../lib/gcc/arm-none-eabi/13.3.1/thumb/v7e-m+fp/hard\libgcc.a(_fixdfdi.o)
                0x08000cb8                __fixdfdi
                0x08000cb8                __aeabi_d2lz
 .text          0x08000ce8       0x3c C:/ST/STM32CubeIDE_1.19.0/STM32CubeIDE/plugins/com.st.stm32cube.ide.mcu.externaltools.gnu-tools-for-stm32.13.3.rel1.win32_1.0.0.202411081344/tools/bin/../lib/gcc/arm-none-eabi/13.3.1/thumb/v7e-m+fp/hard\libgcc.a(_fixunsdfdi.o)
                0x08000ce8                __fixunsdfdi
                0x08000ce8                __aeabi_d2ulz
 .text          0x08000d24      0x2f8 C:/ST/STM32CubeIDE_1.19.0/STM32CubeIDE/plugins/com.st.stm32cube.ide.mcu.externaltools.gnu-tools-for-stm32.13.3.rel1.win32_1.0.0.202411081344/tools/bin/../lib/gcc/arm-none-eabi/13.3.1/thumb/v7e-m+fp/hard\libgcc.a(_udivmoddi4.o)
                0x08000d24                __udivmoddi4
 .text          0x0800101c        0x4 C:/ST/STM32CubeIDE_1.19.0/STM32CubeIDE/plugins/com.st.stm32cube.ide.mcu.externaltools.gnu-tools-for-stm32.13.3.rel1.win32_1.0.0.202411081344/tools/bin/../lib/gcc/arm-none-eabi/13.3.1/thumb/v7e-m+fp/hard\libgcc.a(_dvmd_tls.o)
                0x0800101c                __aeabi_idiv0
                0x0800101c                __aeabi_ldiv0
 *(.text*)
 .text.getTimer3Instance
                0x08001020       0x28 ./Core/Src/main.o
                0x08001020                getTimer3Instance
 .text.HAL_GPIO_EXTI_Callback
                0x08001048       0x64 ./Core/Src/main.o
                0x08001048                HAL_GPIO_EXTI_Callback
 .text.HAL_TIM_IC_CaptureCallback
                0x080010ac       0x48 ./Core/Src/main.o
                0x080010ac                HAL_TIM_IC_CaptureCallback
 .text.HAL_TIM_PeriodElapsedCallback
                0x080010f4       0x4c ./Core/Src/main.o
                0x080010f4                HAL_TIM_PeriodElapsedCallback
 .text._write   0x08001140       0x38 ./Core/Src/main.o
                0x08001140                _write
 .text.main     0x08001178       0x58 ./Core/Src/main.o
                0x08001178                main
 .text.SystemClock_Config
                0x080011d0       0xa2 ./Core/Src/main.o
                0x080011d0                SystemClock_Config
 *fill*         0x08001272        0x2 
 .text.MX_ADC1_Init
                0x08001274       0xf0 ./Core/Src/main.o
 .text.MX_SPI1_Init
                0x08001364       0x7c ./Core/Src/main.o
 .text.MX_SPI2_Init
                0x080013e0       0x7c ./Core/Src/main.o
 .text.MX_SPI3_Init
                0x0800145c       0x7c ./Core/Src/main.o
 .text.MX_TIM1_Init
                0x080014d8      0x15c ./Core/Src/main.o
 .text.MX_TIM2_Init
                0x08001634       0x9c ./Core/Src/main.o
 .text.MX_TIM3_Init
                0x080016d0       0xac ./Core/Src/main.o
 .text.MX_TIM8_Init
                0x0800177c      0x15c ./Core/Src/main.o
 .text.MX_USART2_UART_Init
                0x080018d8       0x60 ./Core/Src/main.o
 .text.MX_DMA_Init
                0x08001938       0x5c ./Core/Src/main.o
 .text.MX_GPIO_Init
                0x08001994      0x254 ./Core/Src/main.o
 .text.Error_Handler
                0x08001be8        0xc ./Core/Src/main.o
                0x08001be8                Error_Handler
 .text.SD_disk_status
                0x08001bf4       0x22 ./Core/Src/sd_diskio_spi.o
                0x08001bf4                SD_disk_status
 .text.SD_disk_initialize
                0x08001c16       0x2c ./Core/Src/sd_diskio_spi.o
                0x08001c16                SD_disk_initialize
 *fill*         0x08001c42        0x2 
 .text.SD_disk_read
                0x08001c44       0x50 ./Core/Src/sd_diskio_spi.o
                0x08001c44                SD_disk_read
 .text.SD_disk_write
                0x08001c94       0x50 ./Core/Src/sd_diskio_spi.o
                0x08001c94                SD_disk_write
 .text.SD_disk_ioctl
                0x08001ce4       0x6c ./Core/Src/sd_diskio_spi.o
                0x08001ce4                SD_disk_ioctl
 .text.sd_mount
                0x08001d50      0x128 ./Core/Src/sd_functions.o
                0x08001d50                sd_mount
 .text.sd_append_file
                0x08001e78      0x104 ./Core/Src/sd_functions.o
                0x08001e78                sd_append_file
 .text.HAL_SPI_TxCpltCallback
                0x08001f7c       0x2c ./Core/Src/sd_spi.o
                0x08001f7c                HAL_SPI_TxCpltCallback
 .text.HAL_SPI_TxRxCpltCallback
                0x08001fa8       0x2c ./Core/Src/sd_spi.o
                0x08001fa8                HAL_SPI_TxRxCpltCallback
 .text.SD_TransmitByte
                0x08001fd4       0x24 ./Core/Src/sd_spi.o
 .text.SD_ReceiveByte
                0x08001ff8       0x30 ./Core/Src/sd_spi.o
 .text.SD_TransmitBuffer
                0x08002028       0x3c ./Core/Src/sd_spi.o
 .text.SD_ReceiveBuffer
                0x08002064       0x5c ./Core/Src/sd_spi.o
 .text.SD_WaitReady
                0x080020c0       0x3a ./Core/Src/sd_spi.o
 .text.SD_SendCommand
                0x080020fa       0x82 ./Core/Src/sd_spi.o
 .text.sd_is_sdhc
                0x0800217c       0x18 ./Core/Src/sd_spi.o
                0x0800217c                sd_is_sdhc
 .text.SD_SPI_Init
                0x08002194      0x1e4 ./Core/Src/sd_spi.o
                0x08002194                SD_SPI_Init
 .text.SD_ReadBlocks
                0x08002378       0xd0 ./Core/Src/sd_spi.o
                0x08002378                SD_ReadBlocks
 .text.SD_ReadMultiBlocks
                0x08002448       0xd8 ./Core/Src/sd_spi.o
                0x08002448                SD_ReadMultiBlocks
 .text.SD_WriteBlocks
                0x08002520       0xcc ./Core/Src/sd_spi.o
                0x08002520                SD_WriteBlocks
 .text.SD_WriteMultiBlocks
                0x080025ec       0xdc ./Core/Src/sd_spi.o
                0x080025ec                SD_WriteMultiBlocks
 .text.HAL_MspInit
                0x080026c8       0x48 ./Core/Src/stm32l4xx_hal_msp.o
                0x080026c8                HAL_MspInit
 .text.HAL_ADC_MspInit
                0x08002710      0x130 ./Core/Src/stm32l4xx_hal_msp.o
                0x08002710                HAL_ADC_MspInit
 .text.HAL_SPI_MspInit
                0x08002840      0x204 ./Core/Src/stm32l4xx_hal_msp.o
                0x08002840                HAL_SPI_MspInit
 .text.HAL_TIM_Base_MspInit
                0x08002a44       0xa8 ./Core/Src/stm32l4xx_hal_msp.o
                0x08002a44                HAL_TIM_Base_MspInit
 .text.HAL_TIM_Encoder_MspInit
                0x08002aec       0x98 ./Core/Src/stm32l4xx_hal_msp.o
                0x08002aec                HAL_TIM_Encoder_MspInit
 .text.HAL_TIM_MspPostInit
                0x08002b84      0x130 ./Core/Src/stm32l4xx_hal_msp.o
                0x08002b84                HAL_TIM_MspPostInit
 .text.HAL_UART_MspInit
                0x08002cb4       0xb8 ./Core/Src/stm32l4xx_hal_msp.o
                0x08002cb4                HAL_UART_MspInit
 .text.NMI_Handler
                0x08002d6c        0x8 ./Core/Src/stm32l4xx_it.o
                0x08002d6c                NMI_Handler
 .text.HardFault_Handler
                0x08002d74        0x8 ./Core/Src/stm32l4xx_it.o
                0x08002d74                HardFault_Handler
 .text.MemManage_Handler
                0x08002d7c        0x8 ./Core/Src/stm32l4xx_it.o
                0x08002d7c                MemManage_Handler
 .text.BusFault_Handler
                0x08002d84        0x8 ./Core/Src/stm32l4xx_it.o
                0x08002d84                BusFault_Handler
 .text.UsageFault_Handler
                0x08002d8c        0x8 ./Core/Src/stm32l4xx_it.o
                0x08002d8c                UsageFault_Handler
 .text.SVC_Handler
                0x08002d94        0xe ./Core/Src/stm32l4xx_it.o
                0x08002d94                SVC_Handler
 .text.DebugMon_Handler
                0x08002da2        0xe ./Core/Src/stm32l4xx_it.o
                0x08002da2                DebugMon_Handler
 .text.PendSV_Handler
                0x08002db0        0xe ./Core/Src/stm32l4xx_it.o
                0x08002db0                PendSV_Handler
 .text.SysTick_Handler
                0x08002dbe        0xc ./Core/Src/stm32l4xx_it.o
                0x08002dbe                SysTick_Handler
 .text.EXTI3_IRQHandler
                0x08002dca        0xe ./Core/Src/stm32l4xx_it.o
                0x08002dca                EXTI3_IRQHandler
 .text.EXTI4_IRQHandler
                0x08002dd8        0xe ./Core/Src/stm32l4xx_it.o
                0x08002dd8                EXTI4_IRQHandler
 *fill*         0x08002de6        0x2 
 .text.DMA1_Channel1_IRQHandler
                0x08002de8       0x14 ./Core/Src/stm32l4xx_it.o
                0x08002de8                DMA1_Channel1_IRQHandler
 .text.DMA1_Channel2_IRQHandler
                0x08002dfc       0x14 ./Core/Src/stm32l4xx_it.o
                0x08002dfc                DMA1_Channel2_IRQHandler
 .text.DMA1_Channel3_IRQHandler
                0x08002e10       0x14 ./Core/Src/stm32l4xx_it.o
                0x08002e10                DMA1_Channel3_IRQHandler
 .text.EXTI9_5_IRQHandler
                0x08002e24        0xe ./Core/Src/stm32l4xx_it.o
                0x08002e24                EXTI9_5_IRQHandler
 *fill*         0x08002e32        0x2 
 .text.TIM1_TRG_COM_TIM17_IRQHandler
                0x08002e34       0x14 ./Core/Src/stm32l4xx_it.o
                0x08002e34                TIM1_TRG_COM_TIM17_IRQHandler
 .text.TIM2_IRQHandler
                0x08002e48       0x14 ./Core/Src/stm32l4xx_it.o
                0x08002e48                TIM2_IRQHandler
 .text.TIM3_IRQHandler
                0x08002e5c       0x14 ./Core/Src/stm32l4xx_it.o
                0x08002e5c                TIM3_IRQHandler
 .text.EXTI15_10_IRQHandler
                0x08002e70       0x18 ./Core/Src/stm32l4xx_it.o
                0x08002e70                EXTI15_10_IRQHandler
 .text._getpid  0x08002e88       0x10 ./Core/Src/syscalls.o
                0x08002e88                _getpid
 .text._kill    0x08002e98       0x20 ./Core/Src/syscalls.o
                0x08002e98                _kill
 .text._exit    0x08002eb8       0x16 ./Core/Src/syscalls.o
                0x08002eb8                _exit
 .text._read    0x08002ece       0x3a ./Core/Src/syscalls.o
                0x08002ece                _read
 .text._close   0x08002f08       0x18 ./Core/Src/syscalls.o
                0x08002f08                _close
 .text._fstat   0x08002f20       0x20 ./Core/Src/syscalls.o
                0x08002f20                _fstat
 .text._isatty  0x08002f40       0x16 ./Core/Src/syscalls.o
                0x08002f40                _isatty
 .text._lseek   0x08002f56       0x1a ./Core/Src/syscalls.o
                0x08002f56                _lseek
 .text._sbrk    0x08002f70       0x6c ./Core/Src/sysmem.o
                0x08002f70                _sbrk
 .text.SystemInit
                0x08002fdc       0x24 ./Core/Src/system_stm32l4xx.o
                0x08002fdc                SystemInit
 .text.Reset_Handler
                0x08003000       0x50 ./Core/Startup/startup_stm32l476rgtx.o
                0x08003000                Reset_Handler
 .text.Default_Handler
                0x08003050        0x2 ./Core/Startup/startup_stm32l476rgtx.o
                0x08003050                RTC_Alarm_IRQHandler
                0x08003050                EXTI2_IRQHandler
                0x08003050                TIM8_TRG_COM_IRQHandler
                0x08003050                TIM8_CC_IRQHandler
                0x08003050                TIM1_CC_IRQHandler
                0x08003050                TSC_IRQHandler
                0x08003050                TAMP_STAMP_IRQHandler
                0x08003050                LPTIM2_IRQHandler
                0x08003050                DFSDM1_FLT1_IRQHandler
                0x08003050                I2C3_ER_IRQHandler
                0x08003050                DFSDM1_FLT2_IRQHandler
                0x08003050                EXTI0_IRQHandler
                0x08003050                I2C2_EV_IRQHandler
                0x08003050                CAN1_RX0_IRQHandler
                0x08003050                FPU_IRQHandler
                0x08003050                TIM1_UP_TIM16_IRQHandler
                0x08003050                ADC1_2_IRQHandler
                0x08003050                SPI1_IRQHandler
                0x08003050                TIM6_DAC_IRQHandler
                0x08003050                TIM8_UP_IRQHandler
                0x08003050                DMA2_Channel2_IRQHandler
                0x08003050                DMA1_Channel4_IRQHandler
                0x08003050                SAI2_IRQHandler
                0x08003050                DFSDM1_FLT3_IRQHandler
                0x08003050                USART3_IRQHandler
                0x08003050                DMA1_Channel7_IRQHandler
                0x08003050                CAN1_RX1_IRQHandler
                0x08003050                LCD_IRQHandler
                0x08003050                UART5_IRQHandler
                0x08003050                ADC3_IRQHandler
                0x08003050                TIM4_IRQHandler
                0x08003050                DMA2_Channel1_IRQHandler
                0x08003050                QUADSPI_IRQHandler
                0x08003050                I2C1_EV_IRQHandler
                0x08003050                DMA1_Channel6_IRQHandler
                0x08003050                UART4_IRQHandler
                0x08003050                DMA2_Channel4_IRQHandler
                0x08003050                RCC_IRQHandler
                0x08003050                Default_Handler
                0x08003050                DMA2_Channel7_IRQHandler
                0x08003050                TIM7_IRQHandler
                0x08003050                SDMMC1_IRQHandler
                0x08003050                TIM5_IRQHandler
                0x08003050                I2C3_EV_IRQHandler
                0x08003050                RTC_WKUP_IRQHandler
                0x08003050                PVD_PVM_IRQHandler
                0x08003050                SPI2_IRQHandler
                0x08003050                CAN1_TX_IRQHandler
                0x08003050                DMA2_Channel5_IRQHandler
                0x08003050                DMA1_Channel5_IRQHandler
                0x08003050                RNG_IRQHandler
                0x08003050                COMP_IRQHandler
                0x08003050                WWDG_IRQHandler
                0x08003050                LPUART1_IRQHandler
                0x08003050                DMA2_Channel6_IRQHandler
                0x08003050                EXTI1_IRQHandler
                0x08003050                USART2_IRQHandler
                0x08003050                DFSDM1_FLT0_IRQHandler
                0x08003050                I2C2_ER_IRQHandler
                0x08003050                TIM8_BRK_IRQHandler
                0x08003050                CAN1_SCE_IRQHandler
                0x08003050                FLASH_IRQHandler
                0x08003050                USART1_IRQHandler
                0x08003050                OTG_FS_IRQHandler
                0x08003050                SPI3_IRQHandler
                0x08003050                I2C1_ER_IRQHandler
                0x08003050                FMC_IRQHandler
                0x08003050                SWPMI1_IRQHandler
                0x08003050                LPTIM1_IRQHandler
                0x08003050                SAI1_IRQHandler
                0x08003050                DMA2_Channel3_IRQHandler
                0x08003050                TIM1_BRK_TIM15_IRQHandler
 *fill*         0x08003052        0x2 
 .text.HAL_Init
                0x08003054       0x40 ./Drivers/STM32L4xx_HAL_Driver/Src/stm32l4xx_hal.o
                0x08003054                HAL_Init
 .text.HAL_InitTick
                0x08003094       0x78 ./Drivers/STM32L4xx_HAL_Driver/Src/stm32l4xx_hal.o
                0x08003094                HAL_InitTick
 .text.HAL_IncTick
                0x0800310c       0x28 ./Drivers/STM32L4xx_HAL_Driver/Src/stm32l4xx_hal.o
                0x0800310c                HAL_IncTick
 .text.HAL_GetTick
                0x08003134       0x18 ./Drivers/STM32L4xx_HAL_Driver/Src/stm32l4xx_hal.o
                0x08003134                HAL_GetTick
 .text.HAL_Delay
                0x0800314c       0x48 ./Drivers/STM32L4xx_HAL_Driver/Src/stm32l4xx_hal.o
                0x0800314c                HAL_Delay
 .text.LL_ADC_SetCommonClock
                0x08003194       0x26 ./Drivers/STM32L4xx_HAL_Driver/Src/stm32l4xx_hal_adc.o
 .text.LL_ADC_SetCommonPathInternalCh
                0x080031ba       0x26 ./Drivers/STM32L4xx_HAL_Driver/Src/stm32l4xx_hal_adc.o
 .text.LL_ADC_GetCommonPathInternalCh
                0x080031e0       0x1c ./Drivers/STM32L4xx_HAL_Driver/Src/stm32l4xx_hal_adc.o
 .text.LL_ADC_SetOffset
                0x080031fc       0x48 ./Drivers/STM32L4xx_HAL_Driver/Src/stm32l4xx_hal_adc.o
 .text.LL_ADC_GetOffsetChannel
                0x08003244       0x2c ./Drivers/STM32L4xx_HAL_Driver/Src/stm32l4xx_hal_adc.o
 .text.LL_ADC_SetOffsetState
                0x08003270       0x36 ./Drivers/STM32L4xx_HAL_Driver/Src/stm32l4xx_hal_adc.o
 .text.LL_ADC_REG_IsTriggerSourceSWStart
                0x080032a6       0x26 ./Drivers/STM32L4xx_HAL_Driver/Src/stm32l4xx_hal_adc.o
 .text.LL_ADC_REG_SetSequencerRanks
                0x080032cc       0x58 ./Drivers/STM32L4xx_HAL_Driver/Src/stm32l4xx_hal_adc.o
 .text.LL_ADC_SetChannelSamplingTime
                0x08003324       0x56 ./Drivers/STM32L4xx_HAL_Driver/Src/stm32l4xx_hal_adc.o
 *fill*         0x0800337a        0x2 
 .text.LL_ADC_SetChannelSingleDiff
                0x0800337c       0x48 ./Drivers/STM32L4xx_HAL_Driver/Src/stm32l4xx_hal_adc.o
 .text.LL_ADC_GetMultimode
                0x080033c4       0x1c ./Drivers/STM32L4xx_HAL_Driver/Src/stm32l4xx_hal_adc.o
 .text.LL_ADC_DisableDeepPowerDown
                0x080033e0       0x24 ./Drivers/STM32L4xx_HAL_Driver/Src/stm32l4xx_hal_adc.o
 .text.LL_ADC_IsDeepPowerDownEnabled
                0x08003404       0x28 ./Drivers/STM32L4xx_HAL_Driver/Src/stm32l4xx_hal_adc.o
 .text.LL_ADC_EnableInternalRegulator
                0x0800342c       0x28 ./Drivers/STM32L4xx_HAL_Driver/Src/stm32l4xx_hal_adc.o
 .text.LL_ADC_IsInternalRegulatorEnabled
                0x08003454       0x28 ./Drivers/STM32L4xx_HAL_Driver/Src/stm32l4xx_hal_adc.o
 .text.LL_ADC_Enable
                0x0800347c       0x28 ./Drivers/STM32L4xx_HAL_Driver/Src/stm32l4xx_hal_adc.o
 .text.LL_ADC_IsEnabled
                0x080034a4       0x26 ./Drivers/STM32L4xx_HAL_Driver/Src/stm32l4xx_hal_adc.o
 .text.LL_ADC_REG_StartConversion
                0x080034ca       0x28 ./Drivers/STM32L4xx_HAL_Driver/Src/stm32l4xx_hal_adc.o
 .text.LL_ADC_REG_IsConversionOngoing
                0x080034f2       0x26 ./Drivers/STM32L4xx_HAL_Driver/Src/stm32l4xx_hal_adc.o
 .text.LL_ADC_INJ_IsConversionOngoing
                0x08003518       0x26 ./Drivers/STM32L4xx_HAL_Driver/Src/stm32l4xx_hal_adc.o
 *fill*         0x0800353e        0x2 
 .text.HAL_ADC_Init
                0x08003540      0x2a0 ./Drivers/STM32L4xx_HAL_Driver/Src/stm32l4xx_hal_adc.o
                0x08003540                HAL_ADC_Init
 .text.HAL_ADC_Start_DMA
                0x080037e0      0x178 ./Drivers/STM32L4xx_HAL_Driver/Src/stm32l4xx_hal_adc.o
                0x080037e0                HAL_ADC_Start_DMA
 .text.HAL_ADC_ErrorCallback
                0x08003958       0x14 ./Drivers/STM32L4xx_HAL_Driver/Src/stm32l4xx_hal_adc.o
                0x08003958                HAL_ADC_ErrorCallback
 .text.HAL_ADC_ConfigChannel
                0x0800396c      0x7e4 ./Drivers/STM32L4xx_HAL_Driver/Src/stm32l4xx_hal_adc.o
                0x0800396c                HAL_ADC_ConfigChannel
 .text.ADC_Enable
                0x08004150      0x10c ./Drivers/STM32L4xx_HAL_Driver/Src/stm32l4xx_hal_adc.o
                0x08004150                ADC_Enable
 .text.ADC_DMAConvCplt
                0x0800425c       0xd8 ./Drivers/STM32L4xx_HAL_Driver/Src/stm32l4xx_hal_adc.o
                0x0800425c                ADC_DMAConvCplt
 .text.ADC_DMAHalfConvCplt
                0x08004334       0x1c ./Drivers/STM32L4xx_HAL_Driver/Src/stm32l4xx_hal_adc.o
                0x08004334                ADC_DMAHalfConvCplt
 .text.ADC_DMAError
                0x08004350       0x34 ./Drivers/STM32L4xx_HAL_Driver/Src/stm32l4xx_hal_adc.o
                0x08004350                ADC_DMAError
 .text.LL_ADC_IsEnabled
                0x08004384       0x26 ./Drivers/STM32L4xx_HAL_Driver/Src/stm32l4xx_hal_adc_ex.o
 .text.LL_ADC_REG_IsConversionOngoing
                0x080043aa       0x26 ./Drivers/STM32L4xx_HAL_Driver/Src/stm32l4xx_hal_adc_ex.o
 .text.HAL_ADCEx_MultiModeConfigChannel
                0x080043d0      0x160 ./Drivers/STM32L4xx_HAL_Driver/Src/stm32l4xx_hal_adc_ex.o
                0x080043d0                HAL_ADCEx_MultiModeConfigChannel
 .text.__NVIC_SetPriorityGrouping
                0x08004530       0x48 ./Drivers/STM32L4xx_HAL_Driver/Src/stm32l4xx_hal_cortex.o
 .text.__NVIC_GetPriorityGrouping
                0x08004578       0x1c ./Drivers/STM32L4xx_HAL_Driver/Src/stm32l4xx_hal_cortex.o
 .text.__NVIC_EnableIRQ
                0x08004594       0x3c ./Drivers/STM32L4xx_HAL_Driver/Src/stm32l4xx_hal_cortex.o
 .text.__NVIC_SetPriority
                0x080045d0       0x54 ./Drivers/STM32L4xx_HAL_Driver/Src/stm32l4xx_hal_cortex.o
 .text.NVIC_EncodePriority
                0x08004624       0x66 ./Drivers/STM32L4xx_HAL_Driver/Src/stm32l4xx_hal_cortex.o
 *fill*         0x0800468a        0x2 
 .text.SysTick_Config
                0x0800468c       0x44 ./Drivers/STM32L4xx_HAL_Driver/Src/stm32l4xx_hal_cortex.o
 .text.HAL_NVIC_SetPriorityGrouping
                0x080046d0       0x16 ./Drivers/STM32L4xx_HAL_Driver/Src/stm32l4xx_hal_cortex.o
                0x080046d0                HAL_NVIC_SetPriorityGrouping
 .text.HAL_NVIC_SetPriority
                0x080046e6       0x38 ./Drivers/STM32L4xx_HAL_Driver/Src/stm32l4xx_hal_cortex.o
                0x080046e6                HAL_NVIC_SetPriority
 .text.HAL_NVIC_EnableIRQ
                0x0800471e       0x1c ./Drivers/STM32L4xx_HAL_Driver/Src/stm32l4xx_hal_cortex.o
                0x0800471e                HAL_NVIC_EnableIRQ
 .text.HAL_SYSTICK_Config
                0x0800473a       0x18 ./Drivers/STM32L4xx_HAL_Driver/Src/stm32l4xx_hal_cortex.o
                0x0800473a                HAL_SYSTICK_Config
 *fill*         0x08004752        0x2 
 .text.HAL_DMA_Init
                0x08004754      0x170 ./Drivers/STM32L4xx_HAL_Driver/Src/stm32l4xx_hal_dma.o
                0x08004754                HAL_DMA_Init
 .text.HAL_DMA_Start_IT
                0x080048c4       0xc0 ./Drivers/STM32L4xx_HAL_Driver/Src/stm32l4xx_hal_dma.o
                0x080048c4                HAL_DMA_Start_IT
 .text.HAL_DMA_IRQHandler
                0x08004984      0x15e ./Drivers/STM32L4xx_HAL_Driver/Src/stm32l4xx_hal_dma.o
                0x08004984                HAL_DMA_IRQHandler
 .text.DMA_SetConfig
                0x08004ae2       0x60 ./Drivers/STM32L4xx_HAL_Driver/Src/stm32l4xx_hal_dma.o
 *fill*         0x08004b42        0x2 
 .text.HAL_GPIO_Init
                0x08004b44      0x354 ./Drivers/STM32L4xx_HAL_Driver/Src/stm32l4xx_hal_gpio.o
                0x08004b44                HAL_GPIO_Init
 .text.HAL_GPIO_ReadPin
                0x08004e98       0x30 ./Drivers/STM32L4xx_HAL_Driver/Src/stm32l4xx_hal_gpio.o
                0x08004e98                HAL_GPIO_ReadPin
 .text.HAL_GPIO_WritePin
                0x08004ec8       0x30 ./Drivers/STM32L4xx_HAL_Driver/Src/stm32l4xx_hal_gpio.o
                0x08004ec8                HAL_GPIO_WritePin
 .text.HAL_GPIO_EXTI_IRQHandler
                0x08004ef8       0x30 ./Drivers/STM32L4xx_HAL_Driver/Src/stm32l4xx_hal_gpio.o
                0x08004ef8                HAL_GPIO_EXTI_IRQHandler
 .text.HAL_PWREx_GetVoltageRange
                0x08004f28       0x1c ./Drivers/STM32L4xx_HAL_Driver/Src/stm32l4xx_hal_pwr_ex.o
                0x08004f28                HAL_PWREx_GetVoltageRange
 .text.HAL_PWREx_ControlVoltageScaling
                0x08004f44       0xac ./Drivers/STM32L4xx_HAL_Driver/Src/stm32l4xx_hal_pwr_ex.o
                0x08004f44                HAL_PWREx_ControlVoltageScaling
 .text.HAL_RCC_OscConfig
                0x08004ff0      0x7b8 ./Drivers/STM32L4xx_HAL_Driver/Src/stm32l4xx_hal_rcc.o
                0x08004ff0                HAL_RCC_OscConfig
 .text.HAL_RCC_ClockConfig
                0x080057a8      0x200 ./Drivers/STM32L4xx_HAL_Driver/Src/stm32l4xx_hal_rcc.o
                0x080057a8                HAL_RCC_ClockConfig
 .text.HAL_RCC_GetSysClockFreq
                0x080059a8      0x118 ./Drivers/STM32L4xx_HAL_Driver/Src/stm32l4xx_hal_rcc.o
                0x080059a8                HAL_RCC_GetSysClockFreq
 .text.HAL_RCC_GetHCLKFreq
                0x08005ac0       0x18 ./Drivers/STM32L4xx_HAL_Driver/Src/stm32l4xx_hal_rcc.o
                0x08005ac0                HAL_RCC_GetHCLKFreq
 .text.HAL_RCC_GetPCLK1Freq
                0x08005ad8       0x2c ./Drivers/STM32L4xx_HAL_Driver/Src/stm32l4xx_hal_rcc.o
                0x08005ad8                HAL_RCC_GetPCLK1Freq
 .text.HAL_RCC_GetPCLK2Freq
                0x08005b04       0x2c ./Drivers/STM32L4xx_HAL_Driver/Src/stm32l4xx_hal_rcc.o
                0x08005b04                HAL_RCC_GetPCLK2Freq
 .text.RCC_SetFlashLatencyFromMSIRange
                0x08005b30       0xc0 ./Drivers/STM32L4xx_HAL_Driver/Src/stm32l4xx_hal_rcc.o
 .text.HAL_RCCEx_PeriphCLKConfig
                0x08005bf0      0x5d4 ./Drivers/STM32L4xx_HAL_Driver/Src/stm32l4xx_hal_rcc_ex.o
                0x08005bf0                HAL_RCCEx_PeriphCLKConfig
 .text.RCCEx_PLLSAI1_Config
                0x080061c4      0x1e8 ./Drivers/STM32L4xx_HAL_Driver/Src/stm32l4xx_hal_rcc_ex.o
 .text.RCCEx_PLLSAI2_Config
                0x080063ac      0x1bc ./Drivers/STM32L4xx_HAL_Driver/Src/stm32l4xx_hal_rcc_ex.o
 .text.HAL_SPI_Init
                0x08006568      0x146 ./Drivers/STM32L4xx_HAL_Driver/Src/stm32l4xx_hal_spi.o
                0x08006568                HAL_SPI_Init
 .text.HAL_SPI_Transmit
                0x080066ae      0x2ec ./Drivers/STM32L4xx_HAL_Driver/Src/stm32l4xx_hal_spi.o
                0x080066ae                HAL_SPI_Transmit
 .text.HAL_SPI_Receive
                0x0800699a      0x270 ./Drivers/STM32L4xx_HAL_Driver/Src/stm32l4xx_hal_spi.o
                0x0800699a                HAL_SPI_Receive
 .text.HAL_SPI_TransmitReceive
                0x08006c0a      0x43e ./Drivers/STM32L4xx_HAL_Driver/Src/stm32l4xx_hal_spi.o
                0x08006c0a                HAL_SPI_TransmitReceive
 .text.HAL_SPI_Transmit_DMA
                0x08007048      0x1dc ./Drivers/STM32L4xx_HAL_Driver/Src/stm32l4xx_hal_spi.o
                0x08007048                HAL_SPI_Transmit_DMA
 .text.HAL_SPI_TransmitReceive_DMA
                0x08007224      0x30c ./Drivers/STM32L4xx_HAL_Driver/Src/stm32l4xx_hal_spi.o
                0x08007224                HAL_SPI_TransmitReceive_DMA
 .text.HAL_SPI_RxCpltCallback
                0x08007530       0x14 ./Drivers/STM32L4xx_HAL_Driver/Src/stm32l4xx_hal_spi.o
                0x08007530                HAL_SPI_RxCpltCallback
 .text.HAL_SPI_TxHalfCpltCallback
                0x08007544       0x14 ./Drivers/STM32L4xx_HAL_Driver/Src/stm32l4xx_hal_spi.o
                0x08007544                HAL_SPI_TxHalfCpltCallback
 .text.HAL_SPI_RxHalfCpltCallback
                0x08007558       0x14 ./Drivers/STM32L4xx_HAL_Driver/Src/stm32l4xx_hal_spi.o
                0x08007558                HAL_SPI_RxHalfCpltCallback
 .text.HAL_SPI_TxRxHalfCpltCallback
                0x0800756c       0x14 ./Drivers/STM32L4xx_HAL_Driver/Src/stm32l4xx_hal_spi.o
                0x0800756c                HAL_SPI_TxRxHalfCpltCallback
 .text.HAL_SPI_ErrorCallback
                0x08007580       0x14 ./Drivers/STM32L4xx_HAL_Driver/Src/stm32l4xx_hal_spi.o
                0x08007580                HAL_SPI_ErrorCallback
 .text.SPI_DMATransmitCplt
                0x08007594       0xa6 ./Drivers/STM32L4xx_HAL_Driver/Src/stm32l4xx_hal_spi.o
 .text.SPI_DMAReceiveCplt
                0x0800763a       0xa8 ./Drivers/STM32L4xx_HAL_Driver/Src/stm32l4xx_hal_spi.o
 .text.SPI_DMATransmitReceiveCplt
                0x080076e2       0x90 ./Drivers/STM32L4xx_HAL_Driver/Src/stm32l4xx_hal_spi.o
 .text.SPI_DMAHalfTransmitCplt
                0x08007772       0x1c ./Drivers/STM32L4xx_HAL_Driver/Src/stm32l4xx_hal_spi.o
 .text.SPI_DMAHalfReceiveCplt
                0x0800778e       0x1c ./Drivers/STM32L4xx_HAL_Driver/Src/stm32l4xx_hal_spi.o
 .text.SPI_DMAHalfTransmitReceiveCplt
                0x080077aa       0x1c ./Drivers/STM32L4xx_HAL_Driver/Src/stm32l4xx_hal_spi.o
 .text.SPI_DMAError
                0x080077c6       0x40 ./Drivers/STM32L4xx_HAL_Driver/Src/stm32l4xx_hal_spi.o
 *fill*         0x08007806        0x2 
 .text.SPI_WaitFlagStateUntilTimeout
                0x08007808      0x110 ./Drivers/STM32L4xx_HAL_Driver/Src/stm32l4xx_hal_spi.o
 .text.SPI_WaitFifoStateUntilTimeout
                0x08007918      0x12c ./Drivers/STM32L4xx_HAL_Driver/Src/stm32l4xx_hal_spi.o
 .text.SPI_EndRxTransaction
                0x08007a44       0xb0 ./Drivers/STM32L4xx_HAL_Driver/Src/stm32l4xx_hal_spi.o
 .text.SPI_EndRxTxTransaction
                0x08007af4       0x8c ./Drivers/STM32L4xx_HAL_Driver/Src/stm32l4xx_hal_spi.o
 .text.HAL_TIM_Base_Init
                0x08007b80       0xae ./Drivers/STM32L4xx_HAL_Driver/Src/stm32l4xx_hal_tim.o
                0x08007b80                HAL_TIM_Base_Init
 *fill*         0x08007c2e        0x2 
 .text.HAL_TIM_Base_Start_IT
                0x08007c30       0xe0 ./Drivers/STM32L4xx_HAL_Driver/Src/stm32l4xx_hal_tim.o
                0x08007c30                HAL_TIM_Base_Start_IT
 .text.HAL_TIM_PWM_Init
                0x08007d10       0xae ./Drivers/STM32L4xx_HAL_Driver/Src/stm32l4xx_hal_tim.o
                0x08007d10                HAL_TIM_PWM_Init
 .text.HAL_TIM_PWM_MspInit
                0x08007dbe       0x14 ./Drivers/STM32L4xx_HAL_Driver/Src/stm32l4xx_hal_tim.o
                0x08007dbe                HAL_TIM_PWM_MspInit
 *fill*         0x08007dd2        0x2 
 .text.HAL_TIM_PWM_Start
                0x08007dd4      0x20c ./Drivers/STM32L4xx_HAL_Driver/Src/stm32l4xx_hal_tim.o
                0x08007dd4                HAL_TIM_PWM_Start
 .text.HAL_TIM_PWM_Stop
                0x08007fe0      0x12c ./Drivers/STM32L4xx_HAL_Driver/Src/stm32l4xx_hal_tim.o
                0x08007fe0                HAL_TIM_PWM_Stop
 .text.HAL_TIM_Encoder_Init
                0x0800810c      0x14c ./Drivers/STM32L4xx_HAL_Driver/Src/stm32l4xx_hal_tim.o
                0x0800810c                HAL_TIM_Encoder_Init
 .text.HAL_TIM_Encoder_Start_IT
                0x08008258      0x15c ./Drivers/STM32L4xx_HAL_Driver/Src/stm32l4xx_hal_tim.o
                0x08008258                HAL_TIM_Encoder_Start_IT
 .text.HAL_TIM_IRQHandler
                0x080083b4      0x20e ./Drivers/STM32L4xx_HAL_Driver/Src/stm32l4xx_hal_tim.o
                0x080083b4                HAL_TIM_IRQHandler
 *fill*         0x080085c2        0x2 
 .text.HAL_TIM_PWM_ConfigChannel
                0x080085c4      0x228 ./Drivers/STM32L4xx_HAL_Driver/Src/stm32l4xx_hal_tim.o
                0x080085c4                HAL_TIM_PWM_ConfigChannel
 .text.HAL_TIM_ConfigClockSource
                0x080087ec      0x192 ./Drivers/STM32L4xx_HAL_Driver/Src/stm32l4xx_hal_tim.o
                0x080087ec                HAL_TIM_ConfigClockSource
 .text.HAL_TIM_SlaveConfigSynchro
                0x0800897e       0x84 ./Drivers/STM32L4xx_HAL_Driver/Src/stm32l4xx_hal_tim.o
                0x0800897e                HAL_TIM_SlaveConfigSynchro
 .text.HAL_TIM_OC_DelayElapsedCallback
                0x08008a02       0x14 ./Drivers/STM32L4xx_HAL_Driver/Src/stm32l4xx_hal_tim.o
                0x08008a02                HAL_TIM_OC_DelayElapsedCallback
 .text.HAL_TIM_PWM_PulseFinishedCallback
                0x08008a16       0x14 ./Drivers/STM32L4xx_HAL_Driver/Src/stm32l4xx_hal_tim.o
                0x08008a16                HAL_TIM_PWM_PulseFinishedCallback
 .text.HAL_TIM_TriggerCallback
                0x08008a2a       0x14 ./Drivers/STM32L4xx_HAL_Driver/Src/stm32l4xx_hal_tim.o
                0x08008a2a                HAL_TIM_TriggerCallback
 *fill*         0x08008a3e        0x2 
 .text.TIM_Base_SetConfig
                0x08008a40      0x14c ./Drivers/STM32L4xx_HAL_Driver/Src/stm32l4xx_hal_tim.o
                0x08008a40                TIM_Base_SetConfig
 .text.TIM_OC1_SetConfig
                0x08008b8c      0x120 ./Drivers/STM32L4xx_HAL_Driver/Src/stm32l4xx_hal_tim.o
 .text.TIM_OC2_SetConfig
                0x08008cac      0x114 ./Drivers/STM32L4xx_HAL_Driver/Src/stm32l4xx_hal_tim.o
                0x08008cac                TIM_OC2_SetConfig
 .text.TIM_OC3_SetConfig
                0x08008dc0      0x110 ./Drivers/STM32L4xx_HAL_Driver/Src/stm32l4xx_hal_tim.o
 .text.TIM_OC4_SetConfig
                0x08008ed0       0xd4 ./Drivers/STM32L4xx_HAL_Driver/Src/stm32l4xx_hal_tim.o
 .text.TIM_OC5_SetConfig
                0x08008fa4       0xc8 ./Drivers/STM32L4xx_HAL_Driver/Src/stm32l4xx_hal_tim.o
 .text.TIM_OC6_SetConfig
                0x0800906c       0xcc ./Drivers/STM32L4xx_HAL_Driver/Src/stm32l4xx_hal_tim.o
 .text.TIM_SlaveTimer_SetConfig
                0x08009138      0x126 ./Drivers/STM32L4xx_HAL_Driver/Src/stm32l4xx_hal_tim.o
 .text.TIM_TI1_ConfigInputStage
                0x0800925e       0x5e ./Drivers/STM32L4xx_HAL_Driver/Src/stm32l4xx_hal_tim.o
 .text.TIM_TI2_ConfigInputStage
                0x080092bc       0x60 ./Drivers/STM32L4xx_HAL_Driver/Src/stm32l4xx_hal_tim.o
 .text.TIM_ITRx_SetConfig
                0x0800931c       0x36 ./Drivers/STM32L4xx_HAL_Driver/Src/stm32l4xx_hal_tim.o
 .text.TIM_ETR_SetConfig
                0x08009352       0x40 ./Drivers/STM32L4xx_HAL_Driver/Src/stm32l4xx_hal_tim.o
                0x08009352                TIM_ETR_SetConfig
 .text.TIM_CCxChannelCmd
                0x08009392       0x4a ./Drivers/STM32L4xx_HAL_Driver/Src/stm32l4xx_hal_tim.o
                0x08009392                TIM_CCxChannelCmd
 .text.HAL_TIMEx_PWMN_Start
                0x080093dc      0x174 ./Drivers/STM32L4xx_HAL_Driver/Src/stm32l4xx_hal_tim_ex.o
                0x080093dc                HAL_TIMEx_PWMN_Start
 .text.HAL_TIMEx_PWMN_Stop
                0x08009550       0xba ./Drivers/STM32L4xx_HAL_Driver/Src/stm32l4xx_hal_tim_ex.o
                0x08009550                HAL_TIMEx_PWMN_Stop
 *fill*         0x0800960a        0x2 
 .text.HAL_TIMEx_MasterConfigSynchronization
                0x0800960c      0x110 ./Drivers/STM32L4xx_HAL_Driver/Src/stm32l4xx_hal_tim_ex.o
                0x0800960c                HAL_TIMEx_MasterConfigSynchronization
 .text.HAL_TIMEx_ConfigBreakDeadTime
                0x0800971c       0xfc ./Drivers/STM32L4xx_HAL_Driver/Src/stm32l4xx_hal_tim_ex.o
                0x0800971c                HAL_TIMEx_ConfigBreakDeadTime
 .text.HAL_TIMEx_CommutCallback
                0x08009818       0x14 ./Drivers/STM32L4xx_HAL_Driver/Src/stm32l4xx_hal_tim_ex.o
                0x08009818                HAL_TIMEx_CommutCallback
 .text.HAL_TIMEx_BreakCallback
                0x0800982c       0x14 ./Drivers/STM32L4xx_HAL_Driver/Src/stm32l4xx_hal_tim_ex.o
                0x0800982c                HAL_TIMEx_BreakCallback
 .text.HAL_TIMEx_Break2Callback
                0x08009840       0x14 ./Drivers/STM32L4xx_HAL_Driver/Src/stm32l4xx_hal_tim_ex.o
                0x08009840                HAL_TIMEx_Break2Callback
 .text.TIM_CCxNChannelCmd
                0x08009854       0x4a ./Drivers/STM32L4xx_HAL_Driver/Src/stm32l4xx_hal_tim_ex.o
 .text.HAL_UART_Init
                0x0800989e       0x9c ./Drivers/STM32L4xx_HAL_Driver/Src/stm32l4xx_hal_uart.o
                0x0800989e                HAL_UART_Init
 .text.HAL_UART_Transmit
                0x0800993a      0x112 ./Drivers/STM32L4xx_HAL_Driver/Src/stm32l4xx_hal_uart.o
                0x0800993a                HAL_UART_Transmit
 .text.UART_SetConfig
                0x08009a4c      0x570 ./Drivers/STM32L4xx_HAL_Driver/Src/stm32l4xx_hal_uart.o
                0x08009a4c                UART_SetConfig
 .text.UART_AdvFeatureConfig
                0x08009fbc      0x144 ./Drivers/STM32L4xx_HAL_Driver/Src/stm32l4xx_hal_uart.o
                0x08009fbc                UART_AdvFeatureConfig
 .text.UART_CheckIdleState
                0x0800a100      0x150 ./Drivers/STM32L4xx_HAL_Driver/Src/stm32l4xx_hal_uart.o
                0x0800a100                UART_CheckIdleState
 .text.UART_WaitOnFlagUntilTimeout
                0x0800a250       0xda ./Drivers/STM32L4xx_HAL_Driver/Src/stm32l4xx_hal_uart.o
                0x0800a250                UART_WaitOnFlagUntilTimeout
 .text.UART_EndRxTransfer
                0x0800a32a       0xc8 ./Drivers/STM32L4xx_HAL_Driver/Src/stm32l4xx_hal_uart.o
 .text.get_fattime
                0x0800a3f2       0x10 ./FATFS/App/fatfs.o
                0x0800a3f2                get_fattime
 *fill*         0x0800a402        0x2 
 .text.disk_status
                0x0800a404       0x34 ./Middlewares/Third_Party/FatFs/src/diskio.o
                0x0800a404                disk_status
 .text.disk_initialize
                0x0800a438       0x4c ./Middlewares/Third_Party/FatFs/src/diskio.o
                0x0800a438                disk_initialize
 .text.disk_read
                0x0800a484       0x40 ./Middlewares/Third_Party/FatFs/src/diskio.o
                0x0800a484                disk_read
 .text.disk_write
                0x0800a4c4       0x40 ./Middlewares/Third_Party/FatFs/src/diskio.o
                0x0800a4c4                disk_write
 .text.disk_ioctl
                0x0800a504       0x3c ./Middlewares/Third_Party/FatFs/src/diskio.o
                0x0800a504                disk_ioctl
 .text.ld_word  0x0800a540       0x32 ./Middlewares/Third_Party/FatFs/src/ff.o
 .text.ld_dword
                0x0800a572       0x46 ./Middlewares/Third_Party/FatFs/src/ff.o
 .text.st_word  0x0800a5b8       0x36 ./Middlewares/Third_Party/FatFs/src/ff.o
 .text.st_dword
                0x0800a5ee       0x58 ./Middlewares/Third_Party/FatFs/src/ff.o
 .text.mem_cpy  0x0800a646       0x42 ./Middlewares/Third_Party/FatFs/src/ff.o
 .text.mem_set  0x0800a688       0x36 ./Middlewares/Third_Party/FatFs/src/ff.o
 .text.mem_cmp  0x0800a6be       0x4e ./Middlewares/Third_Party/FatFs/src/ff.o
 .text.chk_chr  0x0800a70c       0x36 ./Middlewares/Third_Party/FatFs/src/ff.o
 *fill*         0x0800a742        0x2 
 .text.chk_lock
                0x0800a744       0xb8 ./Middlewares/Third_Party/FatFs/src/ff.o
 .text.enq_lock
                0x0800a7fc       0x44 ./Middlewares/Third_Party/FatFs/src/ff.o
 .text.inc_lock
                0x0800a840      0x11c ./Middlewares/Third_Party/FatFs/src/ff.o
 .text.dec_lock
                0x0800a95c       0x78 ./Middlewares/Third_Party/FatFs/src/ff.o
 .text.clear_lock
                0x0800a9d4       0x48 ./Middlewares/Third_Party/FatFs/src/ff.o
 .text.sync_window
                0x0800aa1c       0x88 ./Middlewares/Third_Party/FatFs/src/ff.o
 .text.move_window
                0x0800aaa4       0x5a ./Middlewares/Third_Party/FatFs/src/ff.o
 *fill*         0x0800aafe        0x2 
 .text.sync_fs  0x0800ab00       0xdc ./Middlewares/Third_Party/FatFs/src/ff.o
 .text.clust2sect
                0x0800abdc       0x3e ./Middlewares/Third_Party/FatFs/src/ff.o
 .text.get_fat  0x0800ac1a      0x14e ./Middlewares/Third_Party/FatFs/src/ff.o
 .text.put_fat  0x0800ad68      0x1d4 ./Middlewares/Third_Party/FatFs/src/ff.o
 .text.remove_chain
                0x0800af3c       0xca ./Middlewares/Third_Party/FatFs/src/ff.o
 .text.create_chain
                0x0800b006      0x130 ./Middlewares/Third_Party/FatFs/src/ff.o
 .text.clmt_clust
                0x0800b136       0x68 ./Middlewares/Third_Party/FatFs/src/ff.o
 .text.dir_sdi  0x0800b19e       0xf6 ./Middlewares/Third_Party/FatFs/src/ff.o
 .text.dir_next
                0x0800b294      0x18a ./Middlewares/Third_Party/FatFs/src/ff.o
 .text.dir_alloc
                0x0800b41e       0x8e ./Middlewares/Third_Party/FatFs/src/ff.o
 .text.ld_clust
                0x0800b4ac       0x3e ./Middlewares/Third_Party/FatFs/src/ff.o
 .text.st_clust
                0x0800b4ea       0x40 ./Middlewares/Third_Party/FatFs/src/ff.o
 *fill*         0x0800b52a        0x2 
 .text.cmp_lfn  0x0800b52c       0xe0 ./Middlewares/Third_Party/FatFs/src/ff.o
 .text.put_lfn  0x0800b60c       0xd0 ./Middlewares/Third_Party/FatFs/src/ff.o
 .text.gen_numname
                0x0800b6dc      0x11c ./Middlewares/Third_Party/FatFs/src/ff.o
 .text.sum_sfn  0x0800b7f8       0x42 ./Middlewares/Third_Party/FatFs/src/ff.o
 .text.dir_find
                0x0800b83a      0x180 ./Middlewares/Third_Party/FatFs/src/ff.o
 *fill*         0x0800b9ba        0x2 
 .text.dir_register
                0x0800b9bc      0x1f0 ./Middlewares/Third_Party/FatFs/src/ff.o
 .text.create_name
                0x0800bbac      0x370 ./Middlewares/Third_Party/FatFs/src/ff.o
 .text.follow_path
                0x0800bf1c       0xe2 ./Middlewares/Third_Party/FatFs/src/ff.o
 .text.get_ldnumber
                0x0800bffe       0x88 ./Middlewares/Third_Party/FatFs/src/ff.o
 *fill*         0x0800c086        0x2 
 .text.check_fs
                0x0800c088       0xac ./Middlewares/Third_Party/FatFs/src/ff.o
 .text.find_volume
                0x0800c134      0x498 ./Middlewares/Third_Party/FatFs/src/ff.o
 .text.validate
                0x0800c5cc       0x6a ./Middlewares/Third_Party/FatFs/src/ff.o
 *fill*         0x0800c636        0x2 
 .text.f_mount  0x0800c638       0x8c ./Middlewares/Third_Party/FatFs/src/ff.o
                0x0800c638                f_mount
 .text.f_open   0x0800c6c4      0x394 ./Middlewares/Third_Party/FatFs/src/ff.o
                0x0800c6c4                f_open
 .text.f_read   0x0800ca58      0x27e ./Middlewares/Third_Party/FatFs/src/ff.o
                0x0800ca58                f_read
 .text.f_write  0x0800ccd6      0x2ea ./Middlewares/Third_Party/FatFs/src/ff.o
                0x0800ccd6                f_write
 .text.f_sync   0x0800cfc0       0xfc ./Middlewares/Third_Party/FatFs/src/ff.o
                0x0800cfc0                f_sync
 .text.f_close  0x0800d0bc       0x54 ./Middlewares/Third_Party/FatFs/src/ff.o
                0x0800d0bc                f_close
 .text.f_lseek  0x0800d110      0x412 ./Middlewares/Third_Party/FatFs/src/ff.o
                0x0800d110                f_lseek
 *fill*         0x0800d522        0x2 
 .text.FATFS_LinkDriverEx
                0x0800d524       0x98 ./Middlewares/Third_Party/FatFs/src/ff_gen_drv.o
                0x0800d524                FATFS_LinkDriverEx
 .text.FATFS_LinkDriver
                0x0800d5bc       0x1e ./Middlewares/Third_Party/FatFs/src/ff_gen_drv.o
                0x0800d5bc                FATFS_LinkDriver
 *fill*         0x0800d5da        0x2 
 .text.ff_convert
                0x0800d5dc       0x78 ./Middlewares/Third_Party/FatFs/src/option/ccsbcs.o
                0x0800d5dc                ff_convert
 .text.ff_wtoupper
                0x0800d654      0x114 ./Middlewares/Third_Party/FatFs/src/option/ccsbcs.o
                0x0800d654                ff_wtoupper
 .text.ff_memalloc
                0x0800d768       0x18 ./Middlewares/Third_Party/FatFs/src/option/syscall.o
                0x0800d768                ff_memalloc
 .text.ff_memfree
                0x0800d780       0x16 ./Middlewares/Third_Party/FatFs/src/option/syscall.o
                0x0800d780                ff_memfree
 *fill*         0x0800d796        0x2 
 .text.PID_Callback
                0x0800d798       0x54 ./src/PID.o
                0x0800d798                PID_Callback
 .text.run_PID  0x0800d7ec       0x34 ./src/PID.o
                0x0800d7ec                run_PID
 .text.clearRun_PID
                0x0800d820       0x28 ./src/PID.o
                0x0800d820                clearRun_PID
 .text.PID_Controller
                0x0800d848      0x124 ./src/PID.o
                0x0800d848                PID_Controller
 .text.HAL_ADC_ConvHalfCpltCallback
                0x0800d96c       0x2c ./src/adc.o
                0x0800d96c                HAL_ADC_ConvHalfCpltCallback
 .text.HAL_ADC_ConvCpltCallback
                0x0800d998       0x2c ./src/adc.o
                0x0800d998                HAL_ADC_ConvCpltCallback
 *fill*         0x0800d9c4        0x4 
 .text.getRMSCurrent
                0x0800d9c8       0xcc ./src/adc.o
                0x0800d9c8                getRMSCurrent
 *fill*         0x0800da94        0x4 
 .text.getAVGCurrent
                0x0800da98       0xc4 ./src/adc.o
                0x0800da98                getAVGCurrent
 .text.startADC
                0x0800db5c       0x1c ./src/adc.o
                0x0800db5c                startADC
 .text.getDelayScale
                0x0800db78       0xe8 ./src/delay.o
                0x0800db78                getDelayScale
 .text.timeoutCallback
                0x0800dc60       0x10 ./src/delay.o
                0x0800dc60                timeoutCallback
 .text.Delay_TIM_2_Callback
                0x0800dc70       0xc4 ./src/delay.o
                0x0800dc70                Delay_TIM_2_Callback
 .text.runInterval
                0x0800dd34       0x20 ./src/delay.o
                0x0800dd34                runInterval
 .text.runTimeout
                0x0800dd54       0x24 ./src/delay.o
                0x0800dd54                runTimeout
 .text.runTimeoutAux
                0x0800dd78       0x28 ./src/delay.o
                0x0800dd78                runTimeoutAux
 .text.runIntervalUntilAux
                0x0800dda0       0x24 ./src/delay.o
                0x0800dda0                runIntervalUntilAux
 .text.getNullRun
                0x0800ddc4       0x3c ./src/delay.o
                0x0800ddc4                getNullRun
 .text.clearRun
                0x0800de00       0x68 ./src/delay.o
                0x0800de00                clearRun
 .text.removeRunFromList
                0x0800de68       0xd0 ./src/delay.o
                0x0800de68                removeRunFromList
 .text.queueRun
                0x0800df38       0x9c ./src/delay.o
                0x0800df38                queueRun
 .text.onFlowPulse
                0x0800dfd4       0x1c ./src/flow_sensor.o
                0x0800dfd4                onFlowPulse
 .text.setRowMode
                0x0800dff0       0xd4 ./src/keypad.o
                0x0800dff0                setRowMode
 .text.setColPin
                0x0800e0c4       0x9c ./src/keypad.o
                0x0800e0c4                setColPin
 .text.readRowPin
                0x0800e160       0x6c ./src/keypad.o
                0x0800e160                readRowPin
 .text.initKeypad
                0x0800e1cc       0x60 ./src/keypad.o
                0x0800e1cc                initKeypad
 .text.checkCallback
                0x0800e22c      0x16c ./src/keypad.o
                0x0800e22c                checkCallback
 .text.scanCols
                0x0800e398       0x40 ./src/keypad.o
                0x0800e398                scanCols
 .text.rowEvent
                0x0800e3d8       0x1a ./src/keypad.o
                0x0800e3d8                rowEvent
 *fill*         0x0800e3f2        0x2 
 .text.subscribeKeyPress
                0x0800e3f4       0x3c ./src/keypad.o
                0x0800e3f4                subscribeKeyPress
 .text.unsubscribeKeyPress
                0x0800e430       0x8c ./src/keypad.o
                0x0800e430                unsubscribeKeyPress
 .text.runEvents
                0x0800e4bc       0xac ./src/keypad.o
                0x0800e4bc                runEvents
 .text.LenStr   0x0800e568       0x2e ./src/lcd.o
                0x0800e568                LenStr
 .text.QueueNextIndex
                0x0800e596       0x2a ./src/lcd.o
                0x0800e596                QueueNextIndex
 .text.LCD_TIM_2_Callback
                0x0800e5c0      0x144 ./src/lcd.o
                0x0800e5c0                LCD_TIM_2_Callback
 .text.OveriteCurrentByte
                0x0800e704       0x54 ./src/lcd.o
                0x0800e704                OveriteCurrentByte
 .text.forceWriteByte
                0x0800e758       0x50 ./src/lcd.o
                0x0800e758                forceWriteByte
 .text.LCD_WriteNibbleDirect
                0x0800e7a8       0xe4 ./src/lcd.o
                0x0800e7a8                LCD_WriteNibbleDirect
 .text.LCD_WriteByteDirect
                0x0800e88c      0x1b8 ./src/lcd.o
                0x0800e88c                LCD_WriteByteDirect
 .text.queue_length
                0x0800ea44       0x3c ./src/lcd.o
 .text.queue_left
                0x0800ea80       0x12 ./src/lcd.o
 *fill*         0x0800ea92        0x2 
 .text.queue_empty
                0x0800ea94       0x28 ./src/lcd.o
 .text.queue_full
                0x0800eabc       0x30 ./src/lcd.o
 .text.queue_full_or_emptying
                0x0800eaec       0x24 ./src/lcd.o
 .text.queueByte
                0x0800eb10       0x84 ./src/lcd.o
                0x0800eb10                queueByte
 .text.LCD_WriteData
                0x0800eb94       0x24 ./src/lcd.o
                0x0800eb94                LCD_WriteData
 .text.LCD_WriteCommand
                0x0800ebb8       0x2a ./src/lcd.o
                0x0800ebb8                LCD_WriteCommand
 .text.Write_String_LCD
                0x0800ebe2       0x66 ./src/lcd.o
                0x0800ebe2                Write_String_LCD
 .text.lcd_init
                0x0800ec48      0x104 ./src/lcd.o
                0x0800ec48                lcd_init
 .text.CacheChar
                0x0800ed4c       0x4c ./src/lcd.o
                0x0800ed4c                CacheChar
 .text.Clear_Cache
                0x0800ed98       0x40 ./src/lcd.o
                0x0800ed98                Clear_Cache
 .text.CacheCursor
                0x0800edd8       0x64 ./src/lcd.o
                0x0800edd8                CacheCursor
 .text.Clear_Display
                0x0800ee3c       0x18 ./src/lcd.o
                0x0800ee3c                Clear_Display
 .text.WriteStringAt
                0x0800ee54       0x32 ./src/lcd.o
                0x0800ee54                WriteStringAt
 .text.CursorPositionToCode
                0x0800ee86       0x3c ./src/lcd.o
                0x0800ee86                CursorPositionToCode
 .text.Set_CursorPosition
                0x0800eec2       0x3a ./src/lcd.o
                0x0800eec2                Set_CursorPosition
 .text.DisplayNumberBase
                0x0800eefc      0x114 ./src/lcd.o
                0x0800eefc                DisplayNumberBase
 .text.DisplayNumber
                0x0800f010       0x3c ./src/lcd.o
                0x0800f010                DisplayNumber
 *fill*         0x0800f04c        0x4 
 .text.DisplayDecimalWithPlaces
                0x0800f050      0x2bc ./src/lcd.o
                0x0800f050                DisplayDecimalWithPlaces
 .text.DisplayDecimal
                0x0800f30c       0x42 ./src/lcd.o
                0x0800f30c                DisplayDecimal
 *fill*         0x0800f34e        0x2 
 .text.runTimeoutMessageCallback
                0x0800f350       0x2c ./src/lcd_ui.o
                0x0800f350                runTimeoutMessageCallback
 .text.showMessageForTime
                0x0800f37c       0x50 ./src/lcd_ui.o
                0x0800f37c                showMessageForTime
 .text.showErrorMessageCallback
                0x0800f3cc       0x1e ./src/lcd_ui.o
                0x0800f3cc                showErrorMessageCallback
 *fill*         0x0800f3ea        0x2 
 .text.showErrorMessage
                0x0800f3ec       0x24 ./src/lcd_ui.o
                0x0800f3ec                showErrorMessage
 .text.modeStartStop
                0x0800f410       0xb8 ./src/lcd_ui.o
                0x0800f410                modeStartStop
 .text.setDisplayMode
                0x0800f4c8       0x58 ./src/lcd_ui.o
                0x0800f4c8                setDisplayMode
 .text.displayTitleCallback
                0x0800f520       0x2c ./src/lcd_ui.o
                0x0800f520                displayTitleCallback
 .text.startTimer
                0x0800f54c        0xc ./src/lcd_ui.o
                0x0800f54c                startTimer
 .text.LCDstartUI
                0x0800f558       0x1c ./src/lcd_ui.o
                0x0800f558                LCDstartUI
 .text.max31856_init
                0x0800f574       0x46 ./src/max31856.o
                0x0800f574                max31856_init
 .text.max31856_set_conversion_mode
                0x0800f5ba       0x46 ./src/max31856.o
                0x0800f5ba                max31856_set_conversion_mode
 .text.max31856_set_noise_filter
                0x0800f600       0x46 ./src/max31856.o
                0x0800f600                max31856_set_noise_filter
 .text.max31856_set_cold_junction_enable
                0x0800f646       0x46 ./src/max31856.o
                0x0800f646                max31856_set_cold_junction_enable
 .text.max31856_set_thermocouple_type
                0x0800f68c       0x46 ./src/max31856.o
                0x0800f68c                max31856_set_thermocouple_type
 .text.max31856_set_average_samples
                0x0800f6d2       0x46 ./src/max31856.o
                0x0800f6d2                max31856_set_average_samples
 .text.max31856_read_TC_temp
                0x0800f718       0x7e ./src/max31856.o
                0x0800f718                max31856_read_TC_temp
 .text.max31856_set_open_circuit_fault_detection
                0x0800f796       0x46 ./src/max31856.o
                0x0800f796                max31856_set_open_circuit_fault_detection
 .text.max31856_write_register
                0x0800f7dc       0x5c ./src/max31856.o
                0x0800f7dc                max31856_write_register
 .text.max31856_read_register
                0x0800f838       0x54 ./src/max31856.o
                0x0800f838                max31856_read_register
 .text.max31856_read_nregisters
                0x0800f88c       0x5a ./src/max31856.o
                0x0800f88c                max31856_read_nregisters
 .text.max31856_setHighFaultTemp
                0x0800f8e6       0x48 ./src/max31856.o
                0x0800f8e6                max31856_setHighFaultTemp
 *fill*         0x0800f92e        0x2 
 .text.TIM1_8_Update
                0x0800f930      0x260 ./src/pwm.o
                0x0800f930                TIM1_8_Update
 .text.TIM1_8_Disable
                0x0800fb90       0x18 ./src/pwm.o
                0x0800fb90                TIM1_8_Disable
 .text.TIM1_8_Enable
                0x0800fba8       0x18 ./src/pwm.o
                0x0800fba8                TIM1_8_Enable
 .text.TIM1_8_start
                0x0800fbc0       0x5c ./src/pwm.o
                0x0800fbc0                TIM1_8_start
 .text.TIM1_8_stop
                0x0800fc1c       0x4c ./src/pwm.o
                0x0800fc1c                TIM1_8_stop
 .text.updateTIM1_8_PowerLevel
                0x0800fc68       0x98 ./src/pwm.o
                0x0800fc68                updateTIM1_8_PowerLevel
 .text.updateTIM1_8_PowerLevelWithStart
                0x0800fd00       0xc0 ./src/pwm.o
                0x0800fd00                updateTIM1_8_PowerLevelWithStart
 .text.sign     0x0800fdc0       0x2c ./src/rotary_encoder.o
                0x0800fdc0                sign
 *fill*         0x0800fdec        0x4 
 .text.onRotateTimeoutCallback
                0x0800fdf0      0x5a4 ./src/rotary_encoder.o
                0x0800fdf0                onRotateTimeoutCallback
 .text.runRotateTimeout
                0x08010394       0x50 ./src/rotary_encoder.o
                0x08010394                runRotateTimeout
 .text.onRotate
                0x080103e4       0x90 ./src/rotary_encoder.o
                0x080103e4                onRotate
 .text.onWrap   0x08010474       0x14 ./src/rotary_encoder.o
                0x08010474                onWrap
 .text.saveSD   0x08010488       0x18 ./src/run.o
                0x08010488                saveSD
 .text.setupTempAmp
                0x080104a0       0x46 ./src/run.o
                0x080104a0                setupTempAmp
 *fill*         0x080104e6        0x2 
 .text.run      0x080104e8       0xd8 ./src/run.o
                0x080104e8                run
 .text.saveControllerDataSD
                0x080105c0       0xd4 ./src/save.o
                0x080105c0                saveControllerDataSD
 .text.loadControllerDataSD
                0x08010694       0x9e ./src/save.o
                0x08010694                loadControllerDataSD
 *fill*         0x08010732        0x2 
 .text.appendControllerDataSD
                0x08010734       0xdc ./src/save.o
                0x08010734                appendControllerDataSD
 .text.showSetFrequencyMessageCallback
                0x08010810       0x48 ./src/uis/set_number.o
                0x08010810                showSetFrequencyMessageCallback
 .text.showSetMessageCallback
                0x08010858       0x58 ./src/uis/set_number.o
                0x08010858                showSetMessageCallback
 .text.checkCursorSet
                0x080108b0       0xb0 ./src/uis/set_number.o
                0x080108b0                checkCursorSet
 .text.setupSetPowerLevel
                0x08010960       0x9c ./src/uis/set_number.o
                0x08010960                setupSetPowerLevel
 .text.setupSetDesiredTemperature
                0x080109fc       0x9c ./src/uis/set_number.o
                0x080109fc                setupSetDesiredTemperature
 .text.setupSetFrequency
                0x08010a98       0x80 ./src/uis/set_number.o
                0x08010a98                setupSetFrequency
 .text.keyPressSetNumber
                0x08010b18      0x1dc ./src/uis/set_number.o
                0x08010b18                keyPressSetNumber
 .text.modeStartStopDesiredTemperature
                0x08010cf4       0x40 ./src/uis/set_number.o
                0x08010cf4                modeStartStopDesiredTemperature
 .text.modeStartStopPowerLevel
                0x08010d34       0x40 ./src/uis/set_number.o
                0x08010d34                modeStartStopPowerLevel
 .text.modeStartStopFrequency
                0x08010d74       0x40 ./src/uis/set_number.o
                0x08010d74                modeStartStopFrequency
 .text.Set_CursorPositionPID
                0x08010db4       0x40 ./src/uis/set_pid.o
                0x08010db4                Set_CursorPositionPID
 .text.checkCursorSetPID
                0x08010df4       0x38 ./src/uis/set_pid.o
                0x08010df4                checkCursorSetPID
 .text.setupSetPID
                0x08010e2c       0xc8 ./src/uis/set_pid.o
                0x08010e2c                setupSetPID
 .text.showSetPIDMessageCallback
                0x08010ef4       0xc0 ./src/uis/set_pid.o
                0x08010ef4                showSetPIDMessageCallback
 .text.keyPressSetPID
                0x08010fb4      0x1a0 ./src/uis/set_pid.o
                0x08010fb4                keyPressSetPID
 .text.modeStartStopPID
                0x08011154       0x40 ./src/uis/set_pid.o
                0x08011154                modeStartStopPID
 .text.checkCursorSetSettings
                0x08011194       0x30 ./src/uis/set_settings.o
                0x08011194                checkCursorSetSettings
 .text.showSetSettingsMessageCallback
                0x080111c4       0x50 ./src/uis/set_settings.o
                0x080111c4                showSetSettingsMessageCallback
 .text.keyPressSetSettings
                0x08011214      0x130 ./src/uis/set_settings.o
                0x08011214                keyPressSetSettings
 .text.setupSetSettings
                0x08011344       0x7c ./src/uis/set_settings.o
                0x08011344                setupSetSettings
 .text.modeStartStopSettings
                0x080113c0       0x40 ./src/uis/set_settings.o
                0x080113c0                modeStartStopSettings
 .text.keyPressSwitchModeCallback
                0x08011400       0x78 ./src/uis/system_vitals.o
                0x08011400                keyPressSwitchModeCallback
 .text.timerCallback
                0x08011478      0x128 ./src/uis/system_vitals.o
                0x08011478                timerCallback
 .text.readThermocouples
                0x080115a0       0xe8 ./src/uis/system_vitals.o
                0x080115a0                readThermocouples
 .text.modeStartStopSystemVitals
                0x08011688       0x44 ./src/uis/system_vitals.o
                0x08011688                modeStartStopSystemVitals
 .text.startTimerDef
                0x080116cc       0x38 ./src/uis/system_vitals.o
                0x080116cc                startTimerDef
 .text.malloc   0x08011704       0x10 C:/ST/STM32CubeIDE_1.19.0/STM32CubeIDE/plugins/com.st.stm32cube.ide.mcu.externaltools.gnu-tools-for-stm32.13.3.rel1.win32_1.0.0.202411081344/tools/bin/../lib/gcc/arm-none-eabi/13.3.1/../../../../arm-none-eabi/lib/thumb/v7e-m+fp/hard\libc_nano.a(libc_a-malloc.o)
                0x08011704                malloc
 .text.free     0x08011714       0x10 C:/ST/STM32CubeIDE_1.19.0/STM32CubeIDE/plugins/com.st.stm32cube.ide.mcu.externaltools.gnu-tools-for-stm32.13.3.rel1.win32_1.0.0.202411081344/tools/bin/../lib/gcc/arm-none-eabi/13.3.1/../../../../arm-none-eabi/lib/thumb/v7e-m+fp/hard\libc_nano.a(libc_a-malloc.o)
                0x08011714                free
 .text.sbrk_aligned
                0x08011724       0x44 C:/ST/STM32CubeIDE_1.19.0/STM32CubeIDE/plugins/com.st.stm32cube.ide.mcu.externaltools.gnu-tools-for-stm32.13.3.rel1.win32_1.0.0.202411081344/tools/bin/../lib/gcc/arm-none-eabi/13.3.1/../../../../arm-none-eabi/lib/thumb/v7e-m+fp/hard\libc_nano.a(libc_a-mallocr.o)
 .text._malloc_r
                0x08011768      0x100 C:/ST/STM32CubeIDE_1.19.0/STM32CubeIDE/plugins/com.st.stm32cube.ide.mcu.externaltools.gnu-tools-for-stm32.13.3.rel1.win32_1.0.0.202411081344/tools/bin/../lib/gcc/arm-none-eabi/13.3.1/../../../../arm-none-eabi/lib/thumb/v7e-m+fp/hard\libc_nano.a(libc_a-mallocr.o)
                0x08011768                _malloc_r
 .text.__malloc_lock
                0x08011868        0xc C:/ST/STM32CubeIDE_1.19.0/STM32CubeIDE/plugins/com.st.stm32cube.ide.mcu.externaltools.gnu-tools-for-stm32.13.3.rel1.win32_1.0.0.202411081344/tools/bin/../lib/gcc/arm-none-eabi/13.3.1/../../../../arm-none-eabi/lib/thumb/v7e-m+fp/hard\libc_nano.a(libc_a-mlock.o)
                0x08011868                __malloc_lock
 .text.__malloc_unlock
                0x08011874        0xc C:/ST/STM32CubeIDE_1.19.0/STM32CubeIDE/plugins/com.st.stm32cube.ide.mcu.externaltools.gnu-tools-for-stm32.13.3.rel1.win32_1.0.0.202411081344/tools/bin/../lib/gcc/arm-none-eabi/13.3.1/../../../../arm-none-eabi/lib/thumb/v7e-m+fp/hard\libc_nano.a(libc_a-mlock.o)
                0x08011874                __malloc_unlock
 .text.sulp     0x08011880       0x3c C:/ST/STM32CubeIDE_1.19.0/STM32CubeIDE/plugins/com.st.stm32cube.ide.mcu.externaltools.gnu-tools-for-stm32.13.3.rel1.win32_1.0.0.202411081344/tools/bin/../lib/gcc/arm-none-eabi/13.3.1/../../../../arm-none-eabi/lib/thumb/v7e-m+fp/hard\libc_nano.a(libc_a-strtod.o)
 *fill*         0x080118bc        0x4 
 .text._strtod_l
                0x080118c0      0xbc8 C:/ST/STM32CubeIDE_1.19.0/STM32CubeIDE/plugins/com.st.stm32cube.ide.mcu.externaltools.gnu-tools-for-stm32.13.3.rel1.win32_1.0.0.202411081344/tools/bin/../lib/gcc/arm-none-eabi/13.3.1/../../../../arm-none-eabi/lib/thumb/v7e-m+fp/hard\libc_nano.a(libc_a-strtod.o)
                0x080118c0                _strtod_l
 .text.strtof   0x08012488       0xc8 C:/ST/STM32CubeIDE_1.19.0/STM32CubeIDE/plugins/com.st.stm32cube.ide.mcu.externaltools.gnu-tools-for-stm32.13.3.rel1.win32_1.0.0.202411081344/tools/bin/../lib/gcc/arm-none-eabi/13.3.1/../../../../arm-none-eabi/lib/thumb/v7e-m+fp/hard\libc_nano.a(libc_a-strtod.o)
                0x08012488                strtof
 .text._strtoul_l.isra.0
                0x08012550       0xdc C:/ST/STM32CubeIDE_1.19.0/STM32CubeIDE/plugins/com.st.stm32cube.ide.mcu.externaltools.gnu-tools-for-stm32.13.3.rel1.win32_1.0.0.202411081344/tools/bin/../lib/gcc/arm-none-eabi/13.3.1/../../../../arm-none-eabi/lib/thumb/v7e-m+fp/hard\libc_nano.a(libc_a-strtoul.o)
 .text.strtoul  0x0801262c       0x14 C:/ST/STM32CubeIDE_1.19.0/STM32CubeIDE/plugins/com.st.stm32cube.ide.mcu.externaltools.gnu-tools-for-stm32.13.3.rel1.win32_1.0.0.202411081344/tools/bin/../lib/gcc/arm-none-eabi/13.3.1/../../../../arm-none-eabi/lib/thumb/v7e-m+fp/hard\libc_nano.a(libc_a-strtoul.o)
                0x0801262c                strtoul
 .text.std      0x08012640       0x6c C:/ST/STM32CubeIDE_1.19.0/STM32CubeIDE/plugins/com.st.stm32cube.ide.mcu.externaltools.gnu-tools-for-stm32.13.3.rel1.win32_1.0.0.202411081344/tools/bin/../lib/gcc/arm-none-eabi/13.3.1/../../../../arm-none-eabi/lib/thumb/v7e-m+fp/hard\libc_nano.a(libc_a-findfp.o)
 .text.stdio_exit_handler
                0x080126ac       0x18 C:/ST/STM32CubeIDE_1.19.0/STM32CubeIDE/plugins/com.st.stm32cube.ide.mcu.externaltools.gnu-tools-for-stm32.13.3.rel1.win32_1.0.0.202411081344/tools/bin/../lib/gcc/arm-none-eabi/13.3.1/../../../../arm-none-eabi/lib/thumb/v7e-m+fp/hard\libc_nano.a(libc_a-findfp.o)
 .text.cleanup_stdio
                0x080126c4       0x40 C:/ST/STM32CubeIDE_1.19.0/STM32CubeIDE/plugins/com.st.stm32cube.ide.mcu.externaltools.gnu-tools-for-stm32.13.3.rel1.win32_1.0.0.202411081344/tools/bin/../lib/gcc/arm-none-eabi/13.3.1/../../../../arm-none-eabi/lib/thumb/v7e-m+fp/hard\libc_nano.a(libc_a-findfp.o)
 .text.global_stdio_init.part.0
                0x08012704       0x3c C:/ST/STM32CubeIDE_1.19.0/STM32CubeIDE/plugins/com.st.stm32cube.ide.mcu.externaltools.gnu-tools-for-stm32.13.3.rel1.win32_1.0.0.202411081344/tools/bin/../lib/gcc/arm-none-eabi/13.3.1/../../../../arm-none-eabi/lib/thumb/v7e-m+fp/hard\libc_nano.a(libc_a-findfp.o)
 .text.__sfp_lock_acquire
                0x08012740        0xc C:/ST/STM32CubeIDE_1.19.0/STM32CubeIDE/plugins/com.st.stm32cube.ide.mcu.externaltools.gnu-tools-for-stm32.13.3.rel1.win32_1.0.0.202411081344/tools/bin/../lib/gcc/arm-none-eabi/13.3.1/../../../../arm-none-eabi/lib/thumb/v7e-m+fp/hard\libc_nano.a(libc_a-findfp.o)
                0x08012740                __sfp_lock_acquire
 .text.__sfp_lock_release
                0x0801274c        0xc C:/ST/STM32CubeIDE_1.19.0/STM32CubeIDE/plugins/com.st.stm32cube.ide.mcu.externaltools.gnu-tools-for-stm32.13.3.rel1.win32_1.0.0.202411081344/tools/bin/../lib/gcc/arm-none-eabi/13.3.1/../../../../arm-none-eabi/lib/thumb/v7e-m+fp/hard\libc_nano.a(libc_a-findfp.o)
                0x0801274c                __sfp_lock_release
 .text.__sinit  0x08012758       0x30 C:/ST/STM32CubeIDE_1.19.0/STM32CubeIDE/plugins/com.st.stm32cube.ide.mcu.externaltools.gnu-tools-for-stm32.13.3.rel1.win32_1.0.0.202411081344/tools/bin/../lib/gcc/arm-none-eabi/13.3.1/../../../../arm-none-eabi/lib/thumb/v7e-m+fp/hard\libc_nano.a(libc_a-findfp.o)
                0x08012758                __sinit
 .text._fwalk_sglue
                0x08012788       0x3c C:/ST/STM32CubeIDE_1.19.0/STM32CubeIDE/plugins/com.st.stm32cube.ide.mcu.externaltools.gnu-tools-for-stm32.13.3.rel1.win32_1.0.0.202411081344/tools/bin/../lib/gcc/arm-none-eabi/13.3.1/../../../../arm-none-eabi/lib/thumb/v7e-m+fp/hard\libc_nano.a(libc_a-fwalk.o)
                0x08012788                _fwalk_sglue
 .text.printf   0x080127c4       0x24 C:/ST/STM32CubeIDE_1.19.0/STM32CubeIDE/plugins/com.st.stm32cube.ide.mcu.externaltools.gnu-tools-for-stm32.13.3.rel1.win32_1.0.0.202411081344/tools/bin/../lib/gcc/arm-none-eabi/13.3.1/../../../../arm-none-eabi/lib/thumb/v7e-m+fp/hard\libc_nano.a(libc_a-printf.o)
                0x080127c4                iprintf
                0x080127c4                printf
 .text._puts_r  0x080127e8       0xaa C:/ST/STM32CubeIDE_1.19.0/STM32CubeIDE/plugins/com.st.stm32cube.ide.mcu.externaltools.gnu-tools-for-stm32.13.3.rel1.win32_1.0.0.202411081344/tools/bin/../lib/gcc/arm-none-eabi/13.3.1/../../../../arm-none-eabi/lib/thumb/v7e-m+fp/hard\libc_nano.a(libc_a-puts.o)
                0x080127e8                _puts_r
 *fill*         0x08012892        0x2 
 .text.puts     0x08012894       0x10 C:/ST/STM32CubeIDE_1.19.0/STM32CubeIDE/plugins/com.st.stm32cube.ide.mcu.externaltools.gnu-tools-for-stm32.13.3.rel1.win32_1.0.0.202411081344/tools/bin/../lib/gcc/arm-none-eabi/13.3.1/../../../../arm-none-eabi/lib/thumb/v7e-m+fp/hard\libc_nano.a(libc_a-puts.o)
                0x08012894                puts
 .text.sprintf  0x080128a4       0x44 C:/ST/STM32CubeIDE_1.19.0/STM32CubeIDE/plugins/com.st.stm32cube.ide.mcu.externaltools.gnu-tools-for-stm32.13.3.rel1.win32_1.0.0.202411081344/tools/bin/../lib/gcc/arm-none-eabi/13.3.1/../../../../arm-none-eabi/lib/thumb/v7e-m+fp/hard\libc_nano.a(libc_a-sprintf.o)
                0x080128a4                siprintf
                0x080128a4                sprintf
 .text.__sread  0x080128e8       0x22 C:/ST/STM32CubeIDE_1.19.0/STM32CubeIDE/plugins/com.st.stm32cube.ide.mcu.externaltools.gnu-tools-for-stm32.13.3.rel1.win32_1.0.0.202411081344/tools/bin/../lib/gcc/arm-none-eabi/13.3.1/../../../../arm-none-eabi/lib/thumb/v7e-m+fp/hard\libc_nano.a(libc_a-stdio.o)
                0x080128e8                __sread
 .text.__swrite
                0x0801290a       0x38 C:/ST/STM32CubeIDE_1.19.0/STM32CubeIDE/plugins/com.st.stm32cube.ide.mcu.externaltools.gnu-tools-for-stm32.13.3.rel1.win32_1.0.0.202411081344/tools/bin/../lib/gcc/arm-none-eabi/13.3.1/../../../../arm-none-eabi/lib/thumb/v7e-m+fp/hard\libc_nano.a(libc_a-stdio.o)
                0x0801290a                __swrite
 .text.__sseek  0x08012942       0x24 C:/ST/STM32CubeIDE_1.19.0/STM32CubeIDE/plugins/com.st.stm32cube.ide.mcu.externaltools.gnu-tools-for-stm32.13.3.rel1.win32_1.0.0.202411081344/tools/bin/../lib/gcc/arm-none-eabi/13.3.1/../../../../arm-none-eabi/lib/thumb/v7e-m+fp/hard\libc_nano.a(libc_a-stdio.o)
                0x08012942                __sseek
 .text.__sclose
                0x08012966        0x8 C:/ST/STM32CubeIDE_1.19.0/STM32CubeIDE/plugins/com.st.stm32cube.ide.mcu.externaltools.gnu-tools-for-stm32.13.3.rel1.win32_1.0.0.202411081344/tools/bin/../lib/gcc/arm-none-eabi/13.3.1/../../../../arm-none-eabi/lib/thumb/v7e-m+fp/hard\libc_nano.a(libc_a-stdio.o)
                0x08012966                __sclose
 .text.__swbuf_r
                0x0801296e       0x7c C:/ST/STM32CubeIDE_1.19.0/STM32CubeIDE/plugins/com.st.stm32cube.ide.mcu.externaltools.gnu-tools-for-stm32.13.3.rel1.win32_1.0.0.202411081344/tools/bin/../lib/gcc/arm-none-eabi/13.3.1/../../../../arm-none-eabi/lib/thumb/v7e-m+fp/hard\libc_nano.a(libc_a-wbuf.o)
                0x0801296e                __swbuf_r
 *fill*         0x080129ea        0x2 
 .text.__swsetup_r
                0x080129ec       0xac C:/ST/STM32CubeIDE_1.19.0/STM32CubeIDE/plugins/com.st.stm32cube.ide.mcu.externaltools.gnu-tools-for-stm32.13.3.rel1.win32_1.0.0.202411081344/tools/bin/../lib/gcc/arm-none-eabi/13.3.1/../../../../arm-none-eabi/lib/thumb/v7e-m+fp/hard\libc_nano.a(libc_a-wsetup.o)
                0x080129ec                __swsetup_r
 .text.memset   0x08012a98       0x10 C:/ST/STM32CubeIDE_1.19.0/STM32CubeIDE/plugins/com.st.stm32cube.ide.mcu.externaltools.gnu-tools-for-stm32.13.3.rel1.win32_1.0.0.202411081344/tools/bin/../lib/gcc/arm-none-eabi/13.3.1/../../../../arm-none-eabi/lib/thumb/v7e-m+fp/hard\libc_nano.a(libc_a-memset.o)
                0x08012a98                memset
 .text.strncmp  0x08012aa8       0x24 C:/ST/STM32CubeIDE_1.19.0/STM32CubeIDE/plugins/com.st.stm32cube.ide.mcu.externaltools.gnu-tools-for-stm32.13.3.rel1.win32_1.0.0.202411081344/tools/bin/../lib/gcc/arm-none-eabi/13.3.1/../../../../arm-none-eabi/lib/thumb/v7e-m+fp/hard\libc_nano.a(libc_a-strncmp.o)
                0x08012aa8                strncmp
 .text._close_r
                0x08012acc       0x20 C:/ST/STM32CubeIDE_1.19.0/STM32CubeIDE/plugins/com.st.stm32cube.ide.mcu.externaltools.gnu-tools-for-stm32.13.3.rel1.win32_1.0.0.202411081344/tools/bin/../lib/gcc/arm-none-eabi/13.3.1/../../../../arm-none-eabi/lib/thumb/v7e-m+fp/hard\libc_nano.a(libc_a-closer.o)
                0x08012acc                _close_r
 .text._lseek_r
                0x08012aec       0x24 C:/ST/STM32CubeIDE_1.19.0/STM32CubeIDE/plugins/com.st.stm32cube.ide.mcu.externaltools.gnu-tools-for-stm32.13.3.rel1.win32_1.0.0.202411081344/tools/bin/../lib/gcc/arm-none-eabi/13.3.1/../../../../arm-none-eabi/lib/thumb/v7e-m+fp/hard\libc_nano.a(libc_a-lseekr.o)
                0x08012aec                _lseek_r
 .text._read_r  0x08012b10       0x24 C:/ST/STM32CubeIDE_1.19.0/STM32CubeIDE/plugins/com.st.stm32cube.ide.mcu.externaltools.gnu-tools-for-stm32.13.3.rel1.win32_1.0.0.202411081344/tools/bin/../lib/gcc/arm-none-eabi/13.3.1/../../../../arm-none-eabi/lib/thumb/v7e-m+fp/hard\libc_nano.a(libc_a-readr.o)
                0x08012b10                _read_r
 .text._sbrk_r  0x08012b34       0x20 C:/ST/STM32CubeIDE_1.19.0/STM32CubeIDE/plugins/com.st.stm32cube.ide.mcu.externaltools.gnu-tools-for-stm32.13.3.rel1.win32_1.0.0.202411081344/tools/bin/../lib/gcc/arm-none-eabi/13.3.1/../../../../arm-none-eabi/lib/thumb/v7e-m+fp/hard\libc_nano.a(libc_a-sbrkr.o)
                0x08012b34                _sbrk_r
 .text._write_r
                0x08012b54       0x24 C:/ST/STM32CubeIDE_1.19.0/STM32CubeIDE/plugins/com.st.stm32cube.ide.mcu.externaltools.gnu-tools-for-stm32.13.3.rel1.win32_1.0.0.202411081344/tools/bin/../lib/gcc/arm-none-eabi/13.3.1/../../../../arm-none-eabi/lib/thumb/v7e-m+fp/hard\libc_nano.a(libc_a-writer.o)
                0x08012b54                _write_r
 .text.__errno  0x08012b78        0xc C:/ST/STM32CubeIDE_1.19.0/STM32CubeIDE/plugins/com.st.stm32cube.ide.mcu.externaltools.gnu-tools-for-stm32.13.3.rel1.win32_1.0.0.202411081344/tools/bin/../lib/gcc/arm-none-eabi/13.3.1/../../../../arm-none-eabi/lib/thumb/v7e-m+fp/hard\libc_nano.a(libc_a-errno.o)
                0x08012b78                __errno
 .text.__libc_init_array
                0x08012b84       0x48 C:/ST/STM32CubeIDE_1.19.0/STM32CubeIDE/plugins/com.st.stm32cube.ide.mcu.externaltools.gnu-tools-for-stm32.13.3.rel1.win32_1.0.0.202411081344/tools/bin/../lib/gcc/arm-none-eabi/13.3.1/../../../../arm-none-eabi/lib/thumb/v7e-m+fp/hard\libc_nano.a(libc_a-init.o)
                0x08012b84                __libc_init_array
 .text.__retarget_lock_init_recursive
                0x08012bcc        0x2 C:/ST/STM32CubeIDE_1.19.0/STM32CubeIDE/plugins/com.st.stm32cube.ide.mcu.externaltools.gnu-tools-for-stm32.13.3.rel1.win32_1.0.0.202411081344/tools/bin/../lib/gcc/arm-none-eabi/13.3.1/../../../../arm-none-eabi/lib/thumb/v7e-m+fp/hard\libc_nano.a(libc_a-lock.o)
                0x08012bcc                __retarget_lock_init_recursive
 .text.__retarget_lock_acquire_recursive
                0x08012bce        0x2 C:/ST/STM32CubeIDE_1.19.0/STM32CubeIDE/plugins/com.st.stm32cube.ide.mcu.externaltools.gnu-tools-for-stm32.13.3.rel1.win32_1.0.0.202411081344/tools/bin/../lib/gcc/arm-none-eabi/13.3.1/../../../../arm-none-eabi/lib/thumb/v7e-m+fp/hard\libc_nano.a(libc_a-lock.o)
                0x08012bce                __retarget_lock_acquire_recursive
 .text.__retarget_lock_release_recursive
                0x08012bd0        0x2 C:/ST/STM32CubeIDE_1.19.0/STM32CubeIDE/plugins/com.st.stm32cube.ide.mcu.externaltools.gnu-tools-for-stm32.13.3.rel1.win32_1.0.0.202411081344/tools/bin/../lib/gcc/arm-none-eabi/13.3.1/../../../../arm-none-eabi/lib/thumb/v7e-m+fp/hard\libc_nano.a(libc_a-lock.o)
                0x08012bd0                __retarget_lock_release_recursive
 .text.memcpy   0x08012bd2       0x1c C:/ST/STM32CubeIDE_1.19.0/STM32CubeIDE/plugins/com.st.stm32cube.ide.mcu.externaltools.gnu-tools-for-stm32.13.3.rel1.win32_1.0.0.202411081344/tools/bin/../lib/gcc/arm-none-eabi/13.3.1/../../../../arm-none-eabi/lib/thumb/v7e-m+fp/hard\libc_nano.a(libc_a-memcpy-stub.o)
                0x08012bd2                memcpy
 *fill*         0x08012bee        0x2 
 .text.nan      0x08012bf0       0x10 C:/ST/STM32CubeIDE_1.19.0/STM32CubeIDE/plugins/com.st.stm32cube.ide.mcu.externaltools.gnu-tools-for-stm32.13.3.rel1.win32_1.0.0.202411081344/tools/bin/../lib/gcc/arm-none-eabi/13.3.1/../../../../arm-none-eabi/lib/thumb/v7e-m+fp/hard\libc_nano.a(libm_a-s_nan.o)
                0x08012bf0                nan
 .text.nanf     0x08012c00        0xc C:/ST/STM32CubeIDE_1.19.0/STM32CubeIDE/plugins/com.st.stm32cube.ide.mcu.externaltools.gnu-tools-for-stm32.13.3.rel1.win32_1.0.0.202411081344/tools/bin/../lib/gcc/arm-none-eabi/13.3.1/../../../../arm-none-eabi/lib/thumb/v7e-m+fp/hard\libc_nano.a(libm_a-sf_nan.o)
                0x08012c00                nanf
 .text.__assert_func
                0x08012c0c       0x3c C:/ST/STM32CubeIDE_1.19.0/STM32CubeIDE/plugins/com.st.stm32cube.ide.mcu.externaltools.gnu-tools-for-stm32.13.3.rel1.win32_1.0.0.202411081344/tools/bin/../lib/gcc/arm-none-eabi/13.3.1/../../../../arm-none-eabi/lib/thumb/v7e-m+fp/hard\libc_nano.a(libc_a-assert.o)
                0x08012c0c                __assert_func
 .text._free_r  0x08012c48       0x94 C:/ST/STM32CubeIDE_1.19.0/STM32CubeIDE/plugins/com.st.stm32cube.ide.mcu.externaltools.gnu-tools-for-stm32.13.3.rel1.win32_1.0.0.202411081344/tools/bin/../lib/gcc/arm-none-eabi/13.3.1/../../../../arm-none-eabi/lib/thumb/v7e-m+fp/hard\libc_nano.a(libc_a-freer.o)
                0x08012c48                _free_r
 .text.rshift   0x08012cdc       0xa4 C:/ST/STM32CubeIDE_1.19.0/STM32CubeIDE/plugins/com.st.stm32cube.ide.mcu.externaltools.gnu-tools-for-stm32.13.3.rel1.win32_1.0.0.202411081344/tools/bin/../lib/gcc/arm-none-eabi/13.3.1/../../../../arm-none-eabi/lib/thumb/v7e-m+fp/hard\libc_nano.a(libc_a-gdtoa-gethex.o)
 .text.__hexdig_fun
                0x08012d80       0x2a C:/ST/STM32CubeIDE_1.19.0/STM32CubeIDE/plugins/com.st.stm32cube.ide.mcu.externaltools.gnu-tools-for-stm32.13.3.rel1.win32_1.0.0.202411081344/tools/bin/../lib/gcc/arm-none-eabi/13.3.1/../../../../arm-none-eabi/lib/thumb/v7e-m+fp/hard\libc_nano.a(libc_a-gdtoa-gethex.o)
                0x08012d80                __hexdig_fun
 *fill*         0x08012daa        0x2 
 .text.__gethex
                0x08012dac      0x420 C:/ST/STM32CubeIDE_1.19.0/STM32CubeIDE/plugins/com.st.stm32cube.ide.mcu.externaltools.gnu-tools-for-stm32.13.3.rel1.win32_1.0.0.202411081344/tools/bin/../lib/gcc/arm-none-eabi/13.3.1/../../../../arm-none-eabi/lib/thumb/v7e-m+fp/hard\libc_nano.a(libc_a-gdtoa-gethex.o)
                0x08012dac                __gethex
 .text.L_shift  0x080131cc       0x24 C:/ST/STM32CubeIDE_1.19.0/STM32CubeIDE/plugins/com.st.stm32cube.ide.mcu.externaltools.gnu-tools-for-stm32.13.3.rel1.win32_1.0.0.202411081344/tools/bin/../lib/gcc/arm-none-eabi/13.3.1/../../../../arm-none-eabi/lib/thumb/v7e-m+fp/hard\libc_nano.a(libc_a-gdtoa-hexnan.o)
 .text.__match  0x080131f0       0x28 C:/ST/STM32CubeIDE_1.19.0/STM32CubeIDE/plugins/com.st.stm32cube.ide.mcu.externaltools.gnu-tools-for-stm32.13.3.rel1.win32_1.0.0.202411081344/tools/bin/../lib/gcc/arm-none-eabi/13.3.1/../../../../arm-none-eabi/lib/thumb/v7e-m+fp/hard\libc_nano.a(libc_a-gdtoa-hexnan.o)
                0x080131f0                __match
 .text.__hexnan
                0x08013218      0x136 C:/ST/STM32CubeIDE_1.19.0/STM32CubeIDE/plugins/com.st.stm32cube.ide.mcu.externaltools.gnu-tools-for-stm32.13.3.rel1.win32_1.0.0.202411081344/tools/bin/../lib/gcc/arm-none-eabi/13.3.1/../../../../arm-none-eabi/lib/thumb/v7e-m+fp/hard\libc_nano.a(libc_a-gdtoa-hexnan.o)
                0x08013218                __hexnan
 .text.__ascii_mbtowc
                0x0801334e       0x24 C:/ST/STM32CubeIDE_1.19.0/STM32CubeIDE/plugins/com.st.stm32cube.ide.mcu.externaltools.gnu-tools-for-stm32.13.3.rel1.win32_1.0.0.202411081344/tools/bin/../lib/gcc/arm-none-eabi/13.3.1/../../../../arm-none-eabi/lib/thumb/v7e-m+fp/hard\libc_nano.a(libc_a-mbtowc_r.o)
                0x0801334e                __ascii_mbtowc
 *fill*         0x08013372        0x2 
 .text._Balloc  0x08013374       0x80 C:/ST/STM32CubeIDE_1.19.0/STM32CubeIDE/plugins/com.st.stm32cube.ide.mcu.externaltools.gnu-tools-for-stm32.13.3.rel1.win32_1.0.0.202411081344/tools/bin/../lib/gcc/arm-none-eabi/13.3.1/../../../../arm-none-eabi/lib/thumb/v7e-m+fp/hard\libc_nano.a(libc_a-mprec.o)
                0x08013374                _Balloc
 .text._Bfree   0x080133f4       0x44 C:/ST/STM32CubeIDE_1.19.0/STM32CubeIDE/plugins/com.st.stm32cube.ide.mcu.externaltools.gnu-tools-for-stm32.13.3.rel1.win32_1.0.0.202411081344/tools/bin/../lib/gcc/arm-none-eabi/13.3.1/../../../../arm-none-eabi/lib/thumb/v7e-m+fp/hard\libc_nano.a(libc_a-mprec.o)
                0x080133f4                _Bfree
 .text.__multadd
                0x08013438       0x8c C:/ST/STM32CubeIDE_1.19.0/STM32CubeIDE/plugins/com.st.stm32cube.ide.mcu.externaltools.gnu-tools-for-stm32.13.3.rel1.win32_1.0.0.202411081344/tools/bin/../lib/gcc/arm-none-eabi/13.3.1/../../../../arm-none-eabi/lib/thumb/v7e-m+fp/hard\libc_nano.a(libc_a-mprec.o)
                0x08013438                __multadd
 .text.__s2b    0x080134c4       0x94 C:/ST/STM32CubeIDE_1.19.0/STM32CubeIDE/plugins/com.st.stm32cube.ide.mcu.externaltools.gnu-tools-for-stm32.13.3.rel1.win32_1.0.0.202411081344/tools/bin/../lib/gcc/arm-none-eabi/13.3.1/../../../../arm-none-eabi/lib/thumb/v7e-m+fp/hard\libc_nano.a(libc_a-mprec.o)
                0x080134c4                __s2b
 .text.__hi0bits
                0x08013558       0x3e C:/ST/STM32CubeIDE_1.19.0/STM32CubeIDE/plugins/com.st.stm32cube.ide.mcu.externaltools.gnu-tools-for-stm32.13.3.rel1.win32_1.0.0.202411081344/tools/bin/../lib/gcc/arm-none-eabi/13.3.1/../../../../arm-none-eabi/lib/thumb/v7e-m+fp/hard\libc_nano.a(libc_a-mprec.o)
                0x08013558                __hi0bits
 .text.__lo0bits
                0x08013596       0x5a C:/ST/STM32CubeIDE_1.19.0/STM32CubeIDE/plugins/com.st.stm32cube.ide.mcu.externaltools.gnu-tools-for-stm32.13.3.rel1.win32_1.0.0.202411081344/tools/bin/../lib/gcc/arm-none-eabi/13.3.1/../../../../arm-none-eabi/lib/thumb/v7e-m+fp/hard\libc_nano.a(libc_a-mprec.o)