../src/lcd.c:20:5:LenStr	24	static
../src/lcd.c:61:10:QueueNextIndex	16	static
../src/lcd.c:68:6:LCD_TIM_2_Callback	24	static
../src/lcd.c:113:10:OveriteCurrentByte	24	static
../src/lcd.c:119:6:forceWriteByte	16	static
../src/lcd.c:125:6:LCD_WriteNibbleDirect	16	static
../src/lcd.c:163:9:LCD_WriteByteDirect	24	static
../src/lcd.c:238:19:queue_length	4	static
../src/lcd.c:245:19:queue_left	8	static
../src/lcd.c:249:19:queue_empty	4	static
../src/lcd.c:254:19:queue_full	8	static
../src/lcd.c:258:19:queue_full_or_emptying	8	static
../src/lcd.c:263:9:queueByte	16	static,ignoring_inline_asm
../src/lcd.c:279:9:LCD_WriteData	16	static,ignoring_inline_asm
../src/lcd.c:285:9:LCD_WriteCommand	16	static,ignoring_inline_asm
../src/lcd.c:292:9:Write_String_LCD	32	static,ignoring_inline_asm
../src/lcd.c:312:6:lcd_init	8	static,ignoring_inline_asm
../src/lcd.c:343:6:Shift_Cursor_LCD	16	static,ignoring_inline_asm
../src/lcd.c:350:6:CacheChar	24	static
../src/lcd.c:358:6:Clear_Cache	16	static
../src/lcd.c:367:6:CacheCursor	24	static
../src/lcd.c:376:6:Clear_Display	8	static,ignoring_inline_asm
../src/lcd.c:383:7:Get_String_LCD	24	static
../src/lcd.c:404:6:Set_LCD	16	static,ignoring_inline_asm
../src/lcd.c:412:6:WriteStringAt	16	static,ignoring_inline_asm
../src/lcd.c:419:9:CursorPositionToCode	24	static,ignoring_inline_asm
../src/lcd.c:427:6:Set_CursorPosition	24	static,ignoring_inline_asm
../src/lcd.c:435:6:Write_String_Sector_LCD	16	static,ignoring_inline_asm
../src/lcd.c:446:6:DisplayNumber	32	static,ignoring_inline_asm
../src/lcd.c:468:6:DisplayDecimal	72	static,ignoring_inline_asm
