../src/lcd.c:18:5:strlen	24	static
../src/lcd.c:59:10:QueueNextIndex	16	static
../src/lcd.c:66:6:LCD_TIM_2_Callback	24	static
../src/lcd.c:111:10:OveriteCurrentByte	24	static
../src/lcd.c:117:6:forceWriteByte	16	static
../src/lcd.c:123:6:LCD_WriteNibbleDirect	16	static
../src/lcd.c:161:9:LCD_WriteByteDirect	24	static
../src/lcd.c:236:19:queue_length	4	static
../src/lcd.c:243:19:queue_left	8	static
../src/lcd.c:247:19:queue_empty	4	static
../src/lcd.c:252:19:queue_full	8	static
../src/lcd.c:256:19:queue_full_or_emptying	8	static
../src/lcd.c:261:9:queueByte	16	static,ignoring_inline_asm
../src/lcd.c:276:9:LCD_WriteData	16	static
../src/lcd.c:280:9:LCD_WriteCommand	16	static
../src/lcd.c:285:9:Write_String_LCD	32	static
../src/lcd.c:298:6:lcd_init	8	static
../src/lcd.c:325:6:Shift_Cursor_LCD	16	static
../src/lcd.c:330:6:CacheChar	24	static
../src/lcd.c:338:6:Clear_Cache	16	static
../src/lcd.c:347:6:CacheCursor	24	static
../src/lcd.c:356:6:Clear_Display	8	static
../src/lcd.c:361:7:Get_String_LCD	24	static
../src/lcd.c:382:6:Set_LCD	16	static
../src/lcd.c:387:9:CursorPositionToCode	24	static
../src/lcd.c:394:6:Set_CursorPosition	24	static
../src/lcd.c:401:6:Write_String_Sector_LCD	16	static
../src/lcd.c:410:6:DisplayNumber	32	static,ignoring_inline_asm
