../Drivers/CMSIS/Include/core_cm4.h:2059:26:ITM_SendChar	16	static,ignoring_inline_asm
../src/lcd.c:18:5:_write	32	static
../src/lcd.c:29:5:LenStr	24	static
../src/lcd.c:70:10:QueueNextIndex	16	static
../src/lcd.c:77:6:LCD_TIM_2_Callback	24	static
../src/lcd.c:122:10:OveriteCurrentByte	24	static
../src/lcd.c:128:6:forceWriteByte	16	static
../src/lcd.c:134:6:LCD_WriteNibbleDirect	16	static
../src/lcd.c:172:9:LCD_WriteByteDirect	24	static
../src/lcd.c:247:19:queue_length	4	static
../src/lcd.c:254:19:queue_left	8	static
../src/lcd.c:258:19:queue_empty	4	static
../src/lcd.c:263:19:queue_full	8	static
../src/lcd.c:267:19:queue_full_or_emptying	8	static
../src/lcd.c:272:9:queueByte	16	static,ignoring_inline_asm
../src/lcd.c:288:9:LCD_WriteData	16	static,ignoring_inline_asm
../src/lcd.c:294:9:LCD_WriteCommand	16	static,ignoring_inline_asm
../src/lcd.c:301:9:Write_String_LCD	32	static,ignoring_inline_asm
../src/lcd.c:321:6:lcd_init	8	static,ignoring_inline_asm
../src/lcd.c:350:6:Shift_Cursor_LCD	16	static,ignoring_inline_asm
../src/lcd.c:357:6:CacheChar	24	static
../src/lcd.c:365:6:Clear_Cache	16	static
../src/lcd.c:374:6:CacheCursor	24	static
../src/lcd.c:383:6:Clear_Display	8	static,ignoring_inline_asm
../src/lcd.c:390:7:Get_String_LCD	24	static
../src/lcd.c:411:6:Set_LCD	16	static,ignoring_inline_asm
../src/lcd.c:419:6:WriteStringAt	16	static,ignoring_inline_asm
../src/lcd.c:426:9:CursorPositionToCode	24	static,ignoring_inline_asm
../src/lcd.c:434:6:Set_CursorPosition	24	static,ignoring_inline_asm
../src/lcd.c:442:6:Write_String_Sector_LCD	16	static,ignoring_inline_asm
../src/lcd.c:453:6:DisplayNumber	32	static,ignoring_inline_asm
../src/lcd.c:475:6:DisplayDecimal	72	static,ignoring_inline_asm
