../Drivers/CMSIS/Include/core_cm4.h:1698:26:__NVIC_GetEnableIRQ	16	static
../src/lcd.c:17:5:strlen	24	static
../src/lcd.c:58:10:QueueNextIndex	16	static
../src/lcd.c:65:6:unsubscribeQueueManager	8	static
../src/lcd.c:71:6:subscribeQueueManager	8	static
../src/lcd.c:77:6:LCD_TIM_2_Callback	16	static
../src/lcd.c:123:10:OveriteCurrentByte	24	static
../src/lcd.c:129:6:forceWriteByte	16	static
../src/lcd.c:135:6:LCD_WriteNibbleDirect	16	static
../src/lcd.c:173:9:LCD_WriteByteDirect	24	static
../src/lcd.c:248:19:queue_length	4	static
../src/lcd.c:255:19:queue_left	8	static
../src/lcd.c:259:19:queue_empty	4	static
../src/lcd.c:264:19:queue_full	8	static
../src/lcd.c:268:19:queue_full_or_emptying	8	static
../src/lcd.c:273:9:queueByte	16	static
../src/lcd.c:290:9:LCD_WriteData	16	static
../src/lcd.c:294:9:LCD_WriteCommand	16	static
../src/lcd.c:299:9:Write_String_LCD	32	static
../src/lcd.c:312:6:lcd_init	8	static
../src/lcd.c:339:6:Shift_Cursor_LCD	16	static
../src/lcd.c:344:6:CacheChar	24	static
../src/lcd.c:352:6:Clear_Cache	16	static
../src/lcd.c:361:6:CacheCursor	24	static
../src/lcd.c:370:6:Clear_Display	8	static
../src/lcd.c:375:7:Get_String_LCD	24	static
../src/lcd.c:396:6:Set_LCD	16	static
../src/lcd.c:401:9:CursorPositionToCode	24	static
../src/lcd.c:408:6:Set_CursorPosition	24	static
../src/lcd.c:415:6:Write_String_Sector_LCD	16	static
../src/lcd.c:424:6:DisplayNumber	32	static
